Archive member included to satisfy reference by file (symbol)

C:\Project\CH573F\11-CH573F-BLE-UART-USB\StdPeriphDriver\libISP573.a(ISP573.o)
                              ./StdPeriphDriver/CH57x_pwr.o (FLASH_EEPROM_CMD)
C:\Project\CH573F\11-CH573F-BLE-UART-USB\LIB\libCH57xBLE.a(message.o)
                              ./HAL/MCU.o (tmos_msg_deallocate)
C:\Project\CH573F\11-CH573F-BLE-UART-USB\LIB\libCH57xBLE.a(tmos.o)
                              ./APP/ble_task/ble_task.o (tmos_memcpy)
C:\Project\CH573F\11-CH573F-BLE-UART-USB\LIB\libCH57xBLE.a(tmos_hw.o)
                              C:\Project\CH573F\11-CH573F-BLE-UART-USB\LIB\libCH57xBLE.a(tmos.o) (RTC_Get32KClock)
C:\Project\CH573F\11-CH573F-BLE-UART-USB\LIB\libCH57xBLE.a(tmos_snv.o)
                              C:\Project\CH573F\11-CH573F-BLE-UART-USB\LIB\libCH57xBLE.a(tmos.o) (tmos_snv_init)
C:\Project\CH573F\11-CH573F-BLE-UART-USB\LIB\libCH57xBLE.a(att.o)
                              ./APP/ble_task/ble_task.o (ATT_GetMTU)
C:\Project\CH573F\11-CH573F-BLE-UART-USB\LIB\libCH57xBLE.a(att_client.o)
                              C:\Project\CH573F\11-CH573F-BLE-UART-USB\LIB\libCH57xBLE.a(att.o) (ATT_HandleValueConfirmation)
C:\Project\CH573F\11-CH573F-BLE-UART-USB\LIB\libCH57xBLE.a(gap.o)
                              ./APP/ble_task/ble_task.o (GAP_SetParamValue)
C:\Project\CH573F\11-CH573F-BLE-UART-USB\LIB\libCH57xBLE.a(gap_central.o)
                              C:\Project\CH573F\11-CH573F-BLE-UART-USB\LIB\libCH57xBLE.a(gap.o) (GAP_CentralParamInit)
C:\Project\CH573F\11-CH573F-BLE-UART-USB\LIB\libCH57xBLE.a(gap_peripheral.o)
                              C:\Project\CH573F\11-CH573F-BLE-UART-USB\LIB\libCH57xBLE.a(gap.o) (GAP_PeripheralParamInit)
C:\Project\CH573F\11-CH573F-BLE-UART-USB\LIB\libCH57xBLE.a(gapgattserver.o)
                              ./APP/ble_task/ble_task.o (GGS_SetParameter)
C:\Project\CH573F\11-CH573F-BLE-UART-USB\LIB\libCH57xBLE.a(gatt.o)
                              ./APP/ble_task/ble_task.o (GATT_bm_alloc)
C:\Project\CH573F\11-CH573F-BLE-UART-USB\LIB\libCH57xBLE.a(gatt_uuid.o)
                              C:\Project\CH573F\11-CH573F-BLE-UART-USB\LIB\libCH57xBLE.a(gatt.o) (serviceChangedUUID)
C:\Project\CH573F\11-CH573F-BLE-UART-USB\LIB\libCH57xBLE.a(gattclientapp.o)
                              C:\Project\CH573F\11-CH573F-BLE-UART-USB\LIB\libCH57xBLE.a(gatt.o) (gattGetClientStatus)
C:\Project\CH573F\11-CH573F-BLE-UART-USB\LIB\libCH57xBLE.a(gattservapp.o)
                              ./APP/ble_task/ble_task.o (GATTServApp_ReadCharCfg)
C:\Project\CH573F\11-CH573F-BLE-UART-USB\LIB\libCH57xBLE.a(l2cap.o)
                              C:\Project\CH573F\11-CH573F-BLE-UART-USB\LIB\libCH57xBLE.a(att.o) (L2CAP_GetMTU)
C:\Project\CH573F\11-CH573F-BLE-UART-USB\LIB\libCH57xBLE.a(l2cap_input.o)
                              C:\Project\CH573F\11-CH573F-BLE-UART-USB\LIB\libCH57xBLE.a(l2cap.o) (l2capProcessRxData)
C:\Project\CH573F\11-CH573F-BLE-UART-USB\LIB\libCH57xBLE.a(l2cap_output.o)
                              C:\Project\CH573F\11-CH573F-BLE-UART-USB\LIB\libCH57xBLE.a(l2cap_input.o) (l2capNotifyData)
C:\Project\CH573F\11-CH573F-BLE-UART-USB\LIB\libCH57xBLE.a(l2cap_sdu.o)
                              C:\Project\CH573F\11-CH573F-BLE-UART-USB\LIB\libCH57xBLE.a(l2cap_input.o) (l2capBuildDisconnectRsp)
C:\Project\CH573F\11-CH573F-BLE-UART-USB\LIB\libCH57xBLE.a(linkdb.o)
                              C:\Project\CH573F\11-CH573F-BLE-UART-USB\LIB\libCH57xBLE.a(l2cap.o) (linkDB_Init)
C:\Project\CH573F\11-CH573F-BLE-UART-USB\LIB\libCH57xBLE.a(sm.o)
                              C:\Project\CH573F\11-CH573F-BLE-UART-USB\LIB\libCH57xBLE.a(gap.o) (smStartEncryption)
C:\Project\CH573F\11-CH573F-BLE-UART-USB\LIB\libCH57xBLE.a(host_input.o)
                              C:\Project\CH573F\11-CH573F-BLE-UART-USB\LIB\libCH57xBLE.a(gap.o) (gBleHostPara)
C:\Project\CH573F\11-CH573F-BLE-UART-USB\LIB\libCH57xBLE.a(host_output.o)
                              C:\Project\CH573F\11-CH573F-BLE-UART-USB\LIB\libCH57xBLE.a(gap.o) (HCI_DisconnectCmd)
C:\Project\CH573F\11-CH573F-BLE-UART-USB\LIB\libCH57xBLE.a(ll_connect.o)
                              C:\Project\CH573F\11-CH573F-BLE-UART-USB\LIB\libCH57xBLE.a(tmos.o) (LL_GetNextConnectEventTime)
C:\Project\CH573F\11-CH573F-BLE-UART-USB\LIB\libCH57xBLE.a(ll_core.o)
                              C:\Project\CH573F\11-CH573F-BLE-UART-USB\LIB\libCH57xBLE.a(ll_connect.o) (LL_CoreGetCore)
C:\Project\CH573F\11-CH573F-BLE-UART-USB\LIB\libCH57xBLE.a(ll_hop.o)
                              C:\Project\CH573F\11-CH573F-BLE-UART-USB\LIB\libCH57xBLE.a(ll_connect.o) (LL_HopGetChannel)
C:\Project\CH573F\11-CH573F-BLE-UART-USB\LIB\libCH57xBLE.a(ll_master.o)
                              C:\Project\CH573F\11-CH573F-BLE-UART-USB\LIB\libCH57xBLE.a(ll_connect.o) (ll_master_process)
C:\Project\CH573F\11-CH573F-BLE-UART-USB\LIB\libCH57xBLE.a(ll_pdu.o)
[...]
Memory Configuration

Name             Origin             Length             Attributes
FLASH            0x0000000000000000 0x0000000000070000 xr
RAM              0x0000000020003800 0x0000000000004800 xrw
*default*        0x0000000000000000 0xffffffffffffffff

Linker script and memory map

LOAD ./StdPeriphDriver/CH57x_adc.o
LOAD ./StdPeriphDriver/CH57x_clk.o
LOAD ./StdPeriphDriver/CH57x_flash.o
LOAD ./StdPeriphDriver/CH57x_gpio.o
LOAD ./StdPeriphDriver/CH57x_pwm.o
LOAD ./StdPeriphDriver/CH57x_pwr.o
LOAD ./StdPeriphDriver/CH57x_spi0.o
LOAD ./StdPeriphDriver/CH57x_sys.o
LOAD ./StdPeriphDriver/CH57x_timer0.o
LOAD ./StdPeriphDriver/CH57x_timer1.o
LOAD ./StdPeriphDriver/CH57x_timer2.o
LOAD ./StdPeriphDriver/CH57x_timer3.o
LOAD ./StdPeriphDriver/CH57x_uart0.o
LOAD ./StdPeriphDriver/CH57x_uart1.o
LOAD ./StdPeriphDriver/CH57x_uart2.o
LOAD ./StdPeriphDriver/CH57x_uart3.o
LOAD ./StdPeriphDriver/CH57x_usbdev.o
LOAD ./StdPeriphDriver/CH57x_usbhostBase.o
LOAD ./StdPeriphDriver/CH57x_usbhostClass.o
LOAD ./Startup/startup_CH573.o
LOAD ./RVMSIS/core_riscv.o
LOAD ./HAL/MCU.o
LOAD ./HAL/RTC.o
LOAD ./HAL/SLEEP.o
LOAD ./APP/usb_task/usb_task.o
LOAD ./APP/uart_task/uart_task.o
LOAD ./APP/boardbase/boardbase.o
LOAD ./APP/ble_task/ble_task.o
LOAD ./APP/app_drv_fifo/app_drv_fifo.o
LOAD ./APP/Storage/Storage.o
LOAD ./APP/Main/main.o
LOAD ./APP/Blinker/blinker.o
LOAD ./APP/Blinker/jsmn.o
LOAD ./APP/Application/Application.o
LOAD C:\Project\CH573F\11-CH573F-BLE-UART-USB\StdPeriphDriver\libISP573.a
LOAD C:\Project\CH573F\11-CH573F-BLE-UART-USB\LIB\libCH57xBLE.a
LOAD c:/software/mounriver/mounriver_studio/toolchain/risc-v embedded gcc/bin/../lib/gcc/riscv-none-embed/8.2.0/rv32imac/ilp32\libgcc.a
LOAD c:/software/mounriver/mounriver_studio/toolchain/risc-v embedded gcc/bin/../lib/gcc/riscv-none-embed/8.2.0/../../../../riscv-none-embed/lib/rv32imac/ilp32\libg_nano.a
LOAD c:/software/mounriver/mounriver_studio/toolchain/risc-v embedded gcc/bin/../lib/gcc/riscv-none-embed/8.2.0/../../../../riscv-none-embed/lib/rv32imac/ilp32\libc_nano.a
LOAD c:/software/mounriver/mounriver_studio/toolchain/risc-v embedded gcc/bin/../lib/gcc/riscv-none-embed/8.2.0/rv32imac/ilp32\libgcc.a
START GROUP
LOAD c:/software/mounriver/mounriver_studio/toolchain/risc-v embedded gcc/bin/../lib/gcc/riscv-none-embed/8.2.0/rv32imac/ilp32\libgcc.a
LOAD c:/software/mounriver/mounriver_studio/toolchain/risc-v embedded gcc/bin/../lib/gcc/riscv-none-embed/8.2.0/../../../../riscv-none-embed/lib/rv32imac/ilp32\libc_nano.a
LOAD c:/software/mounriver/mounriver_studio/toolchain/risc-v embedded gcc/bin/../lib/gcc/riscv-none-embed/8.2.0/../../../../riscv-none-embed/lib/rv32imac/ilp32\libnosys.a
END GROUP
START GROUP
LOAD c:/software/mounriver/mounriver_studio/toolchain/risc-v embedded gcc/bin/../lib/gcc/riscv-none-embed/8.2.0/rv32imac/ilp32\libgcc.a
LOAD c:/software/mounriver/mounriver_studio/toolchain/risc-v embedded gcc/bin/../lib/gcc/riscv-none-embed/8.2.0/../../../../riscv-none-embed/lib/rv32imac/ilp32\libc_nano.a
LOAD c:/software/mounriver/mounriver_studio/toolchain/risc-v embedded gcc/bin/../lib/gcc/riscv-none-embed/8.2.0/../../../../riscv-none-embed/lib/rv32imac/ilp32\libnosys.a
END GROUP

.init           0x0000000000000000        0x4
                0x0000000000000000                _sinit = .
                0x0000000000000000                . = ALIGN (0x4)
 *(SORT_NONE(.init))
 .init          0x0000000000000000        0x4 ./Startup/startup_CH573.o
                0x0000000000000000                _start
                0x0000000000000004                . = ALIGN (0x4)
                0x0000000000000004                _einit = .

.highcodelalign
                0x0000000000000004        0x0
                0x0000000000000004                . = ALIGN (0x4)
                0x0000000000000004                PROVIDE (_highcode_lma = .)

.highcode       0x0000000020003800     0x1dd4 load address 0x0000000000000004
                0x0000000020003800                . = ALIGN (0x4)
                0x0000000020003800                PROVIDE (_highcode_vma_start = .)
 *(.vector)
 .vector        0x0000000020003800       0x90 ./Startup/startup_CH573.o
 *(SORT_NONE(.vector_handler))
 .vector_handler
                0x0000000020003890       0x2c ./Startup/startup_CH573.o
                0x0000000020003890                NMI_Handler
                0x0000000020003894                SysTick_Handler
                0x0000000020003896                SW_Handler
                0x0000000020003898                TMR0_IRQHandler
                0x000000002000389a                GPIOA_IRQHandler
                0x000000002000389c                GPIOB_IRQHandler
                0x000000002000389e                SPI0_IRQHandler
                0x00000000200038a0                BB_IRQHandler
                0x00000000200038a2                LLE_IRQHandler
                0x00000000200038a6                TMR1_IRQHandler
                0x00000000200038a8                TMR2_IRQHandler
                0x00000000200038ac                UART1_IRQHandler
                0x00000000200038b0                ADC_IRQHandler
                0x00000000200038b2                PWMX_IRQHandler
                0x00000000200038b6                UART2_IRQHandler
                0x00000000200038b8                UART3_IRQHandler
                0x00000000200038ba                WDOG_BAT_IRQHandler
 *(.highcode)
 .highcode      0x00000000200038bc       0x4a ./StdPeriphDriver/CH57x_clk.o
                0x00000000200038bc                Get_Calibration_Cnt_RAM
 .highcode      0x0000000020003906      0x1ac ./StdPeriphDriver/CH57x_sys.o
                0x0000000020003906                SetSysClock
                0x0000000020003a02                SYS_ResetExecute
                0x0000000020003a3c                HardFault_Handler
                0x0000000020003a7c                mDelayuS
                0x0000000020003a8a                mDelaymS
 .highcode      0x0000000020003ab2       0x16 ./HAL/RTC.o
                0x0000000020003ab2                RTC_IRQHandler
 .highcode      0x0000000020003ac8      0xb54 ./APP/usb_task/usb_task.o
                0x0000000020003ac8                USB_IRQHandler
 .highcode      0x000000002000461c       0xc6 ./APP/uart_task/uart_task.o
                0x000000002000461c                UART0_IRQHandler
                0x00000000200046b6                TMR3_IRQHandler
 .highcode      0x00000000200046e2      0x3ee C:\Project\CH573F\11-CH573F-BLE-UART-USB\StdPeriphDriver\libISP573.a(ISP573.o)
                0x00000000200046e2                FLASH_ROM_BEG
                0x00000000200046f4                FLASH_ROM_END
                0x0000000020004702                FLASH_ROM_IN
                0x0000000020004710                FLASH_ROM_OUT
                0x000000002000471e                FLASH_ROM_ADDR
                0x0000000020004766                FLASH_ROM_WAIT
                0x000000002000479e                FLASH_EEPROM_CMD
 .highcode      0x0000000020004ad0      0x230 C:\Project\CH573F\11-CH573F-BLE-UART-USB\LIB\libCH57xBLE.a(tmos.o)
                0x0000000020004aec                tmos_memcpy
                0x0000000020004b0c                tmos_memcpy_word
                0x0000000020004b28                TMOS_SystemProcess
 .highcode      0x0000000020004d00       0xc2 C:\Project\CH573F\11-CH573F-BLE-UART-USB\LIB\libCH57xBLE.a(tmos_hw.o)
                0x0000000020004d00                BLE_GetHSEClock
                0x0000000020004d3e                RTC_Get32KClock
                0x0000000020004d56                SYS_GetTickCount
 .highcode      0x0000000020004dc2      0x128 C:\Project\CH573F\11-CH573F-BLE-UART-USB\LIB\libCH57xBLE.a(ll_connect.o)
                0x0000000020004dc2                ll_connect_process_data
                0x0000000020004e10                ll_connect_event_continue
 .highcode      0x0000000020004eea      0x1c4 C:\Project\CH573F\11-CH573F-BLE-UART-USB\LIB\libCH57xBLE.a(bb.o)
                0x0000000020004eea                BB_IRQLibHandler
                0x0000000020005064                BB_IRQLibFunction
 .highcode      0x00000000200050ae      0x198 C:\Project\CH573F\11-CH573F-BLE-UART-USB\LIB\libCH57xBLE.a(ip.o)
                0x00000000200050ae                ll_tx_wait_finish
                0x00000000200050da                ll_tx_wait_tx_dma
                0x0000000020005138                ll_rx_wait_finish
                0x000000002000516e                ll_rx_wait_tx_dma
                0x00000000200051bc                ble_ll_chkcrc
 .highcode      0x0000000020005246      0x1a4 C:\Project\CH573F\11-CH573F-BLE-UART-USB\LIB\libCH57xBLE.a(lle.o)
                0x0000000020005246                LLE_IRQLibHandler
                0x00000000200053a0                LLE_IRQLibFunction
 .highcode      0x00000000200053ea       0x82 C:\Project\CH573F\11-CH573F-BLE-UART-USB\LIB\libCH57xBLE.a(rf_fh.o)
                0x00000000200053ea                RF_HopGetChannel
 .highcode      0x000000002000546c       0x2c C:\Project\CH573F\11-CH573F-BLE-UART-USB\LIB\libCH57xBLE.a(rfend.o)
                0x000000002000546c                RFEND_WaitTune
 .highcode      0x0000000020005498      0x13a C:\Project\CH573F\11-CH573F-BLE-UART-USB\LIB\libCH57xBLE.a(memory.o)
                0x0000000020005498                tmos_memory_allocate
                0x0000000020005532                tmos_memory_free
 *(.highcode.*)
                0x00000000200055d4                . = ALIGN (0x4)
 *fill*         0x00000000200055d2        0x2 
                0x00000000200055d4                PROVIDE (_highcode_vma_end = .)

.text           0x0000000000001dd8    0x1b814
                0x0000000000001dd8                . = ALIGN (0x4)
 *(SORT_NONE(.handle_reset))
 .handle_reset  0x0000000000001dd8       0xa2 ./Startup/startup_CH573.o
                0x0000000000001dd8                handle_reset
 *(.text)
 *(.text.*)
 .text.ADC_InterTSSampInit
                0x0000000000001e7a       0x28 ./StdPeriphDriver/CH57x_adc.o
                0x0000000000001e7a                ADC_InterTSSampInit
 .text.Calibration_LSI_FLASH
                0x0000000000001ea2      0x284 ./StdPeriphDriver/CH57x_clk.o
                0x0000000000001ea2                Calibration_LSI_FLASH
 .text.Calibration_LSI_RAM
                0x0000000000002126      0x23e ./StdPeriphDriver/CH57x_clk.o
                0x0000000000002126                Calibration_LSI_RAM
 .text.RTC_InitTime
                0x0000000000002364      0x134 ./StdPeriphDriver/CH57x_clk.o
                0x0000000000002364                RTC_InitTime
 .text.GPIOA_ModeCfg
                0x0000000000002498       0xa6 ./StdPeriphDriver/CH57x_gpio.o
                0x0000000000002498                GPIOA_ModeCfg
 .text.GPIOB_ModeCfg
                0x000000000000253e       0xa6 ./StdPeriphDriver/CH57x_gpio.o
                0x000000000000253e                GPIOB_ModeCfg
 .text.GetSysClock
                0x00000000000025e4       0x42 ./StdPeriphDriver/CH57x_sys.o
                0x00000000000025e4                GetSysClock
 .text.SYS_GetSysTickCnt
                0x0000000000002626        0xa ./StdPeriphDriver/CH57x_sys.o
                0x0000000000002626                SYS_GetSysTickCnt
 .text.TMR3_TimerInit
                0x0000000000002630       0x16 ./StdPeriphDriver/CH57x_timer3.o
                0x0000000000002630                TMR3_TimerInit
 .text.UART0_BaudRateCfg
                0x0000000000002646       0x30 ./StdPeriphDriver/CH57x_uart0.o
                0x0000000000002646                UART0_BaudRateCfg
 .text.UART0_DefInit
                0x0000000000002676       0x32 ./StdPeriphDriver/CH57x_uart0.o
                0x0000000000002676                UART0_DefInit
 .text.UART0_ByteTrigCfg
                0x00000000000026a8       0x1a ./StdPeriphDriver/CH57x_uart0.o
                0x00000000000026a8                UART0_ByteTrigCfg
 .text.UART0_INTCfg
                0x00000000000026c2       0x2a ./StdPeriphDriver/CH57x_uart0.o
                0x00000000000026c2                UART0_INTCfg
 .text.UART1_BaudRateCfg
                0x00000000000026ec       0x30 ./StdPeriphDriver/CH57x_uart1.o
                0x00000000000026ec                UART1_BaudRateCfg
 .text.UART1_DefInit
                0x000000000000271c       0x32 ./StdPeriphDriver/CH57x_uart1.o
                0x000000000000271c                UART1_DefInit
 .text.Lib_Calibration_LSI
                0x000000000000274e       0x2c ./HAL/MCU.o
                0x000000000000274e                Lib_Calibration_LSI
 .text.Lib_Read_Flash
                0x000000000000277a       0x1c ./HAL/MCU.o
                0x000000000000277a                Lib_Read_Flash
 .text.Lib_Write_Flash
                0x0000000000002796       0x40 ./HAL/MCU.o
                0x0000000000002796                Lib_Write_Flash
 .text.HAL_GetInterTempValue
                0x00000000000027d6       0x72 ./HAL/MCU.o
                0x00000000000027d6                HAL_GetInterTempValue
 .text.HAL_ProcessEvent
                0x0000000000002848       0x72 ./HAL/MCU.o
                0x0000000000002848                HAL_ProcessEvent
 .text.CH57X_BLEInit
                0x00000000000028ba      0x110 ./HAL/MCU.o
                0x00000000000028ba                CH57X_BLEInit
 .text.HAL_Init
                0x00000000000029ca       0x34 ./HAL/MCU.o
                0x00000000000029ca                HAL_Init
 .text.HAL_TimeInit
                0x00000000000029fe       0x5c ./HAL/RTC.o
                0x00000000000029fe                HAL_TimeInit
 .text.InitCDCDevice
                0x0000000000002a5a       0xb0 ./APP/usb_task/usb_task.o
                0x0000000000002a5a                InitCDCDevice
 .text.BOOT_State_Ctrl
                0x0000000000002b0a       0x34 ./APP/usb_task/usb_task.o
                0x0000000000002b0a                BOOT_State_Ctrl
 .text.Uart_ProcessEvent
                0x0000000000002b3e       0x5a ./APP/uart_task/uart_task.o
                0x0000000000002b3e                Uart_ProcessEvent
 .text.UART_RX_TimeOUT_Init
                0x0000000000002b98       0x34 ./APP/uart_task/uart_task.o
                0x0000000000002b98                UART_RX_TimeOUT_Init
 .text.UART_RX_TimeOUT_Start
                0x0000000000002bcc       0x1e ./APP/uart_task/uart_task.o
                0x0000000000002bcc                UART_RX_TimeOUT_Start
 .text.UART_RX_TimeOUT_Stop
                0x0000000000002bea       0x1e ./APP/uart_task/uart_task.o
                0x0000000000002bea                UART_RX_TimeOUT_Stop
 .text.uart_fifo_init
                0x0000000000002c08       0x28 ./APP/uart_task/uart_task.o
                0x0000000000002c08                uart_fifo_init
 .text.UART0_Init
                0x0000000000002c30       0x28 ./APP/uart_task/uart_task.o
                0x0000000000002c30                UART0_Init
 .text.uart_fifo_cheak_process
                0x0000000000002c58       0x22 ./APP/uart_task/uart_task.o
                0x0000000000002c58                uart_fifo_cheak_process
 .text.uart_task_Init
                0x0000000000002c7a       0x2c ./APP/uart_task/uart_task.o
                0x0000000000002c7a                uart_task_Init
 .text.EP1_DATA0_to_UART
                0x0000000000002ca6       0xb6 ./APP/uart_task/uart_task.o
                0x0000000000002ca6                EP1_DATA0_to_UART
 .text.EP1_DATA1_to_UART
                0x0000000000002d5c       0xbe ./APP/uart_task/uart_task.o
                0x0000000000002d5c                EP1_DATA1_to_UART
 .text.uart_auto_send
                0x0000000000002e1a       0x1a ./APP/uart_task/uart_task.o
                0x0000000000002e1a                uart_auto_send
 .text.fill_usb_buffer_auto_send
                0x0000000000002e34      0x29e ./APP/uart_task/uart_task.o
                0x0000000000002e34                fill_usb_buffer_auto_send
 .text.Pin_Ctrl
                0x00000000000030d2       0x84 ./APP/boardbase/boardbase.o
                0x00000000000030d2                Pin_Ctrl
 .text.Pin_state
                0x0000000000003156       0x20 ./APP/boardbase/boardbase.o
                0x0000000000003156                Pin_state
 .text.QWL_GPIO_Init
                0x0000000000003176       0xce ./APP/boardbase/boardbase.o
                0x0000000000003176                QWL_GPIO_Init
 .text.DEBUG_PIN
                0x0000000000003244        0x2 ./APP/boardbase/boardbase.o
                0x0000000000003244                DEBUG_PIN
 .text.IRQ_Prioritty_Setting
                0x0000000000003246       0x22 ./APP/boardbase/boardbase.o
                0x0000000000003246                IRQ_Prioritty_Setting
 .text.BLE_RssiCB
                0x0000000000003268        0x2 ./APP/ble_task/ble_task.o
 .text.BLE_ParamUpdateCB
                0x000000000000326a       0x16 ./APP/ble_task/ble_task.o
 .text.ble_uart_ReadAttrCB
                0x0000000000003280       0x54 ./APP/ble_task/ble_task.o
 .text.ble_uart_HandleConnStatusCB
                0x00000000000032d4       0x3e ./APP/ble_task/ble_task.o
 .text.BLE_LinkTerminated.part.3
                0x0000000000003312       0x2c ./APP/ble_task/ble_task.o
 .text.BLE_Setting_RX_CB.part.5
                0x000000000000333e       0x2e ./APP/ble_task/ble_task.o
 .text.BLE_StateNotificationCB
                0x000000000000336c       0x76 ./APP/ble_task/ble_task.o
 .text.BLE_Setting_RX_CB
                0x00000000000033e2       0x40 ./APP/ble_task/ble_task.o
                0x00000000000033e2                BLE_Setting_RX_CB
 .text.ble_uart_WriteAttrCB
                0x0000000000003422       0xc2 ./APP/ble_task/ble_task.o
 .text.ble_uart_notify_is_ready
                0x00000000000034e4       0x18 ./APP/ble_task/ble_task.o
                0x00000000000034e4                ble_uart_notify_is_ready
 .text.ble_uart_notify
                0x00000000000034fc       0x66 ./APP/ble_task/ble_task.o
                0x00000000000034fc                ble_uart_notify
 .text.BLE_ProcessEvent
                0x0000000000003562      0x24e ./APP/ble_task/ble_task.o
                0x0000000000003562                BLE_ProcessEvent
 .text.ble_uart_add_service
                0x00000000000037b0       0x38 ./APP/ble_task/ble_task.o
                0x00000000000037b0                ble_uart_add_service
 .text.BLE_Init
                0x00000000000037e8      0x154 ./APP/ble_task/ble_task.o
                0x00000000000037e8                BLE_Init
 .text.ble_fifo_cheak_process
                0x000000000000393c       0x4a ./APP/ble_task/ble_task.o
                0x000000000000393c                ble_fifo_cheak_process
 .text.ble_fifo_init
                0x0000000000003986       0x60 ./APP/ble_task/ble_task.o
                0x0000000000003986                ble_fifo_init
 .text.ble_task_Init
                0x00000000000039e6       0x16 ./APP/ble_task/ble_task.o
                0x00000000000039e6                ble_task_Init
 .text.app_drv_fifo_length
                0x00000000000039fc       0x12 ./APP/app_drv_fifo/app_drv_fifo.o
                0x00000000000039fc                app_drv_fifo_length
 .text.app_drv_fifo_init
                0x0000000000003a0e       0x26 ./APP/app_drv_fifo/app_drv_fifo.o
                0x0000000000003a0e                app_drv_fifo_init
 .text.app_drv_fifo_flush
                0x0000000000003a34        0x6 ./APP/app_drv_fifo/app_drv_fifo.o
                0x0000000000003a34                app_drv_fifo_flush
 .text.app_drv_fifo_is_empty
                0x0000000000003a3a       0x12 ./APP/app_drv_fifo/app_drv_fifo.o
                0x0000000000003a3a                app_drv_fifo_is_empty
 .text.app_drv_fifo_write
                0x0000000000003a4c       0x72 ./APP/app_drv_fifo/app_drv_fifo.o
                0x0000000000003a4c                app_drv_fifo_write
 .text.app_drv_fifo_read
                0x0000000000003abe       0x68 ./APP/app_drv_fifo/app_drv_fifo.o
                0x0000000000003abe                app_drv_fifo_read
 .text.app_drv_fifo_read_to_same_addr
                0x0000000000003b26       0x4e ./APP/app_drv_fifo/app_drv_fifo.o
                0x0000000000003b26                app_drv_fifo_read_to_same_addr
 .text.startup.main
                0x0000000000003b74       0x7c ./APP/Main/main.o
                0x0000000000003b74                main
 .text.App_ProcessEvent
                0x0000000000003bf0      0x1c0 ./APP/Application/Application.o
                0x0000000000003bf0                App_ProcessEvent
 .text.task_list_fifo_init
                0x0000000000003db0       0x10 ./APP/Application/Application.o
                0x0000000000003db0                task_list_fifo_init
 .text.All_FIFO_Init
                0x0000000000003dc0       0x10 ./APP/Application/Application.o
                0x0000000000003dc0                All_FIFO_Init
 .text.Task_Launcher
                0x0000000000003dd0       0x2e ./APP/Application/Application.o
                0x0000000000003dd0                Task_Launcher
 .text.APP_task_Init
                0x0000000000003dfe       0x38 ./APP/Application/Application.o
                0x0000000000003dfe                APP_task_Init
 .text.BOOT_Execute
                0x0000000000003e36       0x5a ./APP/Application/Application.o
                0x0000000000003e36                BOOT_Execute
 .text.tmos_msg_enqueue
                0x0000000000003e90       0x1e C:\Project\CH573F\11-CH573F-BLE-UART-USB\LIB\libCH57xBLE.a(message.o)
                0x0000000000003e90                tmos_msg_enqueue
 .text.tmos_msg_deallocate
                0x0000000000003eae       0x2c C:\Project\CH573F\11-CH573F-BLE-UART-USB\LIB\libCH57xBLE.a(message.o)
                0x0000000000003eae                tmos_msg_deallocate
 .text.tmos_msg_allocate
                0x0000000000003eda       0x3e C:\Project\CH573F\11-CH573F-BLE-UART-USB\LIB\libCH57xBLE.a(message.o)
                0x0000000000003eda                tmos_msg_allocate
 .text.tmos_msg_receive
                0x0000000000003f18       0x68 C:\Project\CH573F\11-CH573F-BLE-UART-USB\LIB\libCH57xBLE.a(message.o)
                0x0000000000003f18                tmos_msg_receive
 .text.tmos_msg_send
                0x0000000000003f80       0x56 C:\Project\CH573F\11-CH573F-BLE-UART-USB\LIB\libCH57xBLE.a(message.o)
                0x0000000000003f80                tmos_msg_send
 .text.tmos_msg_init
                0x0000000000003fd6        0x6 C:\Project\CH573F\11-CH573F-BLE-UART-USB\LIB\libCH57xBLE.a(message.o)
                0x0000000000003fd6                tmos_msg_init
 .text.tmosFindTask
                0x0000000000003fdc       0x20 C:\Project\CH573F\11-CH573F-BLE-UART-USB\LIB\libCH57xBLE.a(tmos.o)
 .text.TMOS_CbTimerProcessEvent
                0x0000000000003ffc       0x7c C:\Project\CH573F\11-CH573F-BLE-UART-USB\LIB\libCH57xBLE.a(tmos.o)
                0x0000000000003ffc                TMOS_CbTimerProcessEvent
 .text.tmos_rand
                0x0000000000004078       0x54 C:\Project\CH573F\11-CH573F-BLE-UART-USB\LIB\libCH57xBLE.a(tmos.o)
                0x0000000000004078                tmos_rand
 .text.tmos_query_sleep_time
                0x00000000000040cc      0x178 C:\Project\CH573F\11-CH573F-BLE-UART-USB\LIB\libCH57xBLE.a(tmos.o)
                0x00000000000040cc                tmos_query_sleep_time
 .text.tmos_memset
                0x0000000000004244       0x12 C:\Project\CH573F\11-CH573F-BLE-UART-USB\LIB\libCH57xBLE.a(tmos.o)
                0x0000000000004244                tmos_memset
 .text.tmos_strlen
                0x0000000000004256       0x14 C:\Project\CH573F\11-CH573F-BLE-UART-USB\LIB\libCH57xBLE.a(tmos.o)
                0x0000000000004256                tmos_strlen
 .text.tmos_memdup
                0x000000000000426a       0x3c C:\Project\CH573F\11-CH573F-BLE-UART-USB\LIB\libCH57xBLE.a(tmos.o)
                0x000000000000426a                tmos_memdup
 .text.tmos_memcmp
                0x00000000000042a6       0x24 C:\Project\CH573F\11-CH573F-BLE-UART-USB\LIB\libCH57xBLE.a(tmos.o)
                0x00000000000042a6                tmos_memcmp
 .text.tmos_revmemcpy
                0x00000000000042ca       0x1c C:\Project\CH573F\11-CH573F-BLE-UART-USB\LIB\libCH57xBLE.a(tmos.o)
                0x00000000000042ca                tmos_revmemcpy
 .text.tmos_isbufset
                0x00000000000042e6       0x1e C:\Project\CH573F\11-CH573F-BLE-UART-USB\LIB\libCH57xBLE.a(tmos.o)
                0x00000000000042e6                tmos_isbufset
 .text.tmos_set_event
                0x0000000000004304       0x2a C:\Project\CH573F\11-CH573F-BLE-UART-USB\LIB\libCH57xBLE.a(tmos.o)
                0x0000000000004304                tmos_set_event
 .text.tmos_query_system_time
                0x000000000000432e       0xce C:\Project\CH573F\11-CH573F-BLE-UART-USB\LIB\libCH57xBLE.a(tmos.o)
                0x000000000000432e                tmos_query_system_time
 .text.tmos_clear_event
                0x00000000000043fc       0x2e C:\Project\CH573F\11-CH573F-BLE-UART-USB\LIB\libCH57xBLE.a(tmos.o)
                0x00000000000043fc                tmos_clear_event
 .text.tmos_start_task
                0x000000000000442a       0x90 C:\Project\CH573F\11-CH573F-BLE-UART-USB\LIB\libCH57xBLE.a(tmos.o)
                0x000000000000442a                tmos_start_task
 .text.tmos_start_callback_task
                0x00000000000044ba       0xac C:\Project\CH573F\11-CH573F-BLE-UART-USB\LIB\libCH57xBLE.a(tmos.o)
                0x00000000000044ba                tmos_start_callback_task
 .text.tmos_start_reload_task
                0x0000000000004566       0x30 C:\Project\CH573F\11-CH573F-BLE-UART-USB\LIB\libCH57xBLE.a(tmos.o)
                0x0000000000004566                tmos_start_reload_task
 .text.tmos_stop_task
                0x0000000000004596       0x42 C:\Project\CH573F\11-CH573F-BLE-UART-USB\LIB\libCH57xBLE.a(tmos.o)
                0x0000000000004596                tmos_stop_task
 .text.tmos_stop_callback_task
                0x00000000000045d8       0x5c C:\Project\CH573F\11-CH573F-BLE-UART-USB\LIB\libCH57xBLE.a(tmos.o)
                0x00000000000045d8                tmos_stop_callback_task
 .text.tmos_get_task_timer
                0x0000000000004634       0x16 C:\Project\CH573F\11-CH573F-BLE-UART-USB\LIB\libCH57xBLE.a(tmos.o)
                0x0000000000004634                tmos_get_task_timer
 .text.tmos_update_callback_timer
                0x000000000000464a       0x62 C:\Project\CH573F\11-CH573F-BLE-UART-USB\LIB\libCH57xBLE.a(tmos.o)
                0x000000000000464a                tmos_update_callback_timer
 .text.TMOS_Set32KTuneValue
                0x00000000000046ac        0xa C:\Project\CH573F\11-CH573F-BLE-UART-USB\LIB\libCH57xBLE.a(tmos.o)
                0x00000000000046ac                TMOS_Set32KTuneValue
 .text.TMOS_TimerRegister
                0x00000000000046b6       0x1a C:\Project\CH573F\11-CH573F-BLE-UART-USB\LIB\libCH57xBLE.a(tmos.o)
                0x00000000000046b6                TMOS_TimerRegister
 .text.TMOS_ProcessRegister
                0x00000000000046d0       0x16 C:\Project\CH573F\11-CH573F-BLE-UART-USB\LIB\libCH57xBLE.a(tmos.o)
                0x00000000000046d0                TMOS_ProcessRegister
 .text.TMOS_Init
                0x00000000000046e6       0xea C:\Project\CH573F\11-CH573F-BLE-UART-USB\LIB\libCH57xBLE.a(tmos.o)
                0x00000000000046e6                TMOS_Init
 .text.TMOS_ProcessEventRegister
                0x00000000000047d0       0x38 C:\Project\CH573F\11-CH573F-BLE-UART-USB\LIB\libCH57xBLE.a(tmos.o)
                0x00000000000047d0                TMOS_ProcessEventRegister
 .text.BLE_LibInit
                0x0000000000004808      0x1a4 C:\Project\CH573F\11-CH573F-BLE-UART-USB\LIB\libCH57xBLE.a(tmos.o)
                0x0000000000004808                BLE_LibInit
 .text.ble_ll_common_rand8
                0x00000000000049ac       0x24 C:\Project\CH573F\11-CH573F-BLE-UART-USB\LIB\libCH57xBLE.a(tmos_hw.o)
                0x00000000000049ac                ble_ll_common_rand8
 .text.ble_ll_common_rand16
                0x00000000000049d0       0x24 C:\Project\CH573F\11-CH573F-BLE-UART-USB\LIB\libCH57xBLE.a(tmos_hw.o)
                0x00000000000049d0                ble_ll_common_rand16
 .text.ble_ll_common_rand32
                0x00000000000049f4       0x20 C:\Project\CH573F\11-CH573F-BLE-UART-USB\LIB\libCH57xBLE.a(tmos_hw.o)
                0x00000000000049f4                ble_ll_common_rand32
 .text.ll_hw_temp_sample
                0x0000000000004a14       0xc0 C:\Project\CH573F\11-CH573F-BLE-UART-USB\LIB\libCH57xBLE.a(tmos_hw.o)
                0x0000000000004a14                ll_hw_temp_sample
 .text.TMOS_TimerInit
                0x0000000000004ad4       0x5e C:\Project\CH573F\11-CH573F-BLE-UART-USB\LIB\libCH57xBLE.a(tmos_hw.o)
                0x0000000000004ad4                TMOS_TimerInit
 .text.tmos_snv_init
                0x0000000000004b32       0xbc C:\Project\CH573F\11-CH573F-BLE-UART-USB\LIB\libCH57xBLE.a(tmos_snv.o)
                0x0000000000004b32                tmos_snv_init
 .text.tmos_snv_clear
                0x0000000000004bee       0xae C:\Project\CH573F\11-CH573F-BLE-UART-USB\LIB\libCH57xBLE.a(tmos_snv.o)
                0x0000000000004bee                tmos_snv_clear
 .text.tmos_snv_read
                0x0000000000004c9c      0x292 C:\Project\CH573F\11-CH573F-BLE-UART-USB\LIB\libCH57xBLE.a(tmos_snv.o)
                0x0000000000004c9c                tmos_snv_read
 .text.tmos_snv_notify
                0x0000000000004f2e       0x5a C:\Project\CH573F\11-CH573F-BLE-UART-USB\LIB\libCH57xBLE.a(tmos_snv.o)
                0x0000000000004f2e                tmos_snv_notify
 .text.tmos_snv_write
                0x0000000000004f88      0x2ce C:\Project\CH573F\11-CH573F-BLE-UART-USB\LIB\libCH57xBLE.a(tmos_snv.o)
                0x0000000000004f88                tmos_snv_write
 .text.tmos_snv_compact
                0x0000000000005256        0x4 C:\Project\CH573F\11-CH573F-BLE-UART-USB\LIB\libCH57xBLE.a(tmos_snv.o)
                0x0000000000005256                tmos_snv_compact
 .text.ATT_BuildErrorRsp
                0x000000000000525a       0x26 C:\Project\CH573F\11-CH573F-BLE-UART-USB\LIB\libCH57xBLE.a(att.o)
                0x000000000000525a                ATT_BuildErrorRsp
 .text.ATT_ParamInit
                0x0000000000005280        0xa C:\Project\CH573F\11-CH573F-BLE-UART-USB\LIB\libCH57xBLE.a(att.o)
                0x0000000000005280                ATT_ParamInit
 .text.ATT_ConvertUUIDto128
                0x000000000000528a       0x46 C:\Project\CH573F\11-CH573F-BLE-UART-USB\LIB\libCH57xBLE.a(att.o)
                0x000000000000528a                ATT_ConvertUUIDto128
 .text.ATT_CompareUUID
                0x00000000000052d0       0x62 C:\Project\CH573F\11-CH573F-BLE-UART-USB\LIB\libCH57xBLE.a(att.o)
                0x00000000000052d0                ATT_CompareUUID
 .text.ATT_RegisterServer
                0x0000000000005332        0x6 C:\Project\CH573F\11-CH573F-BLE-UART-USB\LIB\libCH57xBLE.a(att.o)
                0x0000000000005332                ATT_RegisterServer
 .text.ATT_ParsePacket
                0x0000000000005338       0x94 C:\Project\CH573F\11-CH573F-BLE-UART-USB\LIB\libCH57xBLE.a(att.o)
                0x0000000000005338                ATT_ParsePacket
 .text.ATT_UpdateMTU
                0x00000000000053cc       0x3c C:\Project\CH573F\11-CH573F-BLE-UART-USB\LIB\libCH57xBLE.a(att.o)
                0x00000000000053cc                ATT_UpdateMTU
 .text.ATT_GetMTU
                0x0000000000005408       0x1e C:\Project\CH573F\11-CH573F-BLE-UART-USB\LIB\libCH57xBLE.a(att.o)
                0x0000000000005408                ATT_GetMTU
 .text.attSendMsg
                0x0000000000005426       0xb6 C:\Project\CH573F\11-CH573F-BLE-UART-USB\LIB\libCH57xBLE.a(att.o)
                0x0000000000005426                attSendMsg
 .text.attSendRspMsg
                0x00000000000054dc       0x46 C:\Project\CH573F\11-CH573F-BLE-UART-USB\LIB\libCH57xBLE.a(att.o)
                0x00000000000054dc                attSendRspMsg
 .text.ATT_ErrorRsp
                0x0000000000005522       0x10 C:\Project\CH573F\11-CH573F-BLE-UART-USB\LIB\libCH57xBLE.a(att.o)
                0x0000000000005522                ATT_ErrorRsp
 .text.disconnectNext
                0x0000000000005532       0x22 C:\Project\CH573F\11-CH573F-BLE-UART-USB\LIB\libCH57xBLE.a(gap.o)
 .text.GAP_ParamInit
                0x0000000000005554       0x80 C:\Project\CH573F\11-CH573F-BLE-UART-USB\LIB\libCH57xBLE.a(gap.o)
                0x0000000000005554                GAP_ParamInit
 .text.sendTerminateEvent
                0x00000000000055d4       0x58 C:\Project\CH573F\11-CH573F-BLE-UART-USB\LIB\libCH57xBLE.a(gap.o)
                0x00000000000055d4                sendTerminateEvent
 .text.gapRegisterCentral
                0x000000000000562c        0x6 C:\Project\CH573F\11-CH573F-BLE-UART-USB\LIB\libCH57xBLE.a(gap.o)
                0x000000000000562c                gapRegisterCentral
 .text.gapRegisterCentralConn
                0x0000000000005632        0x6 C:\Project\CH573F\11-CH573F-BLE-UART-USB\LIB\libCH57xBLE.a(gap.o)
                0x0000000000005632                gapRegisterCentralConn
 .text.gapRegisterPeripheral
                0x0000000000005638        0x6 C:\Project\CH573F\11-CH573F-BLE-UART-USB\LIB\libCH57xBLE.a(gap.o)
                0x0000000000005638                gapRegisterPeripheral
 .text.gapRegisterPeripheralConn
                0x000000000000563e        0x6 C:\Project\CH573F\11-CH573F-BLE-UART-USB\LIB\libCH57xBLE.a(gap.o)
                0x000000000000563e                gapRegisterPeripheralConn
 .text.smGenerateRandBuf
                0x0000000000005644       0x56 C:\Project\CH573F\11-CH573F-BLE-UART-USB\LIB\libCH57xBLE.a(gap.o)
                0x0000000000005644                smGenerateRandBuf
 .text.gapL2capConnParamUpdateReq
                0x000000000000569a       0x32 C:\Project\CH573F\11-CH573F-BLE-UART-USB\LIB\libCH57xBLE.a(gap.o)
                0x000000000000569a                gapL2capConnParamUpdateReq
 .text.gapValidADType
                0x00000000000056cc       0x16 C:\Project\CH573F\11-CH573F-BLE-UART-USB\LIB\libCH57xBLE.a(gap.o)
                0x00000000000056cc                gapValidADType
 .text.gapFindADType
                0x00000000000056e2       0x8e C:\Project\CH573F\11-CH573F-BLE-UART-USB\LIB\libCH57xBLE.a(gap.o)
                0x00000000000056e2                gapFindADType
 .text.GAP_SecParamsInit
                0x0000000000005770       0x9a C:\Project\CH573F\11-CH573F-BLE-UART-USB\LIB\libCH57xBLE.a(gap.o)
                0x0000000000005770                GAP_SecParamsInit
 .text.GAP_ParamsInit
                0x000000000000580a       0x48 C:\Project\CH573F\11-CH573F-BLE-UART-USB\LIB\libCH57xBLE.a(gap.o)
                0x000000000000580a                GAP_ParamsInit
 .text.gapAddAddrAdj
                0x0000000000005852       0x48 C:\Project\CH573F\11-CH573F-BLE-UART-USB\LIB\libCH57xBLE.a(gap.o)
                0x0000000000005852                gapAddAddrAdj
 .text.gapDetermineAddrType
                0x000000000000589a       0x28 C:\Project\CH573F\11-CH573F-BLE-UART-USB\LIB\libCH57xBLE.a(gap.o)
                0x000000000000589a                gapDetermineAddrType
 .text.gapFreeAuthLink
                0x00000000000058c2       0x4a C:\Project\CH573F\11-CH573F-BLE-UART-USB\LIB\libCH57xBLE.a(gap.o)
                0x00000000000058c2                gapFreeAuthLink
 .text.gapGetDevAddress
                0x000000000000590c       0x24 C:\Project\CH573F\11-CH573F-BLE-UART-USB\LIB\libCH57xBLE.a(gap.o)
                0x000000000000590c                gapGetDevAddress
 .text.gapGetDevAddressMode
                0x0000000000005930        0xa C:\Project\CH573F\11-CH573F-BLE-UART-USB\LIB\libCH57xBLE.a(gap.o)
                0x0000000000005930                gapGetDevAddressMode
 .text.gapGetIRK
                0x000000000000593a        0xc C:\Project\CH573F\11-CH573F-BLE-UART-USB\LIB\libCH57xBLE.a(gap.o)
                0x000000000000593a                gapGetIRK
 .text.gapGetSRK
                0x0000000000005946        0xc C:\Project\CH573F\11-CH573F-BLE-UART-USB\LIB\libCH57xBLE.a(gap.o)
                0x0000000000005946                gapGetSRK
 .text.gapGetSignCounter
                0x0000000000005952        0xe C:\Project\CH573F\11-CH573F-BLE-UART-USB\LIB\libCH57xBLE.a(gap.o)
                0x0000000000005952                gapGetSignCounter
 .text.gapIncSignCounter
                0x0000000000005960       0x28 C:\Project\CH573F\11-CH573F-BLE-UART-USB\LIB\libCH57xBLE.a(gap.o)
                0x0000000000005960                gapIncSignCounter
 .text.gapProcessConnEvt
                0x0000000000005988       0x48 C:\Project\CH573F\11-CH573F-BLE-UART-USB\LIB\libCH57xBLE.a(gap.o)
                0x0000000000005988                gapProcessConnEvt
 .text.gapProcessDisconnectCompleteEvt
                0x00000000000059d0       0xa8 C:\Project\CH573F\11-CH573F-BLE-UART-USB\LIB\libCH57xBLE.a(gap.o)
                0x00000000000059d0                gapProcessDisconnectCompleteEvt
 .text.sendAuthEvent
                0x0000000000005a78      0x11a C:\Project\CH573F\11-CH573F-BLE-UART-USB\LIB\libCH57xBLE.a(gap.o)
                0x0000000000005a78                sendAuthEvent
 .text.gapSendBondCompleteEvent
                0x0000000000005b92       0x70 C:\Project\CH573F\11-CH573F-BLE-UART-USB\LIB\libCH57xBLE.a(gap.o)
                0x0000000000005b92                gapSendBondCompleteEvent
 .text.gapSendPairingReqEvent
                0x0000000000005c02       0x92 C:\Project\CH573F\11-CH573F-BLE-UART-USB\LIB\libCH57xBLE.a(gap.o)
                0x0000000000005c02                gapSendPairingReqEvent
 .text.gapSendSlaveSecurityReqEvent
                0x0000000000005c94       0x68 C:\Project\CH573F\11-CH573F-BLE-UART-USB\LIB\libCH57xBLE.a(gap.o)
                0x0000000000005c94                gapSendSlaveSecurityReqEvent
 .text.gapSendDeviceInitDoneEvent
                0x0000000000005cfc       0x88 C:\Project\CH573F\11-CH573F-BLE-UART-USB\LIB\libCH57xBLE.a(gap.o)
                0x0000000000005cfc                gapSendDeviceInitDoneEvent
 .text.gapSendLinkUpdateEvent
                0x0000000000005d84       0x84 C:\Project\CH573F\11-CH573F-BLE-UART-USB\LIB\libCH57xBLE.a(gap.o)
                0x0000000000005d84                gapSendLinkUpdateEvent
 .text.gapSendEstLinkEvent
                0x0000000000005e08       0xb8 C:\Project\CH573F\11-CH573F-BLE-UART-USB\LIB\libCH57xBLE.a(gap.o)
                0x0000000000005e08                gapSendEstLinkEvent
 .text.gapProcessNewAddr
                0x0000000000005ec0       0x3e C:\Project\CH573F\11-CH573F-BLE-UART-USB\LIB\libCH57xBLE.a(gap.o)
                0x0000000000005ec0                gapProcessNewAddr
 .text.gapProcessRandomAddrComplete
                0x0000000000005efe       0xb6 C:\Project\CH573F\11-CH573F-BLE-UART-USB\LIB\libCH57xBLE.a(gap.o)
                0x0000000000005efe                gapProcessRandomAddrComplete
 .text.GAP_Authenticate
                0x0000000000005fb4       0xd2 C:\Project\CH573F\11-CH573F-BLE-UART-USB\LIB\libCH57xBLE.a(gap.o)
                0x0000000000005fb4                GAP_Authenticate
 .text.GAP_Bond
                0x0000000000006086       0xa2 C:\Project\CH573F\11-CH573F-BLE-UART-USB\LIB\libCH57xBLE.a(gap.o)
                0x0000000000006086                GAP_Bond
 .text.GAP_GetParamValue
                0x0000000000006128       0x1e C:\Project\CH573F\11-CH573F-BLE-UART-USB\LIB\libCH57xBLE.a(gap.o)
                0x0000000000006128                GAP_GetParamValue
 .text.GAP_PasscodeUpdate
                0x0000000000006146       0x50 C:\Project\CH573F\11-CH573F-BLE-UART-USB\LIB\libCH57xBLE.a(gap.o)
                0x0000000000006146                GAP_PasscodeUpdate
 .text.GAP_RegisterForMsgs
                0x0000000000006196        0x6 C:\Project\CH573F\11-CH573F-BLE-UART-USB\LIB\libCH57xBLE.a(gap.o)
                0x0000000000006196                GAP_RegisterForMsgs
 .text.GAP_ResolvePrivateAddr
                0x000000000000619c        0x4 C:\Project\CH573F\11-CH573F-BLE-UART-USB\LIB\libCH57xBLE.a(gap.o)
                0x000000000000619c                GAP_ResolvePrivateAddr
 .text.gapPairingCompleteCB
                0x00000000000061a0      0x188 C:\Project\CH573F\11-CH573F-BLE-UART-USB\LIB\libCH57xBLE.a(gap.o)
                0x00000000000061a0                gapPairingCompleteCB
 .text.gapPasskeyNeededCB
                0x0000000000006328       0x8e C:\Project\CH573F\11-CH573F-BLE-UART-USB\LIB\libCH57xBLE.a(gap.o)
                0x0000000000006328                gapPasskeyNeededCB
 .text.gapFreeEstLink
                0x00000000000063b6       0x20 C:\Project\CH573F\11-CH573F-BLE-UART-USB\LIB\libCH57xBLE.a(gap.o)
                0x00000000000063b6                gapFreeEstLink
 .text.gapUpdateConnSignCounter
                0x00000000000063d6       0x7a C:\Project\CH573F\11-CH573F-BLE-UART-USB\LIB\libCH57xBLE.a(gap.o)
                0x00000000000063d6                gapUpdateConnSignCounter
 .text.GAP_SendSlaveSecurityRequest
                0x0000000000006450       0x4c C:\Project\CH573F\11-CH573F-BLE-UART-USB\LIB\libCH57xBLE.a(gap.o)
                0x0000000000006450                GAP_SendSlaveSecurityRequest
 .text.GAP_Signable
                0x000000000000649c       0x66 C:\Project\CH573F\11-CH573F-BLE-UART-USB\LIB\libCH57xBLE.a(gap.o)
                0x000000000000649c                GAP_Signable
 .text.GAP_TerminateAuth
                0x0000000000006502       0x2a C:\Project\CH573F\11-CH573F-BLE-UART-USB\LIB\libCH57xBLE.a(gap.o)
                0x0000000000006502                GAP_TerminateAuth
 .text.GAP_NumActiveConnections
                0x000000000000652c        0x4 C:\Project\CH573F\11-CH573F-BLE-UART-USB\LIB\libCH57xBLE.a(gap.o)
                0x000000000000652c                GAP_NumActiveConnections
 .text.GAP_TerminateLinkReq
                0x0000000000006530       0x8e C:\Project\CH573F\11-CH573F-BLE-UART-USB\LIB\libCH57xBLE.a(gap.o)
                0x0000000000006530                GAP_TerminateLinkReq
 .text.GAP_SetParamValue
                0x00000000000065be       0x4a C:\Project\CH573F\11-CH573F-BLE-UART-USB\LIB\libCH57xBLE.a(gap.o)
                0x00000000000065be                GAP_SetParamValue
 .text.GAP_Init
                0x0000000000006608       0x44 C:\Project\CH573F\11-CH573F-BLE-UART-USB\LIB\libCH57xBLE.a(gap.o)
                0x0000000000006608                GAP_Init
 .text.GAP_ProcessEvent
                0x000000000000664c      0x578 C:\Project\CH573F\11-CH573F-BLE-UART-USB\LIB\libCH57xBLE.a(gap.o)
                0x000000000000664c                GAP_ProcessEvent
 .text.gapSendScanEnable
                0x0000000000006bc4       0x1e C:\Project\CH573F\11-CH573F-BLE-UART-USB\LIB\libCH57xBLE.a(gap_central.o)
 .text.gapCentProcessConnEvt
                0x0000000000006be2      0x148 C:\Project\CH573F\11-CH573F-BLE-UART-USB\LIB\libCH57xBLE.a(gap_central.o)
                0x0000000000006be2                gapCentProcessConnEvt
 .text.gapCancelLinkReq
                0x0000000000006d2a       0x38 C:\Project\CH573F\11-CH573F-BLE-UART-USB\LIB\libCH57xBLE.a(gap_central.o)
                0x0000000000006d2a                gapCancelLinkReq
 .text.GAP_CentralParamInit
                0x0000000000006d62       0x4c C:\Project\CH573F\11-CH573F-BLE-UART-USB\LIB\libCH57xBLE.a(gap_central.o)
                0x0000000000006d62                GAP_CentralParamInit
 .text.gapProcessAdvertDevInfo
                0x0000000000006dae      0x23a C:\Project\CH573F\11-CH573F-BLE-UART-USB\LIB\libCH57xBLE.a(gap_central.o)
                0x0000000000006dae                gapProcessAdvertDevInfo
 .text.gapFreeScanRecs
                0x0000000000006fe8       0xa2 C:\Project\CH573F\11-CH573F-BLE-UART-USB\LIB\libCH57xBLE.a(gap_central.o)
                0x0000000000006fe8                gapFreeScanRecs
 .text.gapSendDevDiscEvent
                0x000000000000708a      0x124 C:\Project\CH573F\11-CH573F-BLE-UART-USB\LIB\libCH57xBLE.a(gap_central.o)
                0x000000000000708a                gapSendDevDiscEvent
 .text.gapSetScanParamStatus.part.2
                0x00000000000071ae       0x42 C:\Project\CH573F\11-CH573F-BLE-UART-USB\LIB\libCH57xBLE.a(gap_central.o)
 .text.gapCentProcessHCICmdEvt
                0x00000000000071f0       0x3c C:\Project\CH573F\11-CH573F-BLE-UART-USB\LIB\libCH57xBLE.a(gap_central.o)
                0x00000000000071f0                gapCentProcessHCICmdEvt
 .text.gapProcessScanningEvt
                0x000000000000722c      0x110 C:\Project\CH573F\11-CH573F-BLE-UART-USB\LIB\libCH57xBLE.a(gap_central.o)
                0x000000000000722c                gapProcessScanningEvt
 .text.gapProcessScanningDirectEvt
                0x000000000000733c       0xfe C:\Project\CH573F\11-CH573F-BLE-UART-USB\LIB\libCH57xBLE.a(gap_central.o)
                0x000000000000733c                gapProcessScanningDirectEvt
 .text.GAP_CentConnRegister
                0x000000000000743a       0x12 C:\Project\CH573F\11-CH573F-BLE-UART-USB\LIB\libCH57xBLE.a(gap_central.o)
                0x000000000000743a                GAP_CentConnRegister
 .text.GAP_CentDevMgrInit
                0x000000000000744c       0x94 C:\Project\CH573F\11-CH573F-BLE-UART-USB\LIB\libCH57xBLE.a(gap_central.o)
                0x000000000000744c                GAP_CentDevMgrInit
 .text.gapFreeAdvertState
                0x00000000000074e0       0x20 C:\Project\CH573F\11-CH573F-BLE-UART-USB\LIB\libCH57xBLE.a(gap_peripheral.o)
 .text.gapPeriProcessConnEvt
                0x0000000000007500       0xbc C:\Project\CH573F\11-CH573F-BLE-UART-USB\LIB\libCH57xBLE.a(gap_peripheral.o)
 .text.gapSetAdvParams
                0x00000000000075bc       0x7e C:\Project\CH573F\11-CH573F-BLE-UART-USB\LIB\libCH57xBLE.a(gap_peripheral.o)
 .text.GAP_PeripheralParamInit
                0x000000000000763a       0x4a C:\Project\CH573F\11-CH573F-BLE-UART-USB\LIB\libCH57xBLE.a(gap_peripheral.o)
                0x000000000000763a                GAP_PeripheralParamInit
 .text.gapSendMakeDiscEvent
                0x0000000000007684       0x50 C:\Project\CH573F\11-CH573F-BLE-UART-USB\LIB\libCH57xBLE.a(gap_peripheral.o)
                0x0000000000007684                gapSendMakeDiscEvent
 .text.gapPeriProcessHCICmdCompleteEvt
                0x00000000000076d4      0x192 C:\Project\CH573F\11-CH573F-BLE-UART-USB\LIB\libCH57xBLE.a(gap_peripheral.o)
 .text.GAP_MakeDiscoverable
                0x0000000000007866       0xf0 C:\Project\CH573F\11-CH573F-BLE-UART-USB\LIB\libCH57xBLE.a(gap_peripheral.o)
                0x0000000000007866                GAP_MakeDiscoverable
 .text.GAP_EndDiscoverable
                0x0000000000007956       0x5c C:\Project\CH573F\11-CH573F-BLE-UART-USB\LIB\libCH57xBLE.a(gap_peripheral.o)
                0x0000000000007956                GAP_EndDiscoverable
 .text.gapProcessAdvertisingEvt
                0x00000000000079b2       0x90 C:\Project\CH573F\11-CH573F-BLE-UART-USB\LIB\libCH57xBLE.a(gap_peripheral.o)
 .text.GAP_UpdateAdvertisingData
                0x0000000000007a42       0xb8 C:\Project\CH573F\11-CH573F-BLE-UART-USB\LIB\libCH57xBLE.a(gap_peripheral.o)
                0x0000000000007a42                GAP_UpdateAdvertisingData
 .text.GAP_PeriConnRegister
                0x0000000000007afa       0x2a C:\Project\CH573F\11-CH573F-BLE-UART-USB\LIB\libCH57xBLE.a(gap_peripheral.o)
                0x0000000000007afa                GAP_PeriConnRegister
 .text.GAP_PeriDevMgrInit
                0x0000000000007b24       0xbc C:\Project\CH573F\11-CH573F-BLE-UART-USB\LIB\libCH57xBLE.a(gap_peripheral.o)
                0x0000000000007b24                GAP_PeriDevMgrInit
 .text.ggs_SetAttrWPermit
                0x0000000000007be0       0x68 C:\Project\CH573F\11-CH573F-BLE-UART-USB\LIB\libCH57xBLE.a(gapgattserver.o)
 .text.ggs_ReadAttrCB
                0x0000000000007c48      0x152 C:\Project\CH573F\11-CH573F-BLE-UART-USB\LIB\libCH57xBLE.a(gapgattserver.o)
 .text.ggs_WriteAttrCB
                0x0000000000007d9a      0x154 C:\Project\CH573F\11-CH573F-BLE-UART-USB\LIB\libCH57xBLE.a(gapgattserver.o)
 .text.GGS_ParamInit
                0x0000000000007eee      0x23a C:\Project\CH573F\11-CH573F-BLE-UART-USB\LIB\libCH57xBLE.a(gapgattserver.o)
                0x0000000000007eee                GGS_ParamInit
 .text.GGS_SetParameter
                0x0000000000008128       0xde C:\Project\CH573F\11-CH573F-BLE-UART-USB\LIB\libCH57xBLE.a(gapgattserver.o)
                0x0000000000008128                GGS_SetParameter
 .text.GGS_AddService
                0x0000000000008206       0x2c C:\Project\CH573F\11-CH573F-BLE-UART-USB\LIB\libCH57xBLE.a(gapgattserver.o)
                0x0000000000008206                GGS_AddService
 .text.GAP_DeviceInit
                0x0000000000008232       0xd8 C:\Project\CH573F\11-CH573F-BLE-UART-USB\LIB\libCH57xBLE.a(gapgattserver.o)
                0x0000000000008232                GAP_DeviceInit
 .text.gattGetPayload
                0x000000000000830a       0x7e C:\Project\CH573F\11-CH573F-BLE-UART-USB\LIB\libCH57xBLE.a(gatt.o)
                0x000000000000830a                gattGetPayload
 .text.gattNotifyEvent
                0x0000000000008388       0x80 C:\Project\CH573F\11-CH573F-BLE-UART-USB\LIB\libCH57xBLE.a(gatt.o)
                0x0000000000008388                gattNotifyEvent
 .text.gattSendFlowCtrlEvt
                0x0000000000008408       0x4a C:\Project\CH573F\11-CH573F-BLE-UART-USB\LIB\libCH57xBLE.a(gatt.o)
                0x0000000000008408                gattSendFlowCtrlEvt
 .text.gattStartTimer
                0x0000000000008452        0xc C:\Project\CH573F\11-CH573F-BLE-UART-USB\LIB\libCH57xBLE.a(gatt.o)
                0x0000000000008452                gattStartTimer
 .text.gattStopTimer
                0x000000000000845e       0x32 C:\Project\CH573F\11-CH573F-BLE-UART-USB\LIB\libCH57xBLE.a(gatt.o)
                0x000000000000845e                gattStopTimer
 .text.GATT_AppCompletedMsg
                0x0000000000008490       0x30 C:\Project\CH573F\11-CH573F-BLE-UART-USB\LIB\libCH57xBLE.a(gatt.o)
                0x0000000000008490                GATT_AppCompletedMsg
 .text.GATT_NotifyEvent
                0x00000000000084c0       0x4e C:\Project\CH573F\11-CH573F-BLE-UART-USB\LIB\libCH57xBLE.a(gatt.o)
                0x00000000000084c0                GATT_NotifyEvent
 .text.gattRegisterServer
                0x000000000000850e        0x6 C:\Project\CH573F\11-CH573F-BLE-UART-USB\LIB\libCH57xBLE.a(gatt.o)
                0x000000000000850e                gattRegisterServer
 .text.GATT_UpdateMTU
                0x0000000000008514       0x5c C:\Project\CH573F\11-CH573F-BLE-UART-USB\LIB\libCH57xBLE.a(gatt.o)
                0x0000000000008514                GATT_UpdateMTU
 .text.GATT_bm_alloc
                0x0000000000008570       0xea C:\Project\CH573F\11-CH573F-BLE-UART-USB\LIB\libCH57xBLE.a(gatt.o)
                0x0000000000008570                GATT_bm_alloc
 .text.GATT_ServiceChangedInd
                0x000000000000865a       0x94 C:\Project\CH573F\11-CH573F-BLE-UART-USB\LIB\libCH57xBLE.a(gatt.o)
                0x000000000000865a                GATT_ServiceChangedInd
 .text.GATT_bm_free
                0x00000000000086ee       0x1c C:\Project\CH573F\11-CH573F-BLE-UART-USB\LIB\libCH57xBLE.a(gatt.o)
                0x00000000000086ee                GATT_bm_free
 .text.GATT_RegisterForPeriMsgs
                0x000000000000870a        0x6 C:\Project\CH573F\11-CH573F-BLE-UART-USB\LIB\libCH57xBLE.a(gatt.o)
                0x000000000000870a                GATT_RegisterForPeriMsgs
 .text.GATT_Init
                0x0000000000008710       0x30 C:\Project\CH573F\11-CH573F-BLE-UART-USB\LIB\libCH57xBLE.a(gatt.o)
                0x0000000000008710                GATT_Init
 .text.GATT_ProcessEvent
                0x0000000000008740      0x136 C:\Project\CH573F\11-CH573F-BLE-UART-USB\LIB\libCH57xBLE.a(gatt.o)
                0x0000000000008740                GATT_ProcessEvent
 .text.gattProcessExchangeMTUReq
                0x0000000000008876        0x4 C:\Project\CH573F\11-CH573F-BLE-UART-USB\LIB\libCH57xBLE.a(gattservapp.o)
 .text.gattServApp_FindCharCfgItem
                0x000000000000887a       0x20 C:\Project\CH573F\11-CH573F-BLE-UART-USB\LIB\libCH57xBLE.a(gattservapp.o)
 .text.gattServerHandleTimerCB
                0x000000000000889a       0x3c C:\Project\CH573F\11-CH573F-BLE-UART-USB\LIB\libCH57xBLE.a(gattservapp.o)
 .text.GATTServApp_InitCharCfg.part.12
                0x00000000000088d6       0x1c C:\Project\CH573F\11-CH573F-BLE-UART-USB\LIB\libCH57xBLE.a(gattservapp.o)
 .text.gattProcessExecuteWriteReq
                0x00000000000088f2        0x4 C:\Project\CH573F\11-CH573F-BLE-UART-USB\LIB\libCH57xBLE.a(gattservapp.o)
 .text.GATTServApp_ParamInit
                0x00000000000088f6       0xd6 C:\Project\CH573F\11-CH573F-BLE-UART-USB\LIB\libCH57xBLE.a(gattservapp.o)
                0x00000000000088f6                GATTServApp_ParamInit
 .text.GATTServApp_ReadCharCfg
                0x00000000000089cc       0x18 C:\Project\CH573F\11-CH573F-BLE-UART-USB\LIB\libCH57xBLE.a(gattservapp.o)
                0x00000000000089cc                GATTServApp_ReadCharCfg
 .text.GATTServApp_WriteCharCfg
                0x00000000000089e4       0x3c C:\Project\CH573F\11-CH573F-BLE-UART-USB\LIB\libCH57xBLE.a(gattservapp.o)
                0x00000000000089e4                GATTServApp_WriteCharCfg
 .text.GATTServApp_ProcessCCCWriteReq
                0x0000000000008a20       0x60 C:\Project\CH573F\11-CH573F-BLE-UART-USB\LIB\libCH57xBLE.a(gattservapp.o)
                0x0000000000008a20                GATTServApp_ProcessCCCWriteReq
 .text.gattServApp_WriteAttrCB
                0x0000000000008a80       0x34 C:\Project\CH573F\11-CH573F-BLE-UART-USB\LIB\libCH57xBLE.a(gattservapp.o)
                0x0000000000008a80                gattServApp_WriteAttrCB
 .text.GATTServApp_SendCCCUpdatedEvent
                0x0000000000008ab4       0x5e C:\Project\CH573F\11-CH573F-BLE-UART-USB\LIB\libCH57xBLE.a(gattservapp.o)
                0x0000000000008ab4                GATTServApp_SendCCCUpdatedEvent
 .text.GATTServApp_SendServiceChangedInd
                0x0000000000008b12       0x36 C:\Project\CH573F\11-CH573F-BLE-UART-USB\LIB\libCH57xBLE.a(gattservapp.o)
                0x0000000000008b12                GATTServApp_SendServiceChangedInd
 .text.gattServApp_ClearPrepareWriteQ
                0x0000000000008b48       0x4c C:\Project\CH573F\11-CH573F-BLE-UART-USB\LIB\libCH57xBLE.a(gattservapp.o)
                0x0000000000008b48                gattServApp_ClearPrepareWriteQ
 .text.gattServApp_FindPrepareWriteQ
                0x0000000000008b94       0x2c C:\Project\CH573F\11-CH573F-BLE-UART-USB\LIB\libCH57xBLE.a(gattservapp.o)
                0x0000000000008b94                gattServApp_FindPrepareWriteQ
 .text.gattServApp_FindServiceCBs
                0x0000000000008bc0       0x18 C:\Project\CH573F\11-CH573F-BLE-UART-USB\LIB\libCH57xBLE.a(gattservapp.o)
                0x0000000000008bc0                gattServApp_FindServiceCBs
 .text.gattServApp_FindAuthorizeAttrCB
                0x0000000000008bd8       0x16 C:\Project\CH573F\11-CH573F-BLE-UART-USB\LIB\libCH57xBLE.a(gattservapp.o)
                0x0000000000008bd8                gattServApp_FindAuthorizeAttrCB
 .text.gattServApp_IsWriteLong
                0x0000000000008bee       0xe6 C:\Project\CH573F\11-CH573F-BLE-UART-USB\LIB\libCH57xBLE.a(gattservapp.o)
                0x0000000000008bee                gattServApp_IsWriteLong
 .text.gattFindService
                0x0000000000008cd4       0x1c C:\Project\CH573F\11-CH573F-BLE-UART-USB\LIB\libCH57xBLE.a(gattservapp.o)
                0x0000000000008cd4                gattFindService
 .text.GATT_ServiceNumAttrs
                0x0000000000008cf0       0x18 C:\Project\CH573F\11-CH573F-BLE-UART-USB\LIB\libCH57xBLE.a(gattservapp.o)
                0x0000000000008cf0                GATT_ServiceNumAttrs
 .text.GATT_ServiceEncKeySize
                0x0000000000008d08       0x18 C:\Project\CH573F\11-CH573F-BLE-UART-USB\LIB\libCH57xBLE.a(gattservapp.o)
                0x0000000000008d08                GATT_ServiceEncKeySize
 .text.GATT_VerifyWritePermissions.part.7
                0x0000000000008d20       0x2e C:\Project\CH573F\11-CH573F-BLE-UART-USB\LIB\libCH57xBLE.a(gattservapp.o)
 .text.gattResetServerInfo
                0x0000000000008d4e       0x1c C:\Project\CH573F\11-CH573F-BLE-UART-USB\LIB\libCH57xBLE.a(gattservapp.o)
                0x0000000000008d4e                gattResetServerInfo
 .text.gattFindServerInfo
                0x0000000000008d6a       0x28 C:\Project\CH573F\11-CH573F-BLE-UART-USB\LIB\libCH57xBLE.a(gattservapp.o)
                0x0000000000008d6a                gattFindServerInfo
 .text.gattServerHandleConnStatusCB
                0x0000000000008d92       0x98 C:\Project\CH573F\11-CH573F-BLE-UART-USB\LIB\libCH57xBLE.a(gattservapp.o)
                0x0000000000008d92                gattServerHandleConnStatusCB
 .text.gattServerProcessMsgCB
                0x0000000000008e2a      0x1c0 C:\Project\CH573F\11-CH573F-BLE-UART-USB\LIB\libCH57xBLE.a(gattservapp.o)
                0x0000000000008e2a                gattServerProcessMsgCB
 .text.gattServerNotifyTxCB
                0x0000000000008fea       0x28 C:\Project\CH573F\11-CH573F-BLE-UART-USB\LIB\libCH57xBLE.a(gattservapp.o)
 .text.GATT_FindHandle
                0x0000000000009012       0x4a C:\Project\CH573F\11-CH573F-BLE-UART-USB\LIB\libCH57xBLE.a(gattservapp.o)
                0x0000000000009012                GATT_FindHandle
 .text.GATTServApp_WriteAttr
                0x000000000000905c       0xa8 C:\Project\CH573F\11-CH573F-BLE-UART-USB\LIB\libCH57xBLE.a(gattservapp.o)
                0x000000000000905c                GATTServApp_WriteAttr
 .text.gattServApp_ProcessExecuteWriteReq
                0x0000000000009104      0x100 C:\Project\CH573F\11-CH573F-BLE-UART-USB\LIB\libCH57xBLE.a(gattservapp.o)
                0x0000000000009104                gattServApp_ProcessExecuteWriteReq
 .text.GATTServApp_UpdateCharCfg
                0x0000000000009204       0x1e C:\Project\CH573F\11-CH573F-BLE-UART-USB\LIB\libCH57xBLE.a(gattservapp.o)
                0x0000000000009204                GATTServApp_UpdateCharCfg
 .text.gattServApp_ProcessPrepareWriteReq
                0x0000000000009222      0x10e C:\Project\CH573F\11-CH573F-BLE-UART-USB\LIB\libCH57xBLE.a(gattservapp.o)
                0x0000000000009222                gattServApp_ProcessPrepareWriteReq
 .text.gattServApp_ProcessWriteReq
                0x0000000000009330       0xb0 C:\Project\CH573F\11-CH573F-BLE-UART-USB\LIB\libCH57xBLE.a(gattservapp.o)
                0x0000000000009330                gattServApp_ProcessWriteReq
 .text.GATT_Indication
                0x00000000000093e0       0xa4 C:\Project\CH573F\11-CH573F-BLE-UART-USB\LIB\libCH57xBLE.a(gattservapp.o)
                0x00000000000093e0                GATT_Indication
 .text.GATT_FindHandleUUID
                0x0000000000009484       0x94 C:\Project\CH573F\11-CH573F-BLE-UART-USB\LIB\libCH57xBLE.a(gattservapp.o)
                0x0000000000009484                GATT_FindHandleUUID
 .text.gattProcessReadByGrpTypeReq
                0x0000000000009518       0x60 C:\Project\CH573F\11-CH573F-BLE-UART-USB\LIB\libCH57xBLE.a(gattservapp.o)
 .text.gattProcessReadByTypeReq
                0x0000000000009578       0x34 C:\Project\CH573F\11-CH573F-BLE-UART-USB\LIB\libCH57xBLE.a(gattservapp.o)
 .text.gattProcessFindByTypeValueReq
                0x00000000000095ac       0x34 C:\Project\CH573F\11-CH573F-BLE-UART-USB\LIB\libCH57xBLE.a(gattservapp.o)
 .text.gattProcessFindInfoReq
                0x00000000000095e0      0x1aa C:\Project\CH573F\11-CH573F-BLE-UART-USB\LIB\libCH57xBLE.a(gattservapp.o)
 .text.GATT_Notification
                0x000000000000978a       0x70 C:\Project\CH573F\11-CH573F-BLE-UART-USB\LIB\libCH57xBLE.a(gattservapp.o)
                0x000000000000978a                GATT_Notification
 .text.GATT_VerifyWritePermissions
                0x00000000000097fa       0x6a C:\Project\CH573F\11-CH573F-BLE-UART-USB\LIB\libCH57xBLE.a(gattservapp.o)
                0x00000000000097fa                GATT_VerifyWritePermissions
 .text.gattProcessWriteReq
                0x0000000000009864       0x36 C:\Project\CH573F\11-CH573F-BLE-UART-USB\LIB\libCH57xBLE.a(gattservapp.o)
 .text.GATT_VerifyPrepareWritePermissions
                0x000000000000989a       0x56 C:\Project\CH573F\11-CH573F-BLE-UART-USB\LIB\libCH57xBLE.a(gattservapp.o)
                0x000000000000989a                GATT_VerifyPrepareWritePermissions
 .text.gattProcessPrepareWriteReq
                0x00000000000098f0       0x36 C:\Project\CH573F\11-CH573F-BLE-UART-USB\LIB\libCH57xBLE.a(gattservapp.o)
 .text.GATT_FindNextAttr
                0x0000000000009926       0xc2 C:\Project\CH573F\11-CH573F-BLE-UART-USB\LIB\libCH57xBLE.a(gattservapp.o)
                0x0000000000009926                GATT_FindNextAttr
 .text.GATTServApp_ReadAttr
                0x00000000000099e8      0x2e2 C:\Project\CH573F\11-CH573F-BLE-UART-USB\LIB\libCH57xBLE.a(gattservapp.o)
                0x00000000000099e8                GATTServApp_ReadAttr
 .text.gattServApp_ProcessReadMultiReq
                0x0000000000009cca      0x16e C:\Project\CH573F\11-CH573F-BLE-UART-USB\LIB\libCH57xBLE.a(gattservapp.o)
                0x0000000000009cca                gattServApp_ProcessReadMultiReq
 .text.gattServApp_ProcessFindByTypeValueReq
                0x0000000000009e38      0x19c C:\Project\CH573F\11-CH573F-BLE-UART-USB\LIB\libCH57xBLE.a(gattservapp.o)
                0x0000000000009e38                gattServApp_ProcessFindByTypeValueReq
 .text.GATT_VerifyReadPermissions
                0x0000000000009fd4       0x68 C:\Project\CH573F\11-CH573F-BLE-UART-USB\LIB\libCH57xBLE.a(gattservapp.o)
                0x0000000000009fd4                GATT_VerifyReadPermissions
 .text.gattProcessReadMultiReq
                0x000000000000a03c       0xae C:\Project\CH573F\11-CH573F-BLE-UART-USB\LIB\libCH57xBLE.a(gattservapp.o)
 .text.gattProcessReadReq
                0x000000000000a0ea       0x30 C:\Project\CH573F\11-CH573F-BLE-UART-USB\LIB\libCH57xBLE.a(gattservapp.o)
 .text.gattServApp_ProcessReadByGrpTypeReq
                0x000000000000a11a      0x21c C:\Project\CH573F\11-CH573F-BLE-UART-USB\LIB\libCH57xBLE.a(gattservapp.o)
                0x000000000000a11a                gattServApp_ProcessReadByGrpTypeReq
 .text.gattServApp_ProcessReadByTypeReq
                0x000000000000a336      0x1ae C:\Project\CH573F\11-CH573F-BLE-UART-USB\LIB\libCH57xBLE.a(gattservapp.o)
                0x000000000000a336                gattServApp_ProcessReadByTypeReq
 .text.GATT_RegisterService
                0x000000000000a4e4       0xfc C:\Project\CH573F\11-CH573F-BLE-UART-USB\LIB\libCH57xBLE.a(gattservapp.o)
                0x000000000000a4e4                GATT_RegisterService
 .text.GATTServApp_RegisterService
                0x000000000000a5e0       0x8a C:\Project\CH573F\11-CH573F-BLE-UART-USB\LIB\libCH57xBLE.a(gattservapp.o)
                0x000000000000a5e0                GATTServApp_RegisterService
 .text.GATTServApp_AddService
                0x000000000000a66a       0x2c C:\Project\CH573F\11-CH573F-BLE-UART-USB\LIB\libCH57xBLE.a(gattservapp.o)
                0x000000000000a66a                GATTServApp_AddService
 .text.GATTServApp_RegisterForMsg
                0x000000000000a696        0x6 C:\Project\CH573F\11-CH573F-BLE-UART-USB\LIB\libCH57xBLE.a(gattservapp.o)
                0x000000000000a696                GATTServApp_RegisterForMsg
 .text.GATTServApp_InitCharCfg
                0x000000000000a69c       0x28 C:\Project\CH573F\11-CH573F-BLE-UART-USB\LIB\libCH57xBLE.a(gattservapp.o)
                0x000000000000a69c                GATTServApp_InitCharCfg
 .text.gattServApp_HandleConnStatusCB
                0x000000000000a6c4       0x74 C:\Project\CH573F\11-CH573F-BLE-UART-USB\LIB\libCH57xBLE.a(gattservapp.o)
                0x000000000000a6c4                gattServApp_HandleConnStatusCB
 .text.GATT_InitServer
                0x000000000000a738       0xf6 C:\Project\CH573F\11-CH573F-BLE-UART-USB\LIB\libCH57xBLE.a(gattservapp.o)
                0x000000000000a738                GATT_InitServer
 .text.GATTServApp_Init
                0x000000000000a82e       0x34 C:\Project\CH573F\11-CH573F-BLE-UART-USB\LIB\libCH57xBLE.a(gattservapp.o)
                0x000000000000a82e                GATTServApp_Init
 .text.GATTServApp_ProcessEvent
                0x000000000000a862      0x366 C:\Project\CH573F\11-CH573F-BLE-UART-USB\LIB\libCH57xBLE.a(gattservapp.o)
                0x000000000000a862                GATTServApp_ProcessEvent
 .text.l2capAllocConnChannel
                0x000000000000abc8       0xd8 C:\Project\CH573F\11-CH573F-BLE-UART-USB\LIB\libCH57xBLE.a(l2cap.o)
                0x000000000000abc8                l2capAllocConnChannel
 .text.l2capFindLocalCID
                0x000000000000aca0       0x2c C:\Project\CH573F\11-CH573F-BLE-UART-USB\LIB\libCH57xBLE.a(l2cap.o)
                0x000000000000aca0                l2capFindLocalCID
 .text.l2capFindLocalId
                0x000000000000accc       0x30 C:\Project\CH573F\11-CH573F-BLE-UART-USB\LIB\libCH57xBLE.a(l2cap.o)
                0x000000000000accc                l2capFindLocalId
 .text.l2capFindPsm
                0x000000000000acfc       0x2c C:\Project\CH573F\11-CH573F-BLE-UART-USB\LIB\libCH57xBLE.a(l2cap.o)
                0x000000000000acfc                l2capFindPsm
 .text.l2capFindRemoteCID
                0x000000000000ad28       0x3c C:\Project\CH573F\11-CH573F-BLE-UART-USB\LIB\libCH57xBLE.a(l2cap.o)
                0x000000000000ad28                l2capFindRemoteCID
 .text.l2capFreeChannel
                0x000000000000ad64       0x4a C:\Project\CH573F\11-CH573F-BLE-UART-USB\LIB\libCH57xBLE.a(l2cap.o)
                0x000000000000ad64                l2capFreeChannel
 .text.l2capDisconnectChannel
                0x000000000000adae       0x28 C:\Project\CH573F\11-CH573F-BLE-UART-USB\LIB\libCH57xBLE.a(l2cap.o)
                0x000000000000adae                l2capDisconnectChannel
 .text.l2capHandleTimerCB
                0x000000000000add6       0x2c C:\Project\CH573F\11-CH573F-BLE-UART-USB\LIB\libCH57xBLE.a(l2cap.o)
                0x000000000000add6                l2capHandleTimerCB
 .text.l2capFreePendingPkt
                0x000000000000ae02       0x58 C:\Project\CH573F\11-CH573F-BLE-UART-USB\LIB\libCH57xBLE.a(l2cap.o)
                0x000000000000ae02                l2capFreePendingPkt
 .text.l2capGetCoChannelInfo
                0x000000000000ae5a       0x7e C:\Project\CH573F\11-CH573F-BLE-UART-USB\LIB\libCH57xBLE.a(l2cap.o)
                0x000000000000ae5a                l2capGetCoChannelInfo
 .text.l2capNumActiveChannnels
                0x000000000000aed8       0x44 C:\Project\CH573F\11-CH573F-BLE-UART-USB\LIB\libCH57xBLE.a(l2cap.o)
                0x000000000000aed8                l2capNumActiveChannnels
 .text.l2capStartTimer
                0x000000000000af1c       0x1a C:\Project\CH573F\11-CH573F-BLE-UART-USB\LIB\libCH57xBLE.a(l2cap.o)
                0x000000000000af1c                l2capStartTimer
 .text.l2capStopTimer
                0x000000000000af36       0x1e C:\Project\CH573F\11-CH573F-BLE-UART-USB\LIB\libCH57xBLE.a(l2cap.o)
                0x000000000000af36                l2capStopTimer
 .text.l2capDisconnectAllChannels
                0x000000000000af54       0xdc C:\Project\CH573F\11-CH573F-BLE-UART-USB\LIB\libCH57xBLE.a(l2cap.o)
                0x000000000000af54                l2capDisconnectAllChannels
 .text.l2capHandleConnStatusCB
                0x000000000000b030       0x3c C:\Project\CH573F\11-CH573F-BLE-UART-USB\LIB\libCH57xBLE.a(l2cap.o)
                0x000000000000b030                l2capHandleConnStatusCB
 .text.l2capHandleRxError
                0x000000000000b06c        0x6 C:\Project\CH573F\11-CH573F-BLE-UART-USB\LIB\libCH57xBLE.a(l2cap.o)
                0x000000000000b06c                l2capHandleRxError
 .text.L2CAP_GetMTU
                0x000000000000b072        0x6 C:\Project\CH573F\11-CH573F-BLE-UART-USB\LIB\libCH57xBLE.a(l2cap.o)
                0x000000000000b072                L2CAP_GetMTU
 .text.L2CAP_HostNumCompletedPkts
                0x000000000000b078       0x28 C:\Project\CH573F\11-CH573F-BLE-UART-USB\LIB\libCH57xBLE.a(l2cap.o)
                0x000000000000b078                L2CAP_HostNumCompletedPkts
 .text.L2CAP_ParseConnectReq
                0x000000000000b0a0       0x5e C:\Project\CH573F\11-CH573F-BLE-UART-USB\LIB\libCH57xBLE.a(l2cap.o)
                0x000000000000b0a0                L2CAP_ParseConnectReq
 .text.L2CAP_ParseFlowCtrlCredit
                0x000000000000b0fe       0x2e C:\Project\CH573F\11-CH573F-BLE-UART-USB\LIB\libCH57xBLE.a(l2cap.o)
                0x000000000000b0fe                L2CAP_ParseFlowCtrlCredit
 .text.L2CAP_RegisterApp
                0x000000000000b12c       0x30 C:\Project\CH573F\11-CH573F-BLE-UART-USB\LIB\libCH57xBLE.a(l2cap.o)
                0x000000000000b12c                L2CAP_RegisterApp
 .text.L2CAP_SetBufSize
                0x000000000000b15c       0x1e C:\Project\CH573F\11-CH573F-BLE-UART-USB\LIB\libCH57xBLE.a(l2cap.o)
                0x000000000000b15c                L2CAP_SetBufSize
 .text.L2CAP_bm_alloc
                0x000000000000b17a       0x30 C:\Project\CH573F\11-CH573F-BLE-UART-USB\LIB\libCH57xBLE.a(l2cap.o)
                0x000000000000b17a                L2CAP_bm_alloc
 .text.L2CAP_Init
                0x000000000000b1aa       0xf0 C:\Project\CH573F\11-CH573F-BLE-UART-USB\LIB\libCH57xBLE.a(l2cap.o)
                0x000000000000b1aa                L2CAP_Init
 .text.L2CAP_ProcessEvent
                0x000000000000b29a       0xc8 C:\Project\CH573F\11-CH573F-BLE-UART-USB\LIB\libCH57xBLE.a(l2cap.o)
                0x000000000000b29a                L2CAP_ProcessEvent
 .text.l2capParseCmdReject
                0x000000000000b362       0x5e C:\Project\CH573F\11-CH573F-BLE-UART-USB\LIB\libCH57xBLE.a(l2cap_input.o)
                0x000000000000b362                l2capParseCmdReject
 .text.l2capParseDisconnectReq
                0x000000000000b3c0       0x2e C:\Project\CH573F\11-CH573F-BLE-UART-USB\LIB\libCH57xBLE.a(l2cap_input.o)
                0x000000000000b3c0                l2capParseDisconnectReq
 .text.l2capParseDisconnectRsp
                0x000000000000b3ee       0x2e C:\Project\CH573F\11-CH573F-BLE-UART-USB\LIB\libCH57xBLE.a(l2cap_input.o)
                0x000000000000b3ee                l2capParseDisconnectRsp
 .text.L2CAP_ParseParamUpdateReq
                0x000000000000b41c       0x4e C:\Project\CH573F\11-CH573F-BLE-UART-USB\LIB\libCH57xBLE.a(l2cap_input.o)
                0x000000000000b41c                L2CAP_ParseParamUpdateReq
 .text.l2capParseParamUpdateRsp
                0x000000000000b46a       0x1e C:\Project\CH573F\11-CH573F-BLE-UART-USB\LIB\libCH57xBLE.a(l2cap_input.o)
                0x000000000000b46a                l2capParseParamUpdateRsp
 .text.l2capProcessConnectReq
                0x000000000000b488       0xfc C:\Project\CH573F\11-CH573F-BLE-UART-USB\LIB\libCH57xBLE.a(l2cap_input.o)
                0x000000000000b488                l2capProcessConnectReq
 .text.l2capParseConnectRsp
                0x000000000000b584       0x5e C:\Project\CH573F\11-CH573F-BLE-UART-USB\LIB\libCH57xBLE.a(l2cap_input.o)
                0x000000000000b584                l2capParseConnectRsp
 .text.l2capParseSignalHdr
                0x000000000000b5e2       0x22 C:\Project\CH573F\11-CH573F-BLE-UART-USB\LIB\libCH57xBLE.a(l2cap_input.o)
                0x000000000000b5e2                l2capParseSignalHdr
 .text.l2capParsePacket
                0x000000000000b604       0x8c C:\Project\CH573F\11-CH573F-BLE-UART-USB\LIB\libCH57xBLE.a(l2cap_input.o)
                0x000000000000b604                l2capParsePacket
 .text.l2capProcessReq
                0x000000000000b690      0x15a C:\Project\CH573F\11-CH573F-BLE-UART-USB\LIB\libCH57xBLE.a(l2cap_input.o)
                0x000000000000b690                l2capProcessReq
 .text.l2capProcessRsp
                0x000000000000b7ea      0x150 C:\Project\CH573F\11-CH573F-BLE-UART-USB\LIB\libCH57xBLE.a(l2cap_input.o)
                0x000000000000b7ea                l2capProcessRsp
 .text.l2capProcessRxData
                0x000000000000b93a       0xf8 C:\Project\CH573F\11-CH573F-BLE-UART-USB\LIB\libCH57xBLE.a(l2cap_input.o)
                0x000000000000b93a                l2capProcessRxData
 .text.l2capNotifyData
                0x000000000000ba32       0x5a C:\Project\CH573F\11-CH573F-BLE-UART-USB\LIB\libCH57xBLE.a(l2cap_output.o)
                0x000000000000ba32                l2capNotifyData
 .text.l2capNotifySignal
                0x000000000000ba8c       0x76 C:\Project\CH573F\11-CH573F-BLE-UART-USB\LIB\libCH57xBLE.a(l2cap_output.o)
                0x000000000000ba8c                l2capNotifySignal
 .text.l2capNotifyCreditEvt
                0x000000000000bb02       0x9c C:\Project\CH573F\11-CH573F-BLE-UART-USB\LIB\libCH57xBLE.a(l2cap_output.o)
                0x000000000000bb02                l2capNotifyCreditEvt
 .text.l2capNotifyChannelEstEvt
                0x000000000000bb9e       0x58 C:\Project\CH573F\11-CH573F-BLE-UART-USB\LIB\libCH57xBLE.a(l2cap_output.o)
                0x000000000000bb9e                l2capNotifyChannelEstEvt
 .text.l2capNotifyChannelTermEvt
                0x000000000000bbf6       0x3e C:\Project\CH573F\11-CH573F-BLE-UART-USB\LIB\libCH57xBLE.a(l2cap_output.o)
                0x000000000000bbf6                l2capNotifyChannelTermEvt
 .text.l2capNotifyEvent
                0x000000000000bc34       0x66 C:\Project\CH573F\11-CH573F-BLE-UART-USB\LIB\libCH57xBLE.a(l2cap_output.o)
                0x000000000000bc34                l2capNotifyEvent
 .text.l2capStoreFCPkt
                0x000000000000bc9a       0x32 C:\Project\CH573F\11-CH573F-BLE-UART-USB\LIB\libCH57xBLE.a(l2cap_output.o)
                0x000000000000bc9a                l2capStoreFCPkt
 .text.l2capFreeTxSDU
                0x000000000000bccc       0x9a C:\Project\CH573F\11-CH573F-BLE-UART-USB\LIB\libCH57xBLE.a(l2cap_output.o)
                0x000000000000bccc                l2capFreeTxSDU
 .text.l2capReassembleSegment
                0x000000000000bd66      0x174 C:\Project\CH573F\11-CH573F-BLE-UART-USB\LIB\libCH57xBLE.a(l2cap_output.o)
                0x000000000000bd66                l2capReassembleSegment
 .text.l2capEncapSendData
                0x000000000000beda       0xec C:\Project\CH573F\11-CH573F-BLE-UART-USB\LIB\libCH57xBLE.a(l2cap_output.o)
                0x000000000000beda                l2capEncapSendData
 .text.l2capSendFCPkt.part.3
                0x000000000000bfc6       0x70 C:\Project\CH573F\11-CH573F-BLE-UART-USB\LIB\libCH57xBLE.a(l2cap_output.o)
 .text.l2capSendSegment
                0x000000000000c036      0x108 C:\Project\CH573F\11-CH573F-BLE-UART-USB\LIB\libCH57xBLE.a(l2cap_output.o)
                0x000000000000c036                l2capSendSegment
 .text.l2capSendNextSegment
                0x000000000000c13e       0xb4 C:\Project\CH573F\11-CH573F-BLE-UART-USB\LIB\libCH57xBLE.a(l2cap_output.o)
                0x000000000000c13e                l2capSendNextSegment
 .text.l2capSendPkt
                0x000000000000c1f2       0x3a C:\Project\CH573F\11-CH573F-BLE-UART-USB\LIB\libCH57xBLE.a(l2cap_output.o)
                0x000000000000c1f2                l2capSendPkt
 .text.L2CAP_SendData
                0x000000000000c22c       0x82 C:\Project\CH573F\11-CH573F-BLE-UART-USB\LIB\libCH57xBLE.a(l2cap_output.o)
                0x000000000000c22c                L2CAP_SendData
 .text.l2capSendCmd
                0x000000000000c2ae       0x8a C:\Project\CH573F\11-CH573F-BLE-UART-USB\LIB\libCH57xBLE.a(l2cap_output.o)
                0x000000000000c2ae                l2capSendCmd
 .text.l2capSendReq
                0x000000000000c338       0xbc C:\Project\CH573F\11-CH573F-BLE-UART-USB\LIB\libCH57xBLE.a(l2cap_output.o)
                0x000000000000c338                l2capSendReq
 .text.l2capBuildDisconnectReq
                0x000000000000c3f4       0x28 C:\Project\CH573F\11-CH573F-BLE-UART-USB\LIB\libCH57xBLE.a(l2cap_sdu.o)
 .text.l2capBuildParamUpdateReq
                0x000000000000c41c       0x4c C:\Project\CH573F\11-CH573F-BLE-UART-USB\LIB\libCH57xBLE.a(l2cap_sdu.o)
 .text.l2capBuildParamUpdateRsp
                0x000000000000c468       0x16 C:\Project\CH573F\11-CH573F-BLE-UART-USB\LIB\libCH57xBLE.a(l2cap_sdu.o)
 .text.l2capBuildConnectRsp
                0x000000000000c47e       0x5e C:\Project\CH573F\11-CH573F-BLE-UART-USB\LIB\libCH57xBLE.a(l2cap_sdu.o)
 .text.l2capBuildCmdReject
                0x000000000000c4dc       0x62 C:\Project\CH573F\11-CH573F-BLE-UART-USB\LIB\libCH57xBLE.a(l2cap_sdu.o)
                0x000000000000c4dc                l2capBuildCmdReject
 .text.l2capBuildDisconnectRsp
                0x000000000000c53e       0x28 C:\Project\CH573F\11-CH573F-BLE-UART-USB\LIB\libCH57xBLE.a(l2cap_sdu.o)
                0x000000000000c53e                l2capBuildDisconnectRsp
 .text.l2capSendConnectRsp
                0x000000000000c566       0xa2 C:\Project\CH573F\11-CH573F-BLE-UART-USB\LIB\libCH57xBLE.a(l2cap_sdu.o)
                0x000000000000c566                l2capSendConnectRsp
 .text.L2CAP_CmdReject
                0x000000000000c608       0x12 C:\Project\CH573F\11-CH573F-BLE-UART-USB\LIB\libCH57xBLE.a(l2cap_sdu.o)
                0x000000000000c608                L2CAP_CmdReject
 .text.L2CAP_DisconnectReq
                0x000000000000c61a       0x2a C:\Project\CH573F\11-CH573F-BLE-UART-USB\LIB\libCH57xBLE.a(l2cap_sdu.o)
                0x000000000000c61a                L2CAP_DisconnectReq
 .text.L2CAP_ConnParamUpdateReq
                0x000000000000c644       0x16 C:\Project\CH573F\11-CH573F-BLE-UART-USB\LIB\libCH57xBLE.a(l2cap_sdu.o)
                0x000000000000c644                L2CAP_ConnParamUpdateReq
 .text.L2CAP_ConnParamUpdateRsp
                0x000000000000c65a       0x12 C:\Project\CH573F\11-CH573F-BLE-UART-USB\LIB\libCH57xBLE.a(l2cap_sdu.o)
                0x000000000000c65a                L2CAP_ConnParamUpdateRsp
 .text.reportStatusChange
                0x000000000000c66c       0x3e C:\Project\CH573F\11-CH573F-BLE-UART-USB\LIB\libCH57xBLE.a(linkdb.o)
 .text.linkDB_Init
                0x000000000000c6aa       0x88 C:\Project\CH573F\11-CH573F-BLE-UART-USB\LIB\libCH57xBLE.a(linkdb.o)
                0x000000000000c6aa                linkDB_Init
 .text.linkDB_Find
                0x000000000000c732       0x2c C:\Project\CH573F\11-CH573F-BLE-UART-USB\LIB\libCH57xBLE.a(linkdb.o)
                0x000000000000c732                linkDB_Find
 .text.linkDB_Authen
                0x000000000000c75e       0x5c C:\Project\CH573F\11-CH573F-BLE-UART-USB\LIB\libCH57xBLE.a(linkdb.o)
                0x000000000000c75e                linkDB_Authen
 .text.linkDB_FindByAddr
                0x000000000000c7ba       0x76 C:\Project\CH573F\11-CH573F-BLE-UART-USB\LIB\libCH57xBLE.a(linkdb.o)
                0x000000000000c7ba                linkDB_FindByAddr
 .text.linkDB_FindFirst
                0x000000000000c830       0x38 C:\Project\CH573F\11-CH573F-BLE-UART-USB\LIB\libCH57xBLE.a(linkdb.o)
                0x000000000000c830                linkDB_FindFirst
 .text.linkDB_MTU
                0x000000000000c868       0x18 C:\Project\CH573F\11-CH573F-BLE-UART-USB\LIB\libCH57xBLE.a(linkdb.o)
                0x000000000000c868                linkDB_MTU
 .text.linkDB_NumActive
                0x000000000000c880       0x2e C:\Project\CH573F\11-CH573F-BLE-UART-USB\LIB\libCH57xBLE.a(linkdb.o)
                0x000000000000c880                linkDB_NumActive
 .text.linkDB_NumConns
                0x000000000000c8ae        0x6 C:\Project\CH573F\11-CH573F-BLE-UART-USB\LIB\libCH57xBLE.a(linkdb.o)
                0x000000000000c8ae                linkDB_NumConns
 .text.linkDB_Register
                0x000000000000c8b4       0x28 C:\Project\CH573F\11-CH573F-BLE-UART-USB\LIB\libCH57xBLE.a(linkdb.o)
                0x000000000000c8b4                linkDB_Register
 .text.linkDB_Remove
                0x000000000000c8dc       0x48 C:\Project\CH573F\11-CH573F-BLE-UART-USB\LIB\libCH57xBLE.a(linkdb.o)
                0x000000000000c8dc                linkDB_Remove
 .text.linkDB_Role
                0x000000000000c924       0x18 C:\Project\CH573F\11-CH573F-BLE-UART-USB\LIB\libCH57xBLE.a(linkdb.o)
                0x000000000000c924                linkDB_Role
 .text.linkDB_State
                0x000000000000c93c       0x30 C:\Project\CH573F\11-CH573F-BLE-UART-USB\LIB\libCH57xBLE.a(linkdb.o)
                0x000000000000c93c                linkDB_State
 .text.linkDB_UpdateMTU
                0x000000000000c96c       0x28 C:\Project\CH573F\11-CH573F-BLE-UART-USB\LIB\libCH57xBLE.a(linkdb.o)
                0x000000000000c96c                linkDB_UpdateMTU
 .text.linkDB_PerformFunc
                0x000000000000c994       0x52 C:\Project\CH573F\11-CH573F-BLE-UART-USB\LIB\libCH57xBLE.a(linkdb.o)
                0x000000000000c994                linkDB_PerformFunc
 .text.linkDB_PeripheralLinkNum
                0x000000000000c9e6       0x3e C:\Project\CH573F\11-CH573F-BLE-UART-USB\LIB\libCH57xBLE.a(linkdb.o)
                0x000000000000c9e6                linkDB_PeripheralLinkNum
 .text.linkDB_GetSMEvtID
                0x000000000000ca24       0x58 C:\Project\CH573F\11-CH573F-BLE-UART-USB\LIB\libCH57xBLE.a(linkdb.o)
                0x000000000000ca24                linkDB_GetSMEvtID
 .text.linkDB_Add
                0x000000000000ca7c       0xb2 C:\Project\CH573F\11-CH573F-BLE-UART-USB\LIB\libCH57xBLE.a(linkdb.o)
                0x000000000000ca7c                linkDB_Add
 .text.linkDB_GetHandleFromSMEvtID
                0x000000000000cb2e       0x32 C:\Project\CH573F\11-CH573F-BLE-UART-USB\LIB\libCH57xBLE.a(linkdb.o)
                0x000000000000cb2e                linkDB_GetHandleFromSMEvtID
 .text.linkDB_GetPairingParam
                0x000000000000cb60       0x54 C:\Project\CH573F\11-CH573F-BLE-UART-USB\LIB\libCH57xBLE.a(linkdb.o)
                0x000000000000cb60                linkDB_GetPairingParam
 .text.linkDB_NeedSendKey
                0x000000000000cbb4       0x42 C:\Project\CH573F\11-CH573F-BLE-UART-USB\LIB\libCH57xBLE.a(linkdb.o)
                0x000000000000cbb4                linkDB_NeedSendKey
 .text.smpBuildPairingFailed
                0x000000000000cbf6       0x1a C:\Project\CH573F\11-CH573F-BLE-UART-USB\LIB\libCH57xBLE.a(sm.o)
                0x000000000000cbf6                smpBuildPairingFailed
 .text.SM_StartEncryption
                0x000000000000cc10       0x98 C:\Project\CH573F\11-CH573F-BLE-UART-USB\LIB\libCH57xBLE.a(sm.o)
                0x000000000000cc10                SM_StartEncryption
 .text.smpBuildEncInfo
                0x000000000000cca8       0x30 C:\Project\CH573F\11-CH573F-BLE-UART-USB\LIB\libCH57xBLE.a(sm.o)
                0x000000000000cca8                smpBuildEncInfo
 .text.smpBuildIdentityAddrInfo
                0x000000000000ccd8       0x3a C:\Project\CH573F\11-CH573F-BLE-UART-USB\LIB\libCH57xBLE.a(sm.o)
                0x000000000000ccd8                smpBuildIdentityAddrInfo
 .text.smpBuildIdentityInfo
                0x000000000000cd12       0x30 C:\Project\CH573F\11-CH573F-BLE-UART-USB\LIB\libCH57xBLE.a(sm.o)
                0x000000000000cd12                smpBuildIdentityInfo
 .text.smpBuildMasterID
                0x000000000000cd42       0x44 C:\Project\CH573F\11-CH573F-BLE-UART-USB\LIB\libCH57xBLE.a(sm.o)
                0x000000000000cd42                smpBuildMasterID
 .text.smpBuildPairingConfirm
                0x000000000000cd86       0x30 C:\Project\CH573F\11-CH573F-BLE-UART-USB\LIB\libCH57xBLE.a(sm.o)
                0x000000000000cd86                smpBuildPairingConfirm
 .text.smpBuildPairingRandom
                0x000000000000cdb6       0x30 C:\Project\CH573F\11-CH573F-BLE-UART-USB\LIB\libCH57xBLE.a(sm.o)
                0x000000000000cdb6                smpBuildPairingRandom
 .text.smpBuildSigningInfo
                0x000000000000cde6       0x30 C:\Project\CH573F\11-CH573F-BLE-UART-USB\LIB\libCH57xBLE.a(sm.o)
                0x000000000000cde6                smpBuildSigningInfo
 .text.SM_ParamInit
                0x000000000000ce16       0x5a C:\Project\CH573F\11-CH573F-BLE-UART-USB\LIB\libCH57xBLE.a(sm.o)
                0x000000000000ce16                SM_ParamInit
 .text.smDetermineKeySize
                0x000000000000ce70       0x20 C:\Project\CH573F\11-CH573F-BLE-UART-USB\LIB\libCH57xBLE.a(sm.o)
                0x000000000000ce70                smDetermineKeySize
 .text.smProcessRandComplete
                0x000000000000ce90       0x9e C:\Project\CH573F\11-CH573F-BLE-UART-USB\LIB\libCH57xBLE.a(sm.o)
                0x000000000000ce90                smProcessRandComplete
 .text.smSavePairInfo
                0x000000000000cf2e      0x186 C:\Project\CH573F\11-CH573F-BLE-UART-USB\LIB\libCH57xBLE.a(sm.o)
                0x000000000000cf2e                smSavePairInfo
 .text.smSetPairingReqRsp
                0x000000000000d0b4       0x38 C:\Project\CH573F\11-CH573F-BLE-UART-USB\LIB\libCH57xBLE.a(sm.o)
                0x000000000000d0b4                smSetPairingReqRsp
 .text.smStartEncryption
                0x000000000000d0ec       0x16 C:\Project\CH573F\11-CH573F-BLE-UART-USB\LIB\libCH57xBLE.a(sm.o)
                0x000000000000d0ec                smStartEncryption
 .text.smStartRspTimer
                0x000000000000d102       0x36 C:\Project\CH573F\11-CH573F-BLE-UART-USB\LIB\libCH57xBLE.a(sm.o)
                0x000000000000d102                smStartRspTimer
 .text.smSendSMMsg
                0x000000000000d138       0x5c C:\Project\CH573F\11-CH573F-BLE-UART-USB\LIB\libCH57xBLE.a(sm.o)
                0x000000000000d138                smSendSMMsg
 .text.smGenerateConfirm
                0x000000000000d194       0x34 C:\Project\CH573F\11-CH573F-BLE-UART-USB\LIB\libCH57xBLE.a(sm.o)
                0x000000000000d194                smGenerateConfirm
 .text.smGenerateRandMsg
                0x000000000000d1c8       0x34 C:\Project\CH573F\11-CH573F-BLE-UART-USB\LIB\libCH57xBLE.a(sm.o)
                0x000000000000d1c8                smGenerateRandMsg
 .text.smPairingSendEncInfo
                0x000000000000d1fc       0x10 C:\Project\CH573F\11-CH573F-BLE-UART-USB\LIB\libCH57xBLE.a(sm.o)
                0x000000000000d1fc                smPairingSendEncInfo
 .text.smPairingSendIdentityAddrInfo
                0x000000000000d20c       0x38 C:\Project\CH573F\11-CH573F-BLE-UART-USB\LIB\libCH57xBLE.a(sm.o)
                0x000000000000d20c                smPairingSendIdentityAddrInfo
 .text.smPairingSendIdentityInfo
                0x000000000000d244       0x10 C:\Project\CH573F\11-CH573F-BLE-UART-USB\LIB\libCH57xBLE.a(sm.o)
                0x000000000000d244                smPairingSendIdentityInfo
 .text.smPairingSendMasterID
                0x000000000000d254       0x38 C:\Project\CH573F\11-CH573F-BLE-UART-USB\LIB\libCH57xBLE.a(sm.o)
                0x000000000000d254                smPairingSendMasterID
 .text.smPairingSendSingingInfo
                0x000000000000d28c       0x10 C:\Project\CH573F\11-CH573F-BLE-UART-USB\LIB\libCH57xBLE.a(sm.o)
                0x000000000000d28c                smPairingSendSingingInfo
 .text.smInitiatorSendNextKeyInfo
                0x000000000000d29c      0x1c2 C:\Project\CH573F\11-CH573F-BLE-UART-USB\LIB\libCH57xBLE.a(sm.o)
                0x000000000000d29c                smInitiatorSendNextKeyInfo
 .text.smResponderSendNextKeyInfo
                0x000000000000d45e      0x216 C:\Project\CH573F\11-CH573F-BLE-UART-USB\LIB\libCH57xBLE.a(sm.o)
                0x000000000000d45e                smResponderSendNextKeyInfo
 .text.smGeneratePairingReqRsp
                0x000000000000d674       0x3e C:\Project\CH573F\11-CH573F-BLE-UART-USB\LIB\libCH57xBLE.a(sm.o)
                0x000000000000d674                smGeneratePairingReqRsp
 .text.smStopRspTimer
                0x000000000000d6b2        0xa C:\Project\CH573F\11-CH573F-BLE-UART-USB\LIB\libCH57xBLE.a(sm.o)
                0x000000000000d6b2                smStopRspTimer
 .text.smFreePairingParams
                0x000000000000d6bc       0x68 C:\Project\CH573F\11-CH573F-BLE-UART-USB\LIB\libCH57xBLE.a(sm.o)
                0x000000000000d6bc                smFreePairingParams
 .text.smEndPairing
                0x000000000000d724       0x5c C:\Project\CH573F\11-CH573F-BLE-UART-USB\LIB\libCH57xBLE.a(sm.o)
                0x000000000000d724                smEndPairing
 .text.setupInitiatorKeys
                0x000000000000d780       0x82 C:\Project\CH573F\11-CH573F-BLE-UART-USB\LIB\libCH57xBLE.a(sm.o)
                0x000000000000d780                setupInitiatorKeys
 .text.smNextPairingState
                0x000000000000d802       0x56 C:\Project\CH573F\11-CH573F-BLE-UART-USB\LIB\libCH57xBLE.a(sm.o)
                0x000000000000d802                smNextPairingState
 .text.smProcessEncryptChange
                0x000000000000d858       0xde C:\Project\CH573F\11-CH573F-BLE-UART-USB\LIB\libCH57xBLE.a(sm.o)
                0x000000000000d858                smProcessEncryptChange
 .text.smSendFailAndEnd
                0x000000000000d936       0x38 C:\Project\CH573F\11-CH573F-BLE-UART-USB\LIB\libCH57xBLE.a(sm.o)
                0x000000000000d936                smSendFailAndEnd
 .text.smProcessPairingReq
                0x000000000000d96e       0x3c C:\Project\CH573F\11-CH573F-BLE-UART-USB\LIB\libCH57xBLE.a(sm.o)
                0x000000000000d96e                smProcessPairingReq
 .text.smLinkCheck
                0x000000000000d9aa       0x34 C:\Project\CH573F\11-CH573F-BLE-UART-USB\LIB\libCH57xBLE.a(sm.o)
                0x000000000000d9aa                smLinkCheck
 .text.smTimedOut
                0x000000000000d9de       0x20 C:\Project\CH573F\11-CH573F-BLE-UART-USB\LIB\libCH57xBLE.a(sm.o)
                0x000000000000d9de                smTimedOut
 .text.smUint8ToAuthReq
                0x000000000000d9fe        0x6 C:\Project\CH573F\11-CH573F-BLE-UART-USB\LIB\libCH57xBLE.a(sm.o)
                0x000000000000d9fe                smUint8ToAuthReq
 .text.sm_ah    0x000000000000da04       0x80 C:\Project\CH573F\11-CH573F-BLE-UART-USB\LIB\libCH57xBLE.a(sm.o)
                0x000000000000da04                sm_ah
 .text.sm_xor   0x000000000000da84       0x24 C:\Project\CH573F\11-CH573F-BLE-UART-USB\LIB\libCH57xBLE.a(sm.o)
                0x000000000000da84                sm_xor
 .text.sm_c1new
                0x000000000000daa8      0x11c C:\Project\CH573F\11-CH573F-BLE-UART-USB\LIB\libCH57xBLE.a(sm.o)
                0x000000000000daa8                sm_c1new
 .text.sm_s1    0x000000000000dbc4       0x86 C:\Project\CH573F\11-CH573F-BLE-UART-USB\LIB\libCH57xBLE.a(sm.o)
                0x000000000000dbc4                sm_s1
 .text.smResponderProcessLTKReq
                0x000000000000dc4a      0x1e6 C:\Project\CH573F\11-CH573F-BLE-UART-USB\LIB\libCH57xBLE.a(sm.o)
                0x000000000000dc4a                smResponderProcessLTKReq
 .text.xor_128  0x000000000000de30       0x28 C:\Project\CH573F\11-CH573F-BLE-UART-USB\LIB\libCH57xBLE.a(sm.o)
                0x000000000000de30                xor_128
 .text.leftshift_onebit
                0x000000000000de58       0x2e C:\Project\CH573F\11-CH573F-BLE-UART-USB\LIB\libCH57xBLE.a(sm.o)
                0x000000000000de58                leftshift_onebit
 .text.padding  0x000000000000de86       0x38 C:\Project\CH573F\11-CH573F-BLE-UART-USB\LIB\libCH57xBLE.a(sm.o)
                0x000000000000de86                padding
 .text.generate_subkey
                0x000000000000debe       0xd0 C:\Project\CH573F\11-CH573F-BLE-UART-USB\LIB\libCH57xBLE.a(sm.o)
                0x000000000000debe                generate_subkey
 .text.sm_CMAC  0x000000000000df8e      0x16e C:\Project\CH573F\11-CH573F-BLE-UART-USB\LIB\libCH57xBLE.a(sm.o)
                0x000000000000df8e                sm_CMAC
 .text.smpBuildPairingReqRsp
                0x000000000000e0fc       0xc6 C:\Project\CH573F\11-CH573F-BLE-UART-USB\LIB\libCH57xBLE.a(sm.o)
                0x000000000000e0fc                smpBuildPairingReqRsp
 .text.smpBuildPairingReq
                0x000000000000e1c2        0xa C:\Project\CH573F\11-CH573F-BLE-UART-USB\LIB\libCH57xBLE.a(sm.o)
                0x000000000000e1c2                smpBuildPairingReq
 .text.smpBuildPairingRsp
                0x000000000000e1cc        0xa C:\Project\CH573F\11-CH573F-BLE-UART-USB\LIB\libCH57xBLE.a(sm.o)
                0x000000000000e1cc                smpBuildPairingRsp
 .text.sm_c1    0x000000000000e1d6       0xb4 C:\Project\CH573F\11-CH573F-BLE-UART-USB\LIB\libCH57xBLE.a(sm.o)
                0x000000000000e1d6                sm_c1
 .text.smpBuildSecurityReq
                0x000000000000e28a       0x1a C:\Project\CH573F\11-CH573F-BLE-UART-USB\LIB\libCH57xBLE.a(sm.o)
                0x000000000000e28a                smpBuildSecurityReq