Archive member included to satisfy reference by file (symbol)

C:\Project\CH573F\Quark_Link_Wireless\StdPeriphDriver\libISP573.a(ISP573.o)
                              ./StdPeriphDriver/CH57x_pwr.o (FLASH_EEPROM_CMD)
C:\Project\CH573F\Quark_Link_Wireless\LIB\libCH57xBLE.a(message.o)
                              ./QLW_lib/ble_task/ble_task.o (tmos_msg_deallocate)
C:\Project\CH573F\Quark_Link_Wireless\LIB\libCH57xBLE.a(tmos.o)
                              ./QLW_lib/ble_task/ble_task.o (tmos_memcpy)
C:\Project\CH573F\Quark_Link_Wireless\LIB\libCH57xBLE.a(tmos_hw.o)
                              C:\Project\CH573F\Quark_Link_Wireless\LIB\libCH57xBLE.a(tmos.o) (RTC_Get32KClock)
C:\Project\CH573F\Quark_Link_Wireless\LIB\libCH57xBLE.a(tmos_snv.o)
                              C:\Project\CH573F\Quark_Link_Wireless\LIB\libCH57xBLE.a(tmos.o) (tmos_snv_init)
C:\Project\CH573F\Quark_Link_Wireless\LIB\libCH57xBLE.a(att.o)
                              ./QLW_lib/ble_task/ble_task.o (ATT_GetMTU)
C:\Project\CH573F\Quark_Link_Wireless\LIB\libCH57xBLE.a(att_client.o)
                              C:\Project\CH573F\Quark_Link_Wireless\LIB\libCH57xBLE.a(att.o) (ATT_HandleValueConfirmation)
C:\Project\CH573F\Quark_Link_Wireless\LIB\libCH57xBLE.a(gap.o)
                              ./QLW_lib/ble_task/ble_task.o (GAP_SetParamValue)
C:\Project\CH573F\Quark_Link_Wireless\LIB\libCH57xBLE.a(gap_central.o)
                              C:\Project\CH573F\Quark_Link_Wireless\LIB\libCH57xBLE.a(gap.o) (GAP_CentralParamInit)
C:\Project\CH573F\Quark_Link_Wireless\LIB\libCH57xBLE.a(gap_peripheral.o)
                              C:\Project\CH573F\Quark_Link_Wireless\LIB\libCH57xBLE.a(gap.o) (GAP_PeripheralParamInit)
C:\Project\CH573F\Quark_Link_Wireless\LIB\libCH57xBLE.a(gapgattserver.o)
                              ./QLW_lib/ble_task/ble_task.o (GGS_SetParameter)
C:\Project\CH573F\Quark_Link_Wireless\LIB\libCH57xBLE.a(gatt.o)
                              ./QLW_lib/ble_task/ble_task.o (GATT_bm_alloc)
C:\Project\CH573F\Quark_Link_Wireless\LIB\libCH57xBLE.a(gatt_uuid.o)
                              C:\Project\CH573F\Quark_Link_Wireless\LIB\libCH57xBLE.a(gatt.o) (serviceChangedUUID)
C:\Project\CH573F\Quark_Link_Wireless\LIB\libCH57xBLE.a(gattclientapp.o)
                              C:\Project\CH573F\Quark_Link_Wireless\LIB\libCH57xBLE.a(gatt.o) (gattGetClientStatus)
C:\Project\CH573F\Quark_Link_Wireless\LIB\libCH57xBLE.a(gattservapp.o)
                              ./QLW_lib/ble_task/ble_task.o (GATTServApp_ReadCharCfg)
C:\Project\CH573F\Quark_Link_Wireless\LIB\libCH57xBLE.a(l2cap.o)
                              C:\Project\CH573F\Quark_Link_Wireless\LIB\libCH57xBLE.a(att.o) (L2CAP_GetMTU)
C:\Project\CH573F\Quark_Link_Wireless\LIB\libCH57xBLE.a(l2cap_input.o)
                              C:\Project\CH573F\Quark_Link_Wireless\LIB\libCH57xBLE.a(l2cap.o) (l2capProcessRxData)
C:\Project\CH573F\Quark_Link_Wireless\LIB\libCH57xBLE.a(l2cap_output.o)
                              C:\Project\CH573F\Quark_Link_Wireless\LIB\libCH57xBLE.a(l2cap_input.o) (l2capNotifyData)
C:\Project\CH573F\Quark_Link_Wireless\LIB\libCH57xBLE.a(l2cap_sdu.o)
                              C:\Project\CH573F\Quark_Link_Wireless\LIB\libCH57xBLE.a(l2cap_input.o) (l2capBuildDisconnectRsp)
C:\Project\CH573F\Quark_Link_Wireless\LIB\libCH57xBLE.a(linkdb.o)
                              C:\Project\CH573F\Quark_Link_Wireless\LIB\libCH57xBLE.a(l2cap.o) (linkDB_Init)
C:\Project\CH573F\Quark_Link_Wireless\LIB\libCH57xBLE.a(sm.o)
                              C:\Project\CH573F\Quark_Link_Wireless\LIB\libCH57xBLE.a(gap.o) (smStartEncryption)
C:\Project\CH573F\Quark_Link_Wireless\LIB\libCH57xBLE.a(host_input.o)
                              C:\Project\CH573F\Quark_Link_Wireless\LIB\libCH57xBLE.a(gap.o) (gBleHostPara)
C:\Project\CH573F\Quark_Link_Wireless\LIB\libCH57xBLE.a(host_output.o)
                              C:\Project\CH573F\Quark_Link_Wireless\LIB\libCH57xBLE.a(gap.o) (HCI_DisconnectCmd)
C:\Project\CH573F\Quark_Link_Wireless\LIB\libCH57xBLE.a(ll_connect.o)
                              C:\Project\CH573F\Quark_Link_Wireless\LIB\libCH57xBLE.a(tmos.o) (LL_GetNextConnectEventTime)
C:\Project\CH573F\Quark_Link_Wireless\LIB\libCH57xBLE.a(ll_core.o)
                              C:\Project\CH573F\Quark_Link_Wireless\LIB\libCH57xBLE.a(ll_connect.o) (LL_CoreGetCore)
C:\Project\CH573F\Quark_Link_Wireless\LIB\libCH57xBLE.a(ll_hop.o)
                              C:\Project\CH573F\Quark_Link_Wireless\LIB\libCH57xBLE.a(ll_connect.o) (LL_HopGetChannel)
C:\Project\CH573F\Quark_Link_Wireless\LIB\libCH57xBLE.a(ll_master.o)
                              C:\Project\CH573F\Quark_Link_Wireless\LIB\libCH57xBLE.a(ll_connect.o) (ll_master_process)
C:\Project\CH573F\Quark_Link_Wireless\LIB\libCH57xBLE.a(ll_pdu.o)
                              C:\Project\CH573F\Quark_Link_Wireless\LIB\libCH57xBLE.a(ll_master.o) (LL_ConnectionUpdateReq)
[...]
Memory Configuration

Name             Origin             Length             Attributes
FLASH            0x0000000000000000 0x0000000000070000 xr
RAM              0x0000000020003800 0x0000000000004800 xrw
*default*        0x0000000000000000 0xffffffffffffffff

Linker script and memory map

LOAD ./StdPeriphDriver/CH57x_adc.o
LOAD ./StdPeriphDriver/CH57x_clk.o
LOAD ./StdPeriphDriver/CH57x_flash.o
LOAD ./StdPeriphDriver/CH57x_gpio.o
LOAD ./StdPeriphDriver/CH57x_pwm.o
LOAD ./StdPeriphDriver/CH57x_pwr.o
LOAD ./StdPeriphDriver/CH57x_spi0.o
LOAD ./StdPeriphDriver/CH57x_sys.o
LOAD ./StdPeriphDriver/CH57x_timer0.o
LOAD ./StdPeriphDriver/CH57x_timer1.o
LOAD ./StdPeriphDriver/CH57x_timer2.o
LOAD ./StdPeriphDriver/CH57x_timer3.o
LOAD ./StdPeriphDriver/CH57x_uart0.o
LOAD ./StdPeriphDriver/CH57x_uart1.o
LOAD ./StdPeriphDriver/CH57x_uart2.o
LOAD ./StdPeriphDriver/CH57x_uart3.o
LOAD ./StdPeriphDriver/CH57x_usbdev.o
LOAD ./StdPeriphDriver/CH57x_usbhostBase.o
LOAD ./StdPeriphDriver/CH57x_usbhostClass.o
LOAD ./Startup/startup_CH573.o
LOAD ./RVMSIS/core_riscv.o
LOAD ./QLW_lib/usb_task/usb_task.o
LOAD ./QLW_lib/uart_task/uart_task.o
LOAD ./QLW_lib/boardbase/boardbase.o
LOAD ./QLW_lib/ble_task/ble_task.o
LOAD ./QLW_lib/app_drv_fifo/app_drv_fifo.o
LOAD ./QLW_lib/Storage/Storage.o
LOAD ./QLW_lib/Blinker/blinker.o
LOAD ./QLW_lib/Blinker/jsmn.o
LOAD ./Main/main.o
LOAD ./HAL/MCU.o
LOAD ./HAL/RTC.o
LOAD ./HAL/SLEEP.o
LOAD ./APP/APP.o
LOAD C:\Project\CH573F\Quark_Link_Wireless\StdPeriphDriver\libISP573.a
LOAD C:\Project\CH573F\Quark_Link_Wireless\LIB\libCH57xBLE.a
LOAD c:/software/mounriver/mounriver_studio/toolchain/risc-v embedded gcc/bin/../lib/gcc/riscv-none-embed/8.2.0/rv32imac/ilp32\libgcc.a
LOAD c:/software/mounriver/mounriver_studio/toolchain/risc-v embedded gcc/bin/../lib/gcc/riscv-none-embed/8.2.0/../../../../riscv-none-embed/lib/rv32imac/ilp32\libg_nano.a
LOAD c:/software/mounriver/mounriver_studio/toolchain/risc-v embedded gcc/bin/../lib/gcc/riscv-none-embed/8.2.0/../../../../riscv-none-embed/lib/rv32imac/ilp32\libc_nano.a
LOAD c:/software/mounriver/mounriver_studio/toolchain/risc-v embedded gcc/bin/../lib/gcc/riscv-none-embed/8.2.0/rv32imac/ilp32\libgcc.a
START GROUP
LOAD c:/software/mounriver/mounriver_studio/toolchain/risc-v embedded gcc/bin/../lib/gcc/riscv-none-embed/8.2.0/rv32imac/ilp32\libgcc.a
LOAD c:/software/mounriver/mounriver_studio/toolchain/risc-v embedded gcc/bin/../lib/gcc/riscv-none-embed/8.2.0/../../../../riscv-none-embed/lib/rv32imac/ilp32\libc_nano.a
LOAD c:/software/mounriver/mounriver_studio/toolchain/risc-v embedded gcc/bin/../lib/gcc/riscv-none-embed/8.2.0/../../../../riscv-none-embed/lib/rv32imac/ilp32\libnosys.a
END GROUP
START GROUP
LOAD c:/software/mounriver/mounriver_studio/toolchain/risc-v embedded gcc/bin/../lib/gcc/riscv-none-embed/8.2.0/rv32imac/ilp32\libgcc.a
LOAD c:/software/mounriver/mounriver_studio/toolchain/risc-v embedded gcc/bin/../lib/gcc/riscv-none-embed/8.2.0/../../../../riscv-none-embed/lib/rv32imac/ilp32\libc_nano.a
LOAD c:/software/mounriver/mounriver_studio/toolchain/risc-v embedded gcc/bin/../lib/gcc/riscv-none-embed/8.2.0/../../../../riscv-none-embed/lib/rv32imac/ilp32\libnosys.a
END GROUP

.init           0x0000000000000000        0x4
                0x0000000000000000                _sinit = .
                0x0000000000000000                . = ALIGN (0x4)
 *(SORT_NONE(.init))
 .init          0x0000000000000000        0x4 ./Startup/startup_CH573.o
                0x0000000000000000                _start
                0x0000000000000004                . = ALIGN (0x4)
                0x0000000000000004                _einit = .

.highcodelalign
                0x0000000000000004        0x0
                0x0000000000000004                . = ALIGN (0x4)
                0x0000000000000004                PROVIDE (_highcode_lma = .)

.highcode       0x0000000020003800     0x1cbc load address 0x0000000000000004
                0x0000000020003800                . = ALIGN (0x4)
                0x0000000020003800                PROVIDE (_highcode_vma_start = .)
 *(.vector)
 .vector        0x0000000020003800       0x90 ./Startup/startup_CH573.o
 *(SORT_NONE(.vector_handler))
 .vector_handler
                0x0000000020003890       0x2c ./Startup/startup_CH573.o
                0x0000000020003890                NMI_Handler
                0x0000000020003894                SysTick_Handler
                0x0000000020003896                SW_Handler
                0x0000000020003898                TMR0_IRQHandler
                0x000000002000389a                GPIOA_IRQHandler
                0x000000002000389c                GPIOB_IRQHandler
                0x000000002000389e                SPI0_IRQHandler
                0x00000000200038a0                BB_IRQHandler
                0x00000000200038a2                LLE_IRQHandler
                0x00000000200038a6                TMR1_IRQHandler
                0x00000000200038ac                UART1_IRQHandler
                0x00000000200038b0                ADC_IRQHandler
                0x00000000200038b2                PWMX_IRQHandler
                0x00000000200038b6                UART2_IRQHandler
                0x00000000200038b8                UART3_IRQHandler
                0x00000000200038ba                WDOG_BAT_IRQHandler
 *(.highcode)
 .highcode      0x00000000200038bc       0x4a ./StdPeriphDriver/CH57x_clk.o
                0x00000000200038bc                Get_Calibration_Cnt_RAM
 .highcode      0x0000000020003906      0x1ac ./StdPeriphDriver/CH57x_sys.o
                0x0000000020003906                SetSysClock
                0x0000000020003a02                SYS_ResetExecute
                0x0000000020003a3c                HardFault_Handler
                0x0000000020003a7c                mDelayuS
                0x0000000020003a8a                mDelaymS
 .highcode      0x0000000020003ab2      0xa1e ./QLW_lib/usb_task/usb_task.o
                0x0000000020003ab2                USB_IRQHandler
 .highcode      0x00000000200044d0       0xb0 ./QLW_lib/uart_task/uart_task.o
                0x00000000200044d0                UART0_IRQHandler
                0x0000000020004554                TMR3_IRQHandler
 .highcode      0x0000000020004580       0x16 ./HAL/RTC.o
                0x0000000020004580                RTC_IRQHandler
 .highcode      0x0000000020004596       0x36 ./APP/APP.o
                0x0000000020004596                TMR2_IRQHandler
 .highcode      0x00000000200045cc      0x3ee C:\Project\CH573F\Quark_Link_Wireless\StdPeriphDriver\libISP573.a(ISP573.o)
                0x00000000200045cc                FLASH_ROM_BEG
                0x00000000200045de                FLASH_ROM_END
                0x00000000200045ec                FLASH_ROM_IN
                0x00000000200045fa                FLASH_ROM_OUT
                0x0000000020004608                FLASH_ROM_ADDR
                0x0000000020004650                FLASH_ROM_WAIT
                0x0000000020004688                FLASH_EEPROM_CMD
 .highcode      0x00000000200049ba      0x230 C:\Project\CH573F\Quark_Link_Wireless\LIB\libCH57xBLE.a(tmos.o)
                0x00000000200049d6                tmos_memcpy
                0x00000000200049f6                tmos_memcpy_word
                0x0000000020004a12                TMOS_SystemProcess
 .highcode      0x0000000020004bea       0xc2 C:\Project\CH573F\Quark_Link_Wireless\LIB\libCH57xBLE.a(tmos_hw.o)
                0x0000000020004bea                BLE_GetHSEClock
                0x0000000020004c28                RTC_Get32KClock
                0x0000000020004c40                SYS_GetTickCount
 .highcode      0x0000000020004cac      0x128 C:\Project\CH573F\Quark_Link_Wireless\LIB\libCH57xBLE.a(ll_connect.o)
                0x0000000020004cac                ll_connect_process_data
                0x0000000020004cfa                ll_connect_event_continue
 .highcode      0x0000000020004dd4      0x1c4 C:\Project\CH573F\Quark_Link_Wireless\LIB\libCH57xBLE.a(bb.o)
                0x0000000020004dd4                BB_IRQLibHandler
                0x0000000020004f4e                BB_IRQLibFunction
 .highcode      0x0000000020004f98      0x198 C:\Project\CH573F\Quark_Link_Wireless\LIB\libCH57xBLE.a(ip.o)
                0x0000000020004f98                ll_tx_wait_finish
                0x0000000020004fc4                ll_tx_wait_tx_dma
                0x0000000020005022                ll_rx_wait_finish
                0x0000000020005058                ll_rx_wait_tx_dma
                0x00000000200050a6                ble_ll_chkcrc
 .highcode      0x0000000020005130      0x1a4 C:\Project\CH573F\Quark_Link_Wireless\LIB\libCH57xBLE.a(lle.o)
                0x0000000020005130                LLE_IRQLibHandler
                0x000000002000528a                LLE_IRQLibFunction
 .highcode      0x00000000200052d4       0x82 C:\Project\CH573F\Quark_Link_Wireless\LIB\libCH57xBLE.a(rf_fh.o)
                0x00000000200052d4                RF_HopGetChannel
 .highcode      0x0000000020005356       0x2c C:\Project\CH573F\Quark_Link_Wireless\LIB\libCH57xBLE.a(rfend.o)
                0x0000000020005356                RFEND_WaitTune
 .highcode      0x0000000020005382      0x13a C:\Project\CH573F\Quark_Link_Wireless\LIB\libCH57xBLE.a(memory.o)
                0x0000000020005382                tmos_memory_allocate
                0x000000002000541c                tmos_memory_free
 *(.highcode.*)
                0x00000000200054bc                . = ALIGN (0x4)
                0x00000000200054bc                PROVIDE (_highcode_vma_end = .)

.text           0x0000000000001cc0    0x1b894
                0x0000000000001cc0                . = ALIGN (0x4)
 *(SORT_NONE(.handle_reset))
 .handle_reset  0x0000000000001cc0       0xa2 ./Startup/startup_CH573.o
                0x0000000000001cc0                handle_reset
 *(.text)
 *(.text.*)
 .text.ADC_InterTSSampInit
                0x0000000000001d62       0x28 ./StdPeriphDriver/CH57x_adc.o
                0x0000000000001d62                ADC_InterTSSampInit
 .text.Calibration_LSI_FLASH
                0x0000000000001d8a      0x284 ./StdPeriphDriver/CH57x_clk.o
                0x0000000000001d8a                Calibration_LSI_FLASH
 .text.Calibration_LSI_RAM
                0x000000000000200e      0x23e ./StdPeriphDriver/CH57x_clk.o
                0x000000000000200e                Calibration_LSI_RAM
 .text.RTC_InitTime
                0x000000000000224c      0x134 ./StdPeriphDriver/CH57x_clk.o
                0x000000000000224c                RTC_InitTime
 .text.GPIOA_ModeCfg
                0x0000000000002380       0xa6 ./StdPeriphDriver/CH57x_gpio.o
                0x0000000000002380                GPIOA_ModeCfg
 .text.GPIOB_ModeCfg
                0x0000000000002426       0xa6 ./StdPeriphDriver/CH57x_gpio.o
                0x0000000000002426                GPIOB_ModeCfg
 .text.GetSysClock
                0x00000000000024cc       0x42 ./StdPeriphDriver/CH57x_sys.o
                0x00000000000024cc                GetSysClock
 .text.SYS_GetSysTickCnt
                0x000000000000250e        0xa ./StdPeriphDriver/CH57x_sys.o
                0x000000000000250e                SYS_GetSysTickCnt
 .text.TMR2_TimerInit
                0x0000000000002518       0x16 ./StdPeriphDriver/CH57x_timer2.o
                0x0000000000002518                TMR2_TimerInit
 .text.TMR3_TimerInit
                0x000000000000252e       0x16 ./StdPeriphDriver/CH57x_timer3.o
                0x000000000000252e                TMR3_TimerInit
 .text.UART0_BaudRateCfg
                0x0000000000002544       0x30 ./StdPeriphDriver/CH57x_uart0.o
                0x0000000000002544                UART0_BaudRateCfg
 .text.UART0_DefInit
                0x0000000000002574       0x32 ./StdPeriphDriver/CH57x_uart0.o
                0x0000000000002574                UART0_DefInit
 .text.UART0_ByteTrigCfg
                0x00000000000025a6       0x1a ./StdPeriphDriver/CH57x_uart0.o
                0x00000000000025a6                UART0_ByteTrigCfg
 .text.UART0_INTCfg
                0x00000000000025c0       0x2a ./StdPeriphDriver/CH57x_uart0.o
                0x00000000000025c0                UART0_INTCfg
 .text.InitCDCDevice
                0x00000000000025ea       0xc6 ./QLW_lib/usb_task/usb_task.o
                0x00000000000025ea                InitCDCDevice
 .text.Uart_ProcessEvent
                0x00000000000026b0       0x5a ./QLW_lib/uart_task/uart_task.o
                0x00000000000026b0                Uart_ProcessEvent
 .text.UART_RX_TimeOUT_Init
                0x000000000000270a       0x34 ./QLW_lib/uart_task/uart_task.o
                0x000000000000270a                UART_RX_TimeOUT_Init
 .text.UART_RX_TimeOUT_Start
                0x000000000000273e       0x1e ./QLW_lib/uart_task/uart_task.o
                0x000000000000273e                UART_RX_TimeOUT_Start
 .text.UART_RX_TimeOUT_Stop
                0x000000000000275c       0x1e ./QLW_lib/uart_task/uart_task.o
                0x000000000000275c                UART_RX_TimeOUT_Stop
 .text.uart_fifo_init
                0x000000000000277a       0x28 ./QLW_lib/uart_task/uart_task.o
                0x000000000000277a                uart_fifo_init
 .text.UART0_Init
                0x00000000000027a2       0x28 ./QLW_lib/uart_task/uart_task.o
                0x00000000000027a2                UART0_Init
 .text.uart_fifo_cheak_process
                0x00000000000027ca       0x22 ./QLW_lib/uart_task/uart_task.o
                0x00000000000027ca                uart_fifo_cheak_process
 .text.uart_task_Init
                0x00000000000027ec       0x2c ./QLW_lib/uart_task/uart_task.o
                0x00000000000027ec                uart_task_Init
 .text.uart_auto_send
                0x0000000000002818       0x5c ./QLW_lib/uart_task/uart_task.o
                0x0000000000002818                uart_auto_send
 .text.fill_usb_buffer_auto_send
                0x0000000000002874       0xde ./QLW_lib/uart_task/uart_task.o
                0x0000000000002874                fill_usb_buffer_auto_send
 .text.Pin_Ctrl
                0x0000000000002952       0x84 ./QLW_lib/boardbase/boardbase.o
                0x0000000000002952                Pin_Ctrl
 .text.Pin_state
                0x00000000000029d6       0x20 ./QLW_lib/boardbase/boardbase.o
                0x00000000000029d6                Pin_state
 .text.QWL_GPIO_Init
                0x00000000000029f6       0xc2 ./QLW_lib/boardbase/boardbase.o
                0x00000000000029f6                QWL_GPIO_Init
 .text.DEBUG_PIN
                0x0000000000002ab8        0x2 ./QLW_lib/boardbase/boardbase.o
                0x0000000000002ab8                DEBUG_PIN
 .text.IRQ_Prioritty_Setting
                0x0000000000002aba       0x2e ./QLW_lib/boardbase/boardbase.o
                0x0000000000002aba                IRQ_Prioritty_Setting
 .text.BLE_RssiCB
                0x0000000000002ae8        0x2 ./QLW_lib/ble_task/ble_task.o
 .text.BLE_ParamUpdateCB
                0x0000000000002aea       0x16 ./QLW_lib/ble_task/ble_task.o
 .text.ble_uart_ReadAttrCB
                0x0000000000002b00       0x54 ./QLW_lib/ble_task/ble_task.o
 .text.ble_uart_HandleConnStatusCB
                0x0000000000002b54       0x3e ./QLW_lib/ble_task/ble_task.o
 .text.BLE_LinkTerminated.part.3
                0x0000000000002b92       0x2c ./QLW_lib/ble_task/ble_task.o
 .text.BLE_Setting_RX_CB.part.5
                0x0000000000002bbe       0x2e ./QLW_lib/ble_task/ble_task.o
 .text.BLE_StateNotificationCB
                0x0000000000002bec       0x76 ./QLW_lib/ble_task/ble_task.o
 .text.BLE_Setting_RX_CB
                0x0000000000002c62       0x40 ./QLW_lib/ble_task/ble_task.o
                0x0000000000002c62                BLE_Setting_RX_CB
 .text.ble_uart_WriteAttrCB
                0x0000000000002ca2       0xc2 ./QLW_lib/ble_task/ble_task.o
 .text.ble_uart_notify_is_ready
                0x0000000000002d64       0x18 ./QLW_lib/ble_task/ble_task.o
                0x0000000000002d64                ble_uart_notify_is_ready
 .text.ble_uart_notify
                0x0000000000002d7c       0x66 ./QLW_lib/ble_task/ble_task.o
                0x0000000000002d7c                ble_uart_notify
 .text.BLE_ProcessEvent
                0x0000000000002de2      0x24e ./QLW_lib/ble_task/ble_task.o
                0x0000000000002de2                BLE_ProcessEvent
 .text.ble_uart_add_service
                0x0000000000003030       0x38 ./QLW_lib/ble_task/ble_task.o
                0x0000000000003030                ble_uart_add_service
 .text.BLE_Init
                0x0000000000003068      0x154 ./QLW_lib/ble_task/ble_task.o
                0x0000000000003068                BLE_Init
 .text.ble_fifo_cheak_process
                0x00000000000031bc       0x4a ./QLW_lib/ble_task/ble_task.o
                0x00000000000031bc                ble_fifo_cheak_process
 .text.ble_fifo_init
                0x0000000000003206       0x60 ./QLW_lib/ble_task/ble_task.o
                0x0000000000003206                ble_fifo_init
 .text.ble_task_Init
                0x0000000000003266       0x12 ./QLW_lib/ble_task/ble_task.o
                0x0000000000003266                ble_task_Init
 .text.app_drv_fifo_length
                0x0000000000003278       0x12 ./QLW_lib/app_drv_fifo/app_drv_fifo.o
                0x0000000000003278                app_drv_fifo_length
 .text.app_drv_fifo_init
                0x000000000000328a       0x26 ./QLW_lib/app_drv_fifo/app_drv_fifo.o
                0x000000000000328a                app_drv_fifo_init
 .text.app_drv_fifo_flush
                0x00000000000032b0        0x6 ./QLW_lib/app_drv_fifo/app_drv_fifo.o
                0x00000000000032b0                app_drv_fifo_flush
 .text.app_drv_fifo_is_empty
                0x00000000000032b6       0x12 ./QLW_lib/app_drv_fifo/app_drv_fifo.o
                0x00000000000032b6                app_drv_fifo_is_empty
 .text.app_drv_fifo_write
                0x00000000000032c8       0x72 ./QLW_lib/app_drv_fifo/app_drv_fifo.o
                0x00000000000032c8                app_drv_fifo_write
 .text.app_drv_fifo_read
                0x000000000000333a       0x68 ./QLW_lib/app_drv_fifo/app_drv_fifo.o
                0x000000000000333a                app_drv_fifo_read
 .text.app_drv_fifo_read_to_same_addr
                0x00000000000033a2       0x4e ./QLW_lib/app_drv_fifo/app_drv_fifo.o
                0x00000000000033a2                app_drv_fifo_read_to_same_addr
 .text.startup.main
                0x00000000000033f0       0x5a ./Main/main.o
                0x00000000000033f0                main
 .text.Lib_Calibration_LSI
                0x000000000000344a       0x30 ./HAL/MCU.o
                0x000000000000344a                Lib_Calibration_LSI
 .text.Lib_Read_Flash
                0x000000000000347a       0x1c ./HAL/MCU.o
                0x000000000000347a                Lib_Read_Flash
 .text.Lib_Write_Flash
                0x0000000000003496       0x40 ./HAL/MCU.o
                0x0000000000003496                Lib_Write_Flash
 .text.HAL_GetInterTempValue
                0x00000000000034d6       0x72 ./HAL/MCU.o
                0x00000000000034d6                HAL_GetInterTempValue
 .text.HAL_ProcessEvent
                0x0000000000003548       0x72 ./HAL/MCU.o
                0x0000000000003548                HAL_ProcessEvent
 .text.CH57X_BLEInit
                0x00000000000035ba      0x110 ./HAL/MCU.o
                0x00000000000035ba                CH57X_BLEInit
 .text.HAL_Init
                0x00000000000036ca       0x34 ./HAL/MCU.o
                0x00000000000036ca                HAL_Init
 .text.HAL_TimeInit
                0x00000000000036fe       0x5e ./HAL/RTC.o
                0x00000000000036fe                HAL_TimeInit
 .text.Timer_Task_Start
                0x000000000000375c       0x54 ./APP/APP.o
                0x000000000000375c                Timer_Task_Start
 .text.Timer_Task_Stop
                0x00000000000037b0       0x16 ./APP/APP.o
                0x00000000000037b0                Timer_Task_Stop
 .text.BOOT_State_Init
                0x00000000000037c6        0x6 ./APP/APP.o
                0x00000000000037c6                BOOT_State_Init
 .text.KEY_EVENT_to_GPIOState
                0x00000000000037cc       0x14 ./APP/APP.o
                0x00000000000037cc                KEY_EVENT_to_GPIOState
 .text.KEY_Handle
                0x00000000000037e0       0xfe ./APP/APP.o
                0x00000000000037e0                KEY_Handle
 .text.App_ProcessEvent
                0x00000000000038de      0x35c ./APP/APP.o
                0x00000000000038de                App_ProcessEvent
 .text.task_list_fifo_init
                0x0000000000003c3a       0x12 ./APP/APP.o
                0x0000000000003c3a                task_list_fifo_init
 .text.All_FIFO_Init
                0x0000000000003c4c       0x12 ./APP/APP.o
                0x0000000000003c4c                All_FIFO_Init
 .text.Task_Launcher
                0x0000000000003c5e       0x32 ./APP/APP.o
                0x0000000000003c5e                Task_Launcher
 .text.APP_task_Init
                0x0000000000003c90       0x56 ./APP/APP.o
                0x0000000000003c90                APP_task_Init
 .text.BOOT_CTRL_LINE_Check
                0x0000000000003ce6       0x64 ./APP/APP.o
                0x0000000000003ce6                BOOT_CTRL_LINE_Check
 .text.BOOT_Serial_Chack
                0x0000000000003d4a       0x3a ./APP/APP.o
                0x0000000000003d4a                BOOT_Serial_Chack
 .text.BOOT_Execute
                0x0000000000003d84       0x6e ./APP/APP.o
                0x0000000000003d84                BOOT_Execute
 .text.tmos_msg_enqueue
                0x0000000000003df2       0x1e C:\Project\CH573F\Quark_Link_Wireless\LIB\libCH57xBLE.a(message.o)
                0x0000000000003df2                tmos_msg_enqueue
 .text.tmos_msg_deallocate
                0x0000000000003e10       0x2c C:\Project\CH573F\Quark_Link_Wireless\LIB\libCH57xBLE.a(message.o)
                0x0000000000003e10                tmos_msg_deallocate
 .text.tmos_msg_allocate
                0x0000000000003e3c       0x3e C:\Project\CH573F\Quark_Link_Wireless\LIB\libCH57xBLE.a(message.o)
                0x0000000000003e3c                tmos_msg_allocate
 .text.tmos_msg_receive
                0x0000000000003e7a       0x68 C:\Project\CH573F\Quark_Link_Wireless\LIB\libCH57xBLE.a(message.o)
                0x0000000000003e7a                tmos_msg_receive
 .text.tmos_msg_send
                0x0000000000003ee2       0x56 C:\Project\CH573F\Quark_Link_Wireless\LIB\libCH57xBLE.a(message.o)
                0x0000000000003ee2                tmos_msg_send
 .text.tmos_msg_init
                0x0000000000003f38        0x6 C:\Project\CH573F\Quark_Link_Wireless\LIB\libCH57xBLE.a(message.o)
                0x0000000000003f38                tmos_msg_init
 .text.tmosFindTask
                0x0000000000003f3e       0x20 C:\Project\CH573F\Quark_Link_Wireless\LIB\libCH57xBLE.a(tmos.o)
 .text.TMOS_CbTimerProcessEvent
                0x0000000000003f5e       0x7c C:\Project\CH573F\Quark_Link_Wireless\LIB\libCH57xBLE.a(tmos.o)
                0x0000000000003f5e                TMOS_CbTimerProcessEvent
 .text.tmos_rand
                0x0000000000003fda       0x54 C:\Project\CH573F\Quark_Link_Wireless\LIB\libCH57xBLE.a(tmos.o)
                0x0000000000003fda                tmos_rand
 .text.tmos_query_sleep_time
                0x000000000000402e      0x178 C:\Project\CH573F\Quark_Link_Wireless\LIB\libCH57xBLE.a(tmos.o)
                0x000000000000402e                tmos_query_sleep_time
 .text.tmos_memset
                0x00000000000041a6       0x12 C:\Project\CH573F\Quark_Link_Wireless\LIB\libCH57xBLE.a(tmos.o)
                0x00000000000041a6                tmos_memset
 .text.tmos_strlen
                0x00000000000041b8       0x14 C:\Project\CH573F\Quark_Link_Wireless\LIB\libCH57xBLE.a(tmos.o)
                0x00000000000041b8                tmos_strlen
 .text.tmos_memdup
                0x00000000000041cc       0x3c C:\Project\CH573F\Quark_Link_Wireless\LIB\libCH57xBLE.a(tmos.o)
                0x00000000000041cc                tmos_memdup
 .text.tmos_memcmp
                0x0000000000004208       0x24 C:\Project\CH573F\Quark_Link_Wireless\LIB\libCH57xBLE.a(tmos.o)
                0x0000000000004208                tmos_memcmp
 .text.tmos_revmemcpy
                0x000000000000422c       0x1c C:\Project\CH573F\Quark_Link_Wireless\LIB\libCH57xBLE.a(tmos.o)
                0x000000000000422c                tmos_revmemcpy
 .text.tmos_isbufset
                0x0000000000004248       0x1e C:\Project\CH573F\Quark_Link_Wireless\LIB\libCH57xBLE.a(tmos.o)
                0x0000000000004248                tmos_isbufset
 .text.tmos_set_event
                0x0000000000004266       0x2a C:\Project\CH573F\Quark_Link_Wireless\LIB\libCH57xBLE.a(tmos.o)
                0x0000000000004266                tmos_set_event
 .text.tmos_query_system_time
                0x0000000000004290       0xce C:\Project\CH573F\Quark_Link_Wireless\LIB\libCH57xBLE.a(tmos.o)
                0x0000000000004290                tmos_query_system_time
 .text.tmos_clear_event
                0x000000000000435e       0x2e C:\Project\CH573F\Quark_Link_Wireless\LIB\libCH57xBLE.a(tmos.o)
                0x000000000000435e                tmos_clear_event
 .text.tmos_start_task
                0x000000000000438c       0x90 C:\Project\CH573F\Quark_Link_Wireless\LIB\libCH57xBLE.a(tmos.o)
                0x000000000000438c                tmos_start_task
 .text.tmos_start_callback_task
                0x000000000000441c       0xac C:\Project\CH573F\Quark_Link_Wireless\LIB\libCH57xBLE.a(tmos.o)
                0x000000000000441c                tmos_start_callback_task
 .text.tmos_start_reload_task
                0x00000000000044c8       0x30 C:\Project\CH573F\Quark_Link_Wireless\LIB\libCH57xBLE.a(tmos.o)
                0x00000000000044c8                tmos_start_reload_task
 .text.tmos_stop_task
                0x00000000000044f8       0x42 C:\Project\CH573F\Quark_Link_Wireless\LIB\libCH57xBLE.a(tmos.o)
                0x00000000000044f8                tmos_stop_task
 .text.tmos_stop_callback_task
                0x000000000000453a       0x5c C:\Project\CH573F\Quark_Link_Wireless\LIB\libCH57xBLE.a(tmos.o)
                0x000000000000453a                tmos_stop_callback_task
 .text.tmos_get_task_timer
                0x0000000000004596       0x16 C:\Project\CH573F\Quark_Link_Wireless\LIB\libCH57xBLE.a(tmos.o)
                0x0000000000004596                tmos_get_task_timer
 .text.tmos_update_callback_timer
                0x00000000000045ac       0x62 C:\Project\CH573F\Quark_Link_Wireless\LIB\libCH57xBLE.a(tmos.o)
                0x00000000000045ac                tmos_update_callback_timer
 .text.TMOS_Set32KTuneValue
                0x000000000000460e        0xa C:\Project\CH573F\Quark_Link_Wireless\LIB\libCH57xBLE.a(tmos.o)
                0x000000000000460e                TMOS_Set32KTuneValue
 .text.TMOS_TimerRegister
                0x0000000000004618       0x1a C:\Project\CH573F\Quark_Link_Wireless\LIB\libCH57xBLE.a(tmos.o)
                0x0000000000004618                TMOS_TimerRegister
 .text.TMOS_ProcessRegister
                0x0000000000004632       0x16 C:\Project\CH573F\Quark_Link_Wireless\LIB\libCH57xBLE.a(tmos.o)
                0x0000000000004632                TMOS_ProcessRegister
 .text.TMOS_Init
                0x0000000000004648       0xea C:\Project\CH573F\Quark_Link_Wireless\LIB\libCH57xBLE.a(tmos.o)
                0x0000000000004648                TMOS_Init
 .text.TMOS_ProcessEventRegister
                0x0000000000004732       0x38 C:\Project\CH573F\Quark_Link_Wireless\LIB\libCH57xBLE.a(tmos.o)
                0x0000000000004732                TMOS_ProcessEventRegister
 .text.BLE_LibInit
                0x000000000000476a      0x1a4 C:\Project\CH573F\Quark_Link_Wireless\LIB\libCH57xBLE.a(tmos.o)
                0x000000000000476a                BLE_LibInit
 .text.ble_ll_common_rand8
                0x000000000000490e       0x24 C:\Project\CH573F\Quark_Link_Wireless\LIB\libCH57xBLE.a(tmos_hw.o)
                0x000000000000490e                ble_ll_common_rand8
 .text.ble_ll_common_rand16
                0x0000000000004932       0x24 C:\Project\CH573F\Quark_Link_Wireless\LIB\libCH57xBLE.a(tmos_hw.o)
                0x0000000000004932                ble_ll_common_rand16
 .text.ble_ll_common_rand32
                0x0000000000004956       0x20 C:\Project\CH573F\Quark_Link_Wireless\LIB\libCH57xBLE.a(tmos_hw.o)
                0x0000000000004956                ble_ll_common_rand32
 .text.ll_hw_temp_sample
                0x0000000000004976       0xc0 C:\Project\CH573F\Quark_Link_Wireless\LIB\libCH57xBLE.a(tmos_hw.o)
                0x0000000000004976                ll_hw_temp_sample
 .text.TMOS_TimerInit
                0x0000000000004a36       0x5e C:\Project\CH573F\Quark_Link_Wireless\LIB\libCH57xBLE.a(tmos_hw.o)
                0x0000000000004a36                TMOS_TimerInit
 .text.tmos_snv_init
                0x0000000000004a94       0xbc C:\Project\CH573F\Quark_Link_Wireless\LIB\libCH57xBLE.a(tmos_snv.o)
                0x0000000000004a94                tmos_snv_init
 .text.tmos_snv_clear
                0x0000000000004b50       0xae C:\Project\CH573F\Quark_Link_Wireless\LIB\libCH57xBLE.a(tmos_snv.o)
                0x0000000000004b50                tmos_snv_clear
 .text.tmos_snv_read
                0x0000000000004bfe      0x292 C:\Project\CH573F\Quark_Link_Wireless\LIB\libCH57xBLE.a(tmos_snv.o)
                0x0000000000004bfe                tmos_snv_read
 .text.tmos_snv_notify
                0x0000000000004e90       0x5a C:\Project\CH573F\Quark_Link_Wireless\LIB\libCH57xBLE.a(tmos_snv.o)
                0x0000000000004e90                tmos_snv_notify
 .text.tmos_snv_write
                0x0000000000004eea      0x2ce C:\Project\CH573F\Quark_Link_Wireless\LIB\libCH57xBLE.a(tmos_snv.o)
                0x0000000000004eea                tmos_snv_write
 .text.tmos_snv_compact
                0x00000000000051b8        0x4 C:\Project\CH573F\Quark_Link_Wireless\LIB\libCH57xBLE.a(tmos_snv.o)
                0x00000000000051b8                tmos_snv_compact
 .text.ATT_BuildErrorRsp
                0x00000000000051bc       0x26 C:\Project\CH573F\Quark_Link_Wireless\LIB\libCH57xBLE.a(att.o)
                0x00000000000051bc                ATT_BuildErrorRsp
 .text.ATT_ParamInit
                0x00000000000051e2        0xa C:\Project\CH573F\Quark_Link_Wireless\LIB\libCH57xBLE.a(att.o)
                0x00000000000051e2                ATT_ParamInit
 .text.ATT_ConvertUUIDto128
                0x00000000000051ec       0x46 C:\Project\CH573F\Quark_Link_Wireless\LIB\libCH57xBLE.a(att.o)
                0x00000000000051ec                ATT_ConvertUUIDto128
 .text.ATT_CompareUUID
                0x0000000000005232       0x62 C:\Project\CH573F\Quark_Link_Wireless\LIB\libCH57xBLE.a(att.o)
                0x0000000000005232                ATT_CompareUUID
 .text.ATT_RegisterServer
                0x0000000000005294        0x6 C:\Project\CH573F\Quark_Link_Wireless\LIB\libCH57xBLE.a(att.o)
                0x0000000000005294                ATT_RegisterServer
 .text.ATT_ParsePacket
                0x000000000000529a       0x94 C:\Project\CH573F\Quark_Link_Wireless\LIB\libCH57xBLE.a(att.o)
                0x000000000000529a                ATT_ParsePacket
 .text.ATT_UpdateMTU
                0x000000000000532e       0x3c C:\Project\CH573F\Quark_Link_Wireless\LIB\libCH57xBLE.a(att.o)
                0x000000000000532e                ATT_UpdateMTU
 .text.ATT_GetMTU
                0x000000000000536a       0x1e C:\Project\CH573F\Quark_Link_Wireless\LIB\libCH57xBLE.a(att.o)
                0x000000000000536a                ATT_GetMTU
 .text.attSendMsg
                0x0000000000005388       0xb6 C:\Project\CH573F\Quark_Link_Wireless\LIB\libCH57xBLE.a(att.o)
                0x0000000000005388                attSendMsg
 .text.attSendRspMsg
                0x000000000000543e       0x46 C:\Project\CH573F\Quark_Link_Wireless\LIB\libCH57xBLE.a(att.o)
                0x000000000000543e                attSendRspMsg
 .text.ATT_ErrorRsp
                0x0000000000005484       0x10 C:\Project\CH573F\Quark_Link_Wireless\LIB\libCH57xBLE.a(att.o)
                0x0000000000005484                ATT_ErrorRsp
 .text.disconnectNext
                0x0000000000005494       0x22 C:\Project\CH573F\Quark_Link_Wireless\LIB\libCH57xBLE.a(gap.o)
 .text.GAP_ParamInit
                0x00000000000054b6       0x80 C:\Project\CH573F\Quark_Link_Wireless\LIB\libCH57xBLE.a(gap.o)
                0x00000000000054b6                GAP_ParamInit
 .text.sendTerminateEvent
                0x0000000000005536       0x58 C:\Project\CH573F\Quark_Link_Wireless\LIB\libCH57xBLE.a(gap.o)
                0x0000000000005536                sendTerminateEvent
 .text.gapRegisterCentral
                0x000000000000558e        0x6 C:\Project\CH573F\Quark_Link_Wireless\LIB\libCH57xBLE.a(gap.o)
                0x000000000000558e                gapRegisterCentral
 .text.gapRegisterCentralConn
                0x0000000000005594        0x6 C:\Project\CH573F\Quark_Link_Wireless\LIB\libCH57xBLE.a(gap.o)
                0x0000000000005594                gapRegisterCentralConn
 .text.gapRegisterPeripheral
                0x000000000000559a        0x6 C:\Project\CH573F\Quark_Link_Wireless\LIB\libCH57xBLE.a(gap.o)
                0x000000000000559a                gapRegisterPeripheral
 .text.gapRegisterPeripheralConn
                0x00000000000055a0        0x6 C:\Project\CH573F\Quark_Link_Wireless\LIB\libCH57xBLE.a(gap.o)
                0x00000000000055a0                gapRegisterPeripheralConn
 .text.smGenerateRandBuf
                0x00000000000055a6       0x56 C:\Project\CH573F\Quark_Link_Wireless\LIB\libCH57xBLE.a(gap.o)
                0x00000000000055a6                smGenerateRandBuf
 .text.gapL2capConnParamUpdateReq
                0x00000000000055fc       0x32 C:\Project\CH573F\Quark_Link_Wireless\LIB\libCH57xBLE.a(gap.o)
                0x00000000000055fc                gapL2capConnParamUpdateReq
 .text.gapValidADType
                0x000000000000562e       0x16 C:\Project\CH573F\Quark_Link_Wireless\LIB\libCH57xBLE.a(gap.o)
                0x000000000000562e                gapValidADType
 .text.gapFindADType
                0x0000000000005644       0x8e C:\Project\CH573F\Quark_Link_Wireless\LIB\libCH57xBLE.a(gap.o)
                0x0000000000005644                gapFindADType
 .text.GAP_SecParamsInit
                0x00000000000056d2       0x9a C:\Project\CH573F\Quark_Link_Wireless\LIB\libCH57xBLE.a(gap.o)
                0x00000000000056d2                GAP_SecParamsInit
 .text.GAP_ParamsInit
                0x000000000000576c       0x48 C:\Project\CH573F\Quark_Link_Wireless\LIB\libCH57xBLE.a(gap.o)
                0x000000000000576c                GAP_ParamsInit
 .text.gapAddAddrAdj
                0x00000000000057b4       0x48 C:\Project\CH573F\Quark_Link_Wireless\LIB\libCH57xBLE.a(gap.o)
                0x00000000000057b4                gapAddAddrAdj
 .text.gapDetermineAddrType
                0x00000000000057fc       0x28 C:\Project\CH573F\Quark_Link_Wireless\LIB\libCH57xBLE.a(gap.o)
                0x00000000000057fc                gapDetermineAddrType
 .text.gapFreeAuthLink
                0x0000000000005824       0x4a C:\Project\CH573F\Quark_Link_Wireless\LIB\libCH57xBLE.a(gap.o)
                0x0000000000005824                gapFreeAuthLink
 .text.gapGetDevAddress
                0x000000000000586e       0x24 C:\Project\CH573F\Quark_Link_Wireless\LIB\libCH57xBLE.a(gap.o)
                0x000000000000586e                gapGetDevAddress
 .text.gapGetDevAddressMode
                0x0000000000005892        0xa C:\Project\CH573F\Quark_Link_Wireless\LIB\libCH57xBLE.a(gap.o)
                0x0000000000005892                gapGetDevAddressMode
 .text.gapGetIRK
                0x000000000000589c        0xc C:\Project\CH573F\Quark_Link_Wireless\LIB\libCH57xBLE.a(gap.o)
                0x000000000000589c                gapGetIRK
 .text.gapGetSRK
                0x00000000000058a8        0xc C:\Project\CH573F\Quark_Link_Wireless\LIB\libCH57xBLE.a(gap.o)
                0x00000000000058a8                gapGetSRK
 .text.gapGetSignCounter
                0x00000000000058b4        0xe C:\Project\CH573F\Quark_Link_Wireless\LIB\libCH57xBLE.a(gap.o)
                0x00000000000058b4                gapGetSignCounter
 .text.gapIncSignCounter
                0x00000000000058c2       0x28 C:\Project\CH573F\Quark_Link_Wireless\LIB\libCH57xBLE.a(gap.o)
                0x00000000000058c2                gapIncSignCounter
 .text.gapProcessConnEvt
                0x00000000000058ea       0x48 C:\Project\CH573F\Quark_Link_Wireless\LIB\libCH57xBLE.a(gap.o)
                0x00000000000058ea                gapProcessConnEvt
 .text.gapProcessDisconnectCompleteEvt
                0x0000000000005932       0xa8 C:\Project\CH573F\Quark_Link_Wireless\LIB\libCH57xBLE.a(gap.o)
                0x0000000000005932                gapProcessDisconnectCompleteEvt
 .text.sendAuthEvent
                0x00000000000059da      0x11c C:\Project\CH573F\Quark_Link_Wireless\LIB\libCH57xBLE.a(gap.o)
                0x00000000000059da                sendAuthEvent
 .text.gapSendBondCompleteEvent
                0x0000000000005af6       0x70 C:\Project\CH573F\Quark_Link_Wireless\LIB\libCH57xBLE.a(gap.o)
                0x0000000000005af6                gapSendBondCompleteEvent
 .text.gapSendPairingReqEvent
                0x0000000000005b66       0x92 C:\Project\CH573F\Quark_Link_Wireless\LIB\libCH57xBLE.a(gap.o)
                0x0000000000005b66                gapSendPairingReqEvent
 .text.gapSendSlaveSecurityReqEvent
                0x0000000000005bf8       0x68 C:\Project\CH573F\Quark_Link_Wireless\LIB\libCH57xBLE.a(gap.o)
                0x0000000000005bf8                gapSendSlaveSecurityReqEvent
 .text.gapSendDeviceInitDoneEvent
                0x0000000000005c60       0x88 C:\Project\CH573F\Quark_Link_Wireless\LIB\libCH57xBLE.a(gap.o)
                0x0000000000005c60                gapSendDeviceInitDoneEvent
 .text.gapSendLinkUpdateEvent
                0x0000000000005ce8       0x84 C:\Project\CH573F\Quark_Link_Wireless\LIB\libCH57xBLE.a(gap.o)
                0x0000000000005ce8                gapSendLinkUpdateEvent
 .text.gapSendEstLinkEvent
                0x0000000000005d6c       0xb8 C:\Project\CH573F\Quark_Link_Wireless\LIB\libCH57xBLE.a(gap.o)
                0x0000000000005d6c                gapSendEstLinkEvent
 .text.gapProcessNewAddr
                0x0000000000005e24       0x3e C:\Project\CH573F\Quark_Link_Wireless\LIB\libCH57xBLE.a(gap.o)
                0x0000000000005e24                gapProcessNewAddr
 .text.gapProcessRandomAddrComplete
                0x0000000000005e62       0xb6 C:\Project\CH573F\Quark_Link_Wireless\LIB\libCH57xBLE.a(gap.o)
                0x0000000000005e62                gapProcessRandomAddrComplete
 .text.GAP_Authenticate
                0x0000000000005f18       0xd2 C:\Project\CH573F\Quark_Link_Wireless\LIB\libCH57xBLE.a(gap.o)
                0x0000000000005f18                GAP_Authenticate
 .text.GAP_Bond
                0x0000000000005fea       0xa2 C:\Project\CH573F\Quark_Link_Wireless\LIB\libCH57xBLE.a(gap.o)
                0x0000000000005fea                GAP_Bond
 .text.GAP_GetParamValue
                0x000000000000608c       0x1e C:\Project\CH573F\Quark_Link_Wireless\LIB\libCH57xBLE.a(gap.o)
                0x000000000000608c                GAP_GetParamValue
 .text.GAP_PasscodeUpdate
                0x00000000000060aa       0x50 C:\Project\CH573F\Quark_Link_Wireless\LIB\libCH57xBLE.a(gap.o)
                0x00000000000060aa                GAP_PasscodeUpdate
 .text.GAP_RegisterForMsgs
                0x00000000000060fa        0x6 C:\Project\CH573F\Quark_Link_Wireless\LIB\libCH57xBLE.a(gap.o)
                0x00000000000060fa                GAP_RegisterForMsgs
 .text.GAP_ResolvePrivateAddr
                0x0000000000006100        0x4 C:\Project\CH573F\Quark_Link_Wireless\LIB\libCH57xBLE.a(gap.o)
                0x0000000000006100                GAP_ResolvePrivateAddr
 .text.gapPairingCompleteCB
                0x0000000000006104      0x188 C:\Project\CH573F\Quark_Link_Wireless\LIB\libCH57xBLE.a(gap.o)
                0x0000000000006104                gapPairingCompleteCB
 .text.gapPasskeyNeededCB
                0x000000000000628c       0x8e C:\Project\CH573F\Quark_Link_Wireless\LIB\libCH57xBLE.a(gap.o)
                0x000000000000628c                gapPasskeyNeededCB
 .text.gapFreeEstLink
                0x000000000000631a       0x20 C:\Project\CH573F\Quark_Link_Wireless\LIB\libCH57xBLE.a(gap.o)
                0x000000000000631a                gapFreeEstLink
 .text.gapUpdateConnSignCounter
                0x000000000000633a       0x7a C:\Project\CH573F\Quark_Link_Wireless\LIB\libCH57xBLE.a(gap.o)
                0x000000000000633a                gapUpdateConnSignCounter
 .text.GAP_SendSlaveSecurityRequest
                0x00000000000063b4       0x4c C:\Project\CH573F\Quark_Link_Wireless\LIB\libCH57xBLE.a(gap.o)
                0x00000000000063b4                GAP_SendSlaveSecurityRequest
 .text.GAP_Signable
                0x0000000000006400       0x66 C:\Project\CH573F\Quark_Link_Wireless\LIB\libCH57xBLE.a(gap.o)
                0x0000000000006400                GAP_Signable
 .text.GAP_TerminateAuth
                0x0000000000006466       0x2a C:\Project\CH573F\Quark_Link_Wireless\LIB\libCH57xBLE.a(gap.o)
                0x0000000000006466                GAP_TerminateAuth
 .text.GAP_NumActiveConnections
                0x0000000000006490        0x4 C:\Project\CH573F\Quark_Link_Wireless\LIB\libCH57xBLE.a(gap.o)
                0x0000000000006490                GAP_NumActiveConnections
 .text.GAP_TerminateLinkReq
                0x0000000000006494       0x8e C:\Project\CH573F\Quark_Link_Wireless\LIB\libCH57xBLE.a(gap.o)
                0x0000000000006494                GAP_TerminateLinkReq
 .text.GAP_SetParamValue
                0x0000000000006522       0x4a C:\Project\CH573F\Quark_Link_Wireless\LIB\libCH57xBLE.a(gap.o)
                0x0000000000006522                GAP_SetParamValue
 .text.GAP_Init
                0x000000000000656c       0x44 C:\Project\CH573F\Quark_Link_Wireless\LIB\libCH57xBLE.a(gap.o)
                0x000000000000656c                GAP_Init
 .text.GAP_ProcessEvent
                0x00000000000065b0      0x578 C:\Project\CH573F\Quark_Link_Wireless\LIB\libCH57xBLE.a(gap.o)
                0x00000000000065b0                GAP_ProcessEvent
 .text.gapSendScanEnable
                0x0000000000006b28       0x1e C:\Project\CH573F\Quark_Link_Wireless\LIB\libCH57xBLE.a(gap_central.o)
 .text.gapCentProcessConnEvt
                0x0000000000006b46      0x148 C:\Project\CH573F\Quark_Link_Wireless\LIB\libCH57xBLE.a(gap_central.o)
                0x0000000000006b46                gapCentProcessConnEvt
 .text.gapCancelLinkReq
                0x0000000000006c8e       0x38 C:\Project\CH573F\Quark_Link_Wireless\LIB\libCH57xBLE.a(gap_central.o)
                0x0000000000006c8e                gapCancelLinkReq
 .text.GAP_CentralParamInit
                0x0000000000006cc6       0x4c C:\Project\CH573F\Quark_Link_Wireless\LIB\libCH57xBLE.a(gap_central.o)
                0x0000000000006cc6                GAP_CentralParamInit
 .text.gapProcessAdvertDevInfo
                0x0000000000006d12      0x23a C:\Project\CH573F\Quark_Link_Wireless\LIB\libCH57xBLE.a(gap_central.o)
                0x0000000000006d12                gapProcessAdvertDevInfo
 .text.gapFreeScanRecs
                0x0000000000006f4c       0xa2 C:\Project\CH573F\Quark_Link_Wireless\LIB\libCH57xBLE.a(gap_central.o)
                0x0000000000006f4c                gapFreeScanRecs
 .text.gapSendDevDiscEvent
                0x0000000000006fee      0x126 C:\Project\CH573F\Quark_Link_Wireless\LIB\libCH57xBLE.a(gap_central.o)
                0x0000000000006fee                gapSendDevDiscEvent
 .text.gapSetScanParamStatus.part.2
                0x0000000000007114       0x42 C:\Project\CH573F\Quark_Link_Wireless\LIB\libCH57xBLE.a(gap_central.o)
 .text.gapCentProcessHCICmdEvt
                0x0000000000007156       0x3c C:\Project\CH573F\Quark_Link_Wireless\LIB\libCH57xBLE.a(gap_central.o)
                0x0000000000007156                gapCentProcessHCICmdEvt
 .text.gapProcessScanningEvt
                0x0000000000007192      0x110 C:\Project\CH573F\Quark_Link_Wireless\LIB\libCH57xBLE.a(gap_central.o)
                0x0000000000007192                gapProcessScanningEvt
 .text.gapProcessScanningDirectEvt
                0x00000000000072a2       0xfe C:\Project\CH573F\Quark_Link_Wireless\LIB\libCH57xBLE.a(gap_central.o)
                0x00000000000072a2                gapProcessScanningDirectEvt
 .text.GAP_CentConnRegister
                0x00000000000073a0       0x12 C:\Project\CH573F\Quark_Link_Wireless\LIB\libCH57xBLE.a(gap_central.o)
                0x00000000000073a0                GAP_CentConnRegister
 .text.GAP_CentDevMgrInit
                0x00000000000073b2       0x94 C:\Project\CH573F\Quark_Link_Wireless\LIB\libCH57xBLE.a(gap_central.o)
                0x00000000000073b2                GAP_CentDevMgrInit
 .text.gapFreeAdvertState
                0x0000000000007446       0x20 C:\Project\CH573F\Quark_Link_Wireless\LIB\libCH57xBLE.a(gap_peripheral.o)
 .text.gapPeriProcessConnEvt
                0x0000000000007466       0xbc C:\Project\CH573F\Quark_Link_Wireless\LIB\libCH57xBLE.a(gap_peripheral.o)
 .text.gapSetAdvParams
                0x0000000000007522       0x7e C:\Project\CH573F\Quark_Link_Wireless\LIB\libCH57xBLE.a(gap_peripheral.o)
 .text.GAP_PeripheralParamInit
                0x00000000000075a0       0x4a C:\Project\CH573F\Quark_Link_Wireless\LIB\libCH57xBLE.a(gap_peripheral.o)
                0x00000000000075a0                GAP_PeripheralParamInit
 .text.gapSendMakeDiscEvent
                0x00000000000075ea       0x50 C:\Project\CH573F\Quark_Link_Wireless\LIB\libCH57xBLE.a(gap_peripheral.o)
                0x00000000000075ea                gapSendMakeDiscEvent
 .text.gapPeriProcessHCICmdCompleteEvt
                0x000000000000763a      0x194 C:\Project\CH573F\Quark_Link_Wireless\LIB\libCH57xBLE.a(gap_peripheral.o)
 .text.GAP_MakeDiscoverable
                0x00000000000077ce       0xf0 C:\Project\CH573F\Quark_Link_Wireless\LIB\libCH57xBLE.a(gap_peripheral.o)
                0x00000000000077ce                GAP_MakeDiscoverable
 .text.GAP_EndDiscoverable
                0x00000000000078be       0x5c C:\Project\CH573F\Quark_Link_Wireless\LIB\libCH57xBLE.a(gap_peripheral.o)
                0x00000000000078be                GAP_EndDiscoverable
 .text.gapProcessAdvertisingEvt
                0x000000000000791a       0x90 C:\Project\CH573F\Quark_Link_Wireless\LIB\libCH57xBLE.a(gap_peripheral.o)
 .text.GAP_UpdateAdvertisingData
                0x00000000000079aa       0xb8 C:\Project\CH573F\Quark_Link_Wireless\LIB\libCH57xBLE.a(gap_peripheral.o)
                0x00000000000079aa                GAP_UpdateAdvertisingData
 .text.GAP_PeriConnRegister
                0x0000000000007a62       0x2a C:\Project\CH573F\Quark_Link_Wireless\LIB\libCH57xBLE.a(gap_peripheral.o)
                0x0000000000007a62                GAP_PeriConnRegister
 .text.GAP_PeriDevMgrInit
                0x0000000000007a8c       0xbc C:\Project\CH573F\Quark_Link_Wireless\LIB\libCH57xBLE.a(gap_peripheral.o)
                0x0000000000007a8c                GAP_PeriDevMgrInit
 .text.ggs_SetAttrWPermit
                0x0000000000007b48       0x68 C:\Project\CH573F\Quark_Link_Wireless\LIB\libCH57xBLE.a(gapgattserver.o)
 .text.ggs_ReadAttrCB
                0x0000000000007bb0      0x152 C:\Project\CH573F\Quark_Link_Wireless\LIB\libCH57xBLE.a(gapgattserver.o)
 .text.ggs_WriteAttrCB
                0x0000000000007d02      0x154 C:\Project\CH573F\Quark_Link_Wireless\LIB\libCH57xBLE.a(gapgattserver.o)
 .text.GGS_ParamInit
                0x0000000000007e56      0x23a C:\Project\CH573F\Quark_Link_Wireless\LIB\libCH57xBLE.a(gapgattserver.o)
                0x0000000000007e56                GGS_ParamInit
 .text.GGS_SetParameter
                0x0000000000008090       0xde C:\Project\CH573F\Quark_Link_Wireless\LIB\libCH57xBLE.a(gapgattserver.o)
                0x0000000000008090                GGS_SetParameter
 .text.GGS_AddService
                0x000000000000816e       0x2c C:\Project\CH573F\Quark_Link_Wireless\LIB\libCH57xBLE.a(gapgattserver.o)
                0x000000000000816e                GGS_AddService
 .text.GAP_DeviceInit
                0x000000000000819a       0xd8 C:\Project\CH573F\Quark_Link_Wireless\LIB\libCH57xBLE.a(gapgattserver.o)
                0x000000000000819a                GAP_DeviceInit
 .text.gattGetPayload
                0x0000000000008272       0x7e C:\Project\CH573F\Quark_Link_Wireless\LIB\libCH57xBLE.a(gatt.o)
                0x0000000000008272                gattGetPayload
 .text.gattNotifyEvent
                0x00000000000082f0       0x80 C:\Project\CH573F\Quark_Link_Wireless\LIB\libCH57xBLE.a(gatt.o)
                0x00000000000082f0                gattNotifyEvent
 .text.gattSendFlowCtrlEvt
                0x0000000000008370       0x4a C:\Project\CH573F\Quark_Link_Wireless\LIB\libCH57xBLE.a(gatt.o)
                0x0000000000008370                gattSendFlowCtrlEvt
 .text.gattStartTimer
                0x00000000000083ba        0xc C:\Project\CH573F\Quark_Link_Wireless\LIB\libCH57xBLE.a(gatt.o)
                0x00000000000083ba                gattStartTimer
 .text.gattStopTimer
                0x00000000000083c6       0x32 C:\Project\CH573F\Quark_Link_Wireless\LIB\libCH57xBLE.a(gatt.o)
                0x00000000000083c6                gattStopTimer
 .text.GATT_AppCompletedMsg
                0x00000000000083f8       0x30 C:\Project\CH573F\Quark_Link_Wireless\LIB\libCH57xBLE.a(gatt.o)
                0x00000000000083f8                GATT_AppCompletedMsg
 .text.GATT_NotifyEvent
                0x0000000000008428       0x4e C:\Project\CH573F\Quark_Link_Wireless\LIB\libCH57xBLE.a(gatt.o)
                0x0000000000008428                GATT_NotifyEvent
 .text.gattRegisterServer
                0x0000000000008476        0x6 C:\Project\CH573F\Quark_Link_Wireless\LIB\libCH57xBLE.a(gatt.o)
                0x0000000000008476                gattRegisterServer
 .text.GATT_UpdateMTU
                0x000000000000847c       0x5c C:\Project\CH573F\Quark_Link_Wireless\LIB\libCH57xBLE.a(gatt.o)
                0x000000000000847c                GATT_UpdateMTU
 .text.GATT_bm_alloc
                0x00000000000084d8       0xea C:\Project\CH573F\Quark_Link_Wireless\LIB\libCH57xBLE.a(gatt.o)
                0x00000000000084d8                GATT_bm_alloc
 .text.GATT_ServiceChangedInd
                0x00000000000085c2       0x94 C:\Project\CH573F\Quark_Link_Wireless\LIB\libCH57xBLE.a(gatt.o)
                0x00000000000085c2                GATT_ServiceChangedInd
 .text.GATT_bm_free
                0x0000000000008656       0x1c C:\Project\CH573F\Quark_Link_Wireless\LIB\libCH57xBLE.a(gatt.o)
                0x0000000000008656                GATT_bm_free
 .text.GATT_RegisterForPeriMsgs
                0x0000000000008672        0x6 C:\Project\CH573F\Quark_Link_Wireless\LIB\libCH57xBLE.a(gatt.o)
                0x0000000000008672                GATT_RegisterForPeriMsgs
 .text.GATT_Init
                0x0000000000008678       0x30 C:\Project\CH573F\Quark_Link_Wireless\LIB\libCH57xBLE.a(gatt.o)
                0x0000000000008678                GATT_Init
 .text.GATT_ProcessEvent
                0x00000000000086a8      0x136 C:\Project\CH573F\Quark_Link_Wireless\LIB\libCH57xBLE.a(gatt.o)
                0x00000000000086a8                GATT_ProcessEvent
 .text.gattProcessExchangeMTUReq
                0x00000000000087de        0x4 C:\Project\CH573F\Quark_Link_Wireless\LIB\libCH57xBLE.a(gattservapp.o)
 .text.gattServApp_FindCharCfgItem
                0x00000000000087e2       0x20 C:\Project\CH573F\Quark_Link_Wireless\LIB\libCH57xBLE.a(gattservapp.o)
 .text.gattServerHandleTimerCB
                0x0000000000008802       0x3c C:\Project\CH573F\Quark_Link_Wireless\LIB\libCH57xBLE.a(gattservapp.o)
 .text.GATTServApp_InitCharCfg.part.12
                0x000000000000883e       0x1c C:\Project\CH573F\Quark_Link_Wireless\LIB\libCH57xBLE.a(gattservapp.o)
 .text.gattProcessExecuteWriteReq
                0x000000000000885a        0x4 C:\Project\CH573F\Quark_Link_Wireless\LIB\libCH57xBLE.a(gattservapp.o)
 .text.GATTServApp_ParamInit
                0x000000000000885e       0xd6 C:\Project\CH573F\Quark_Link_Wireless\LIB\libCH57xBLE.a(gattservapp.o)
                0x000000000000885e                GATTServApp_ParamInit
 .text.GATTServApp_ReadCharCfg
                0x0000000000008934       0x18 C:\Project\CH573F\Quark_Link_Wireless\LIB\libCH57xBLE.a(gattservapp.o)
                0x0000000000008934                GATTServApp_ReadCharCfg
 .text.GATTServApp_WriteCharCfg
                0x000000000000894c       0x3c C:\Project\CH573F\Quark_Link_Wireless\LIB\libCH57xBLE.a(gattservapp.o)
                0x000000000000894c                GATTServApp_WriteCharCfg
 .text.GATTServApp_ProcessCCCWriteReq
                0x0000000000008988       0x60 C:\Project\CH573F\Quark_Link_Wireless\LIB\libCH57xBLE.a(gattservapp.o)
                0x0000000000008988                GATTServApp_ProcessCCCWriteReq
 .text.gattServApp_WriteAttrCB
                0x00000000000089e8       0x34 C:\Project\CH573F\Quark_Link_Wireless\LIB\libCH57xBLE.a(gattservapp.o)
                0x00000000000089e8                gattServApp_WriteAttrCB
 .text.GATTServApp_SendCCCUpdatedEvent
                0x0000000000008a1c       0x5e C:\Project\CH573F\Quark_Link_Wireless\LIB\libCH57xBLE.a(gattservapp.o)
                0x0000000000008a1c                GATTServApp_SendCCCUpdatedEvent
 .text.GATTServApp_SendServiceChangedInd
                0x0000000000008a7a       0x36 C:\Project\CH573F\Quark_Link_Wireless\LIB\libCH57xBLE.a(gattservapp.o)
                0x0000000000008a7a                GATTServApp_SendServiceChangedInd
 .text.gattServApp_ClearPrepareWriteQ
                0x0000000000008ab0       0x4c C:\Project\CH573F\Quark_Link_Wireless\LIB\libCH57xBLE.a(gattservapp.o)
                0x0000000000008ab0                gattServApp_ClearPrepareWriteQ
 .text.gattServApp_FindPrepareWriteQ
                0x0000000000008afc       0x2c C:\Project\CH573F\Quark_Link_Wireless\LIB\libCH57xBLE.a(gattservapp.o)
                0x0000000000008afc                gattServApp_FindPrepareWriteQ
 .text.gattServApp_FindServiceCBs
                0x0000000000008b28       0x18 C:\Project\CH573F\Quark_Link_Wireless\LIB\libCH57xBLE.a(gattservapp.o)
                0x0000000000008b28                gattServApp_FindServiceCBs
 .text.gattServApp_FindAuthorizeAttrCB
                0x0000000000008b40       0x16 C:\Project\CH573F\Quark_Link_Wireless\LIB\libCH57xBLE.a(gattservapp.o)
                0x0000000000008b40                gattServApp_FindAuthorizeAttrCB
 .text.gattServApp_IsWriteLong
                0x0000000000008b56       0xe6 C:\Project\CH573F\Quark_Link_Wireless\LIB\libCH57xBLE.a(gattservapp.o)
                0x0000000000008b56                gattServApp_IsWriteLong
 .text.gattFindService
                0x0000000000008c3c       0x1c C:\Project\CH573F\Quark_Link_Wireless\LIB\libCH57xBLE.a(gattservapp.o)
                0x0000000000008c3c                gattFindService
 .text.GATT_ServiceNumAttrs
                0x0000000000008c58       0x18 C:\Project\CH573F\Quark_Link_Wireless\LIB\libCH57xBLE.a(gattservapp.o)
                0x0000000000008c58                GATT_ServiceNumAttrs
 .text.GATT_ServiceEncKeySize
                0x0000000000008c70       0x18 C:\Project\CH573F\Quark_Link_Wireless\LIB\libCH57xBLE.a(gattservapp.o)
                0x0000000000008c70                GATT_ServiceEncKeySize
 .text.GATT_VerifyWritePermissions.part.7
                0x0000000000008c88       0x2e C:\Project\CH573F\Quark_Link_Wireless\LIB\libCH57xBLE.a(gattservapp.o)
 .text.gattResetServerInfo
                0x0000000000008cb6       0x1c C:\Project\CH573F\Quark_Link_Wireless\LIB\libCH57xBLE.a(gattservapp.o)
                0x0000000000008cb6                gattResetServerInfo
 .text.gattFindServerInfo
                0x0000000000008cd2       0x28 C:\Project\CH573F\Quark_Link_Wireless\LIB\libCH57xBLE.a(gattservapp.o)
                0x0000000000008cd2                gattFindServerInfo
 .text.gattServerHandleConnStatusCB
                0x0000000000008cfa       0x98 C:\Project\CH573F\Quark_Link_Wireless\LIB\libCH57xBLE.a(gattservapp.o)
                0x0000000000008cfa                gattServerHandleConnStatusCB
 .text.gattServerProcessMsgCB
                0x0000000000008d92      0x1c0 C:\Project\CH573F\Quark_Link_Wireless\LIB\libCH57xBLE.a(gattservapp.o)
                0x0000000000008d92                gattServerProcessMsgCB
 .text.gattServerNotifyTxCB
                0x0000000000008f52       0x28 C:\Project\CH573F\Quark_Link_Wireless\LIB\libCH57xBLE.a(gattservapp.o)
 .text.GATT_FindHandle
                0x0000000000008f7a       0x4a C:\Project\CH573F\Quark_Link_Wireless\LIB\libCH57xBLE.a(gattservapp.o)
                0x0000000000008f7a                GATT_FindHandle
 .text.GATTServApp_WriteAttr
                0x0000000000008fc4       0xa8 C:\Project\CH573F\Quark_Link_Wireless\LIB\libCH57xBLE.a(gattservapp.o)
                0x0000000000008fc4                GATTServApp_WriteAttr
 .text.gattServApp_ProcessExecuteWriteReq
                0x000000000000906c      0x100 C:\Project\CH573F\Quark_Link_Wireless\LIB\libCH57xBLE.a(gattservapp.o)
                0x000000000000906c                gattServApp_ProcessExecuteWriteReq
 .text.GATTServApp_UpdateCharCfg
                0x000000000000916c       0x1e C:\Project\CH573F\Quark_Link_Wireless\LIB\libCH57xBLE.a(gattservapp.o)
                0x000000000000916c                GATTServApp_UpdateCharCfg
 .text.gattServApp_ProcessPrepareWriteReq
                0x000000000000918a      0x10e C:\Project\CH573F\Quark_Link_Wireless\LIB\libCH57xBLE.a(gattservapp.o)
                0x000000000000918a                gattServApp_ProcessPrepareWriteReq
 .text.gattServApp_ProcessWriteReq
                0x0000000000009298       0xb0 C:\Project\CH573F\Quark_Link_Wireless\LIB\libCH57xBLE.a(gattservapp.o)
                0x0000000000009298                gattServApp_ProcessWriteReq
 .text.GATT_Indication
                0x0000000000009348       0xa4 C:\Project\CH573F\Quark_Link_Wireless\LIB\libCH57xBLE.a(gattservapp.o)
                0x0000000000009348                GATT_Indication
 .text.GATT_FindHandleUUID
                0x00000000000093ec       0x94 C:\Project\CH573F\Quark_Link_Wireless\LIB\libCH57xBLE.a(gattservapp.o)
                0x00000000000093ec                GATT_FindHandleUUID
 .text.gattProcessReadByGrpTypeReq
                0x0000000000009480       0x60 C:\Project\CH573F\Quark_Link_Wireless\LIB\libCH57xBLE.a(gattservapp.o)
 .text.gattProcessReadByTypeReq
                0x00000000000094e0       0x34 C:\Project\CH573F\Quark_Link_Wireless\LIB\libCH57xBLE.a(gattservapp.o)
 .text.gattProcessFindByTypeValueReq
                0x0000000000009514       0x34 C:\Project\CH573F\Quark_Link_Wireless\LIB\libCH57xBLE.a(gattservapp.o)
 .text.gattProcessFindInfoReq
                0x0000000000009548      0x1aa C:\Project\CH573F\Quark_Link_Wireless\LIB\libCH57xBLE.a(gattservapp.o)
 .text.GATT_Notification
                0x00000000000096f2       0x70 C:\Project\CH573F\Quark_Link_Wireless\LIB\libCH57xBLE.a(gattservapp.o)
                0x00000000000096f2                GATT_Notification
 .text.GATT_VerifyWritePermissions
                0x0000000000009762       0x6a C:\Project\CH573F\Quark_Link_Wireless\LIB\libCH57xBLE.a(gattservapp.o)
                0x0000000000009762                GATT_VerifyWritePermissions
 .text.gattProcessWriteReq
                0x00000000000097cc       0x36 C:\Project\CH573F\Quark_Link_Wireless\LIB\libCH57xBLE.a(gattservapp.o)
 .text.GATT_VerifyPrepareWritePermissions
                0x0000000000009802       0x56 C:\Project\CH573F\Quark_Link_Wireless\LIB\libCH57xBLE.a(gattservapp.o)
                0x0000000000009802                GATT_VerifyPrepareWritePermissions
 .text.gattProcessPrepareWriteReq
                0x0000000000009858       0x36 C:\Project\CH573F\Quark_Link_Wireless\LIB\libCH57xBLE.a(gattservapp.o)
 .text.GATT_FindNextAttr
                0x000000000000988e       0xc2 C:\Project\CH573F\Quark_Link_Wireless\LIB\libCH57xBLE.a(gattservapp.o)
                0x000000000000988e                GATT_FindNextAttr
 .text.GATTServApp_ReadAttr
                0x0000000000009950      0x2e2 C:\Project\CH573F\Quark_Link_Wireless\LIB\libCH57xBLE.a(gattservapp.o)
                0x0000000000009950                GATTServApp_ReadAttr
 .text.gattServApp_ProcessReadMultiReq
                0x0000000000009c32      0x16e C:\Project\CH573F\Quark_Link_Wireless\LIB\libCH57xBLE.a(gattservapp.o)
                0x0000000000009c32                gattServApp_ProcessReadMultiReq
 .text.gattServApp_ProcessFindByTypeValueReq
                0x0000000000009da0      0x19c C:\Project\CH573F\Quark_Link_Wireless\LIB\libCH57xBLE.a(gattservapp.o)
                0x0000000000009da0                gattServApp_ProcessFindByTypeValueReq
 .text.GATT_VerifyReadPermissions
                0x0000000000009f3c       0x68 C:\Project\CH573F\Quark_Link_Wireless\LIB\libCH57xBLE.a(gattservapp.o)
                0x0000000000009f3c                GATT_VerifyReadPermissions
 .text.gattProcessReadMultiReq
                0x0000000000009fa4       0xae C:\Project\CH573F\Quark_Link_Wireless\LIB\libCH57xBLE.a(gattservapp.o)
 .text.gattProcessReadReq
                0x000000000000a052       0x30 C:\Project\CH573F\Quark_Link_Wireless\LIB\libCH57xBLE.a(gattservapp.o)
 .text.gattServApp_ProcessReadByGrpTypeReq
                0x000000000000a082      0x21c C:\Project\CH573F\Quark_Link_Wireless\LIB\libCH57xBLE.a(gattservapp.o)
                0x000000000000a082                gattServApp_ProcessReadByGrpTypeReq
 .text.gattServApp_ProcessReadByTypeReq
                0x000000000000a29e      0x1ae C:\Project\CH573F\Quark_Link_Wireless\LIB\libCH57xBLE.a(gattservapp.o)
                0x000000000000a29e                gattServApp_ProcessReadByTypeReq
 .text.GATT_RegisterService
                0x000000000000a44c       0xfc C:\Project\CH573F\Quark_Link_Wireless\LIB\libCH57xBLE.a(gattservapp.o)
                0x000000000000a44c                GATT_RegisterService
 .text.GATTServApp_RegisterService
                0x000000000000a548       0x8a C:\Project\CH573F\Quark_Link_Wireless\LIB\libCH57xBLE.a(gattservapp.o)
                0x000000000000a548                GATTServApp_RegisterService
 .text.GATTServApp_AddService
                0x000000000000a5d2       0x2c C:\Project\CH573F\Quark_Link_Wireless\LIB\libCH57xBLE.a(gattservapp.o)
                0x000000000000a5d2                GATTServApp_AddService
 .text.GATTServApp_RegisterForMsg
                0x000000000000a5fe        0x6 C:\Project\CH573F\Quark_Link_Wireless\LIB\libCH57xBLE.a(gattservapp.o)
                0x000000000000a5fe                GATTServApp_RegisterForMsg
 .text.GATTServApp_InitCharCfg
                0x000000000000a604       0x28 C:\Project\CH573F\Quark_Link_Wireless\LIB\libCH57xBLE.a(gattservapp.o)
                0x000000000000a604                GATTServApp_InitCharCfg
 .text.gattServApp_HandleConnStatusCB
                0x000000000000a62c       0x74 C:\Project\CH573F\Quark_Link_Wireless\LIB\libCH57xBLE.a(gattservapp.o)
                0x000000000000a62c                gattServApp_HandleConnStatusCB
 .text.GATT_InitServer
                0x000000000000a6a0       0xf6 C:\Project\CH573F\Quark_Link_Wireless\LIB\libCH57xBLE.a(gattservapp.o)
                0x000000000000a6a0                GATT_InitServer
 .text.GATTServApp_Init
                0x000000000000a796       0x34 C:\Project\CH573F\Quark_Link_Wireless\LIB\libCH57xBLE.a(gattservapp.o)
                0x000000000000a796                GATTServApp_Init
 .text.GATTServApp_ProcessEvent
                0x000000000000a7ca      0x366 C:\Project\CH573F\Quark_Link_Wireless\LIB\libCH57xBLE.a(gattservapp.o)
                0x000000000000a7ca                GATTServApp_ProcessEvent
 .text.l2capAllocConnChannel
                0x000000000000ab30       0xd8 C:\Project\CH573F\Quark_Link_Wireless\LIB\libCH57xBLE.a(l2cap.o)
                0x000000000000ab30                l2capAllocConnChannel
 .text.l2capFindLocalCID
                0x000000000000ac08       0x2c C:\Project\CH573F\Quark_Link_Wireless\LIB\libCH57xBLE.a(l2cap.o)
                0x000000000000ac08                l2capFindLocalCID
 .text.l2capFindLocalId
                0x000000000000ac34       0x30 C:\Project\CH573F\Quark_Link_Wireless\LIB\libCH57xBLE.a(l2cap.o)
                0x000000000000ac34                l2capFindLocalId
 .text.l2capFindPsm
                0x000000000000ac64       0x2c C:\Project\CH573F\Quark_Link_Wireless\LIB\libCH57xBLE.a(l2cap.o)
                0x000000000000ac64                l2capFindPsm
 .text.l2capFindRemoteCID
                0x000000000000ac90       0x3c C:\Project\CH573F\Quark_Link_Wireless\LIB\libCH57xBLE.a(l2cap.o)
                0x000000000000ac90                l2capFindRemoteCID
 .text.l2capFreeChannel
                0x000000000000accc       0x4a C:\Project\CH573F\Quark_Link_Wireless\LIB\libCH57xBLE.a(l2cap.o)
                0x000000000000accc                l2capFreeChannel
 .text.l2capDisconnectChannel
                0x000000000000ad16       0x28 C:\Project\CH573F\Quark_Link_Wireless\LIB\libCH57xBLE.a(l2cap.o)
                0x000000000000ad16                l2capDisconnectChannel
 .text.l2capHandleTimerCB
                0x000000000000ad3e       0x2c C:\Project\CH573F\Quark_Link_Wireless\LIB\libCH57xBLE.a(l2cap.o)
                0x000000000000ad3e                l2capHandleTimerCB
 .text.l2capFreePendingPkt
                0x000000000000ad6a       0x58 C:\Project\CH573F\Quark_Link_Wireless\LIB\libCH57xBLE.a(l2cap.o)
                0x000000000000ad6a                l2capFreePendingPkt
 .text.l2capGetCoChannelInfo
                0x000000000000adc2       0x7e C:\Project\CH573F\Quark_Link_Wireless\LIB\libCH57xBLE.a(l2cap.o)
                0x000000000000adc2                l2capGetCoChannelInfo
 .text.l2capNumActiveChannnels
                0x000000000000ae40       0x44 C:\Project\CH573F\Quark_Link_Wireless\LIB\libCH57xBLE.a(l2cap.o)
                0x000000000000ae40                l2capNumActiveChannnels
 .text.l2capStartTimer
                0x000000000000ae84       0x1a C:\Project\CH573F\Quark_Link_Wireless\LIB\libCH57xBLE.a(l2cap.o)
                0x000000000000ae84                l2capStartTimer
 .text.l2capStopTimer
                0x000000000000ae9e       0x1e C:\Project\CH573F\Quark_Link_Wireless\LIB\libCH57xBLE.a(l2cap.o)
                0x000000000000ae9e                l2capStopTimer
 .text.l2capDisconnectAllChannels
                0x000000000000aebc       0xdc C:\Project\CH573F\Quark_Link_Wireless\LIB\libCH57xBLE.a(l2cap.o)
                0x000000000000aebc                l2capDisconnectAllChannels
 .text.l2capHandleConnStatusCB
                0x000000000000af98       0x3c C:\Project\CH573F\Quark_Link_Wireless\LIB\libCH57xBLE.a(l2cap.o)
                0x000000000000af98                l2capHandleConnStatusCB
 .text.l2capHandleRxError
                0x000000000000afd4        0x6 C:\Project\CH573F\Quark_Link_Wireless\LIB\libCH57xBLE.a(l2cap.o)
                0x000000000000afd4                l2capHandleRxError
 .text.L2CAP_GetMTU
                0x000000000000afda        0x6 C:\Project\CH573F\Quark_Link_Wireless\LIB\libCH57xBLE.a(l2cap.o)
                0x000000000000afda                L2CAP_GetMTU
 .text.L2CAP_HostNumCompletedPkts
                0x000000000000afe0       0x28 C:\Project\CH573F\Quark_Link_Wireless\LIB\libCH57xBLE.a(l2cap.o)
                0x000000000000afe0                L2CAP_HostNumCompletedPkts
 .text.L2CAP_ParseConnectReq
                0x000000000000b008       0x5e C:\Project\CH573F\Quark_Link_Wireless\LIB\libCH57xBLE.a(l2cap.o)
                0x000000000000b008                L2CAP_ParseConnectReq
 .text.L2CAP_ParseFlowCtrlCredit
                0x000000000000b066       0x2e C:\Project\CH573F\Quark_Link_Wireless\LIB\libCH57xBLE.a(l2cap.o)
                0x000000000000b066                L2CAP_ParseFlowCtrlCredit
 .text.L2CAP_RegisterApp
                0x000000000000b094       0x30 C:\Project\CH573F\Quark_Link_Wireless\LIB\libCH57xBLE.a(l2cap.o)
                0x000000000000b094                L2CAP_RegisterApp
 .text.L2CAP_SetBufSize
                0x000000000000b0c4       0x1e C:\Project\CH573F\Quark_Link_Wireless\LIB\libCH57xBLE.a(l2cap.o)
                0x000000000000b0c4                L2CAP_SetBufSize
 .text.L2CAP_bm_alloc
                0x000000000000b0e2       0x30 C:\Project\CH573F\Quark_Link_Wireless\LIB\libCH57xBLE.a(l2cap.o)
                0x000000000000b0e2                L2CAP_bm_alloc
 .text.L2CAP_Init
                0x000000000000b112       0xf0 C:\Project\CH573F\Quark_Link_Wireless\LIB\libCH57xBLE.a(l2cap.o)
                0x000000000000b112                L2CAP_Init
 .text.L2CAP_ProcessEvent
                0x000000000000b202       0xc8 C:\Project\CH573F\Quark_Link_Wireless\LIB\libCH57xBLE.a(l2cap.o)
                0x000000000000b202                L2CAP_ProcessEvent
 .text.l2capParseCmdReject
                0x000000000000b2ca       0x5e C:\Project\CH573F\Quark_Link_Wireless\LIB\libCH57xBLE.a(l2cap_input.o)
                0x000000000000b2ca                l2capParseCmdReject
 .text.l2capParseDisconnectReq
                0x000000000000b328       0x2e C:\Project\CH573F\Quark_Link_Wireless\LIB\libCH57xBLE.a(l2cap_input.o)
                0x000000000000b328                l2capParseDisconnectReq
 .text.l2capParseDisconnectRsp
                0x000000000000b356       0x2e C:\Project\CH573F\Quark_Link_Wireless\LIB\libCH57xBLE.a(l2cap_input.o)
                0x000000000000b356                l2capParseDisconnectRsp
 .text.L2CAP_ParseParamUpdateReq
                0x000000000000b384       0x4e C:\Project\CH573F\Quark_Link_Wireless\LIB\libCH57xBLE.a(l2cap_input.o)
                0x000000000000b384                L2CAP_ParseParamUpdateReq
 .text.l2capParseParamUpdateRsp
                0x000000000000b3d2       0x1e C:\Project\CH573F\Quark_Link_Wireless\LIB\libCH57xBLE.a(l2cap_input.o)
                0x000000000000b3d2                l2capParseParamUpdateRsp
 .text.l2capProcessConnectReq
                0x000000000000b3f0       0xfc C:\Project\CH573F\Quark_Link_Wireless\LIB\libCH57xBLE.a(l2cap_input.o)
                0x000000000000b3f0                l2capProcessConnectReq
 .text.l2capParseConnectRsp
                0x000000000000b4ec       0x5e C:\Project\CH573F\Quark_Link_Wireless\LIB\libCH57xBLE.a(l2cap_input.o)
                0x000000000000b4ec                l2capParseConnectRsp
 .text.l2capParseSignalHdr
                0x000000000000b54a       0x22 C:\Project\CH573F\Quark_Link_Wireless\LIB\libCH57xBLE.a(l2cap_input.o)
                0x000000000000b54a                l2capParseSignalHdr
 .text.l2capParsePacket
                0x000000000000b56c       0x8c C:\Project\CH573F\Quark_Link_Wireless\LIB\libCH57xBLE.a(l2cap_input.o)
                0x000000000000b56c                l2capParsePacket
 .text.l2capProcessReq
                0x000000000000b5f8      0x15a C:\Project\CH573F\Quark_Link_Wireless\LIB\libCH57xBLE.a(l2cap_input.o)
                0x000000000000b5f8                l2capProcessReq
 .text.l2capProcessRsp
                0x000000000000b752      0x150 C:\Project\CH573F\Quark_Link_Wireless\LIB\libCH57xBLE.a(l2cap_input.o)
                0x000000000000b752                l2capProcessRsp
 .text.l2capProcessRxData
                0x000000000000b8a2       0xf8 C:\Project\CH573F\Quark_Link_Wireless\LIB\libCH57xBLE.a(l2cap_input.o)
                0x000000000000b8a2                l2capProcessRxData
 .text.l2capNotifyData
                0x000000000000b99a       0x5a C:\Project\CH573F\Quark_Link_Wireless\LIB\libCH57xBLE.a(l2cap_output.o)
                0x000000000000b99a                l2capNotifyData
 .text.l2capNotifySignal
                0x000000000000b9f4       0x76 C:\Project\CH573F\Quark_Link_Wireless\LIB\libCH57xBLE.a(l2cap_output.o)
                0x000000000000b9f4                l2capNotifySignal
 .text.l2capNotifyCreditEvt
                0x000000000000ba6a       0x9c C:\Project\CH573F\Quark_Link_Wireless\LIB\libCH57xBLE.a(l2cap_output.o)
                0x000000000000ba6a                l2capNotifyCreditEvt
 .text.l2capNotifyChannelEstEvt
                0x000000000000bb06       0x58 C:\Project\CH573F\Quark_Link_Wireless\LIB\libCH57xBLE.a(l2cap_output.o)
                0x000000000000bb06                l2capNotifyChannelEstEvt
 .text.l2capNotifyChannelTermEvt
                0x000000000000bb5e       0x3e C:\Project\CH573F\Quark_Link_Wireless\LIB\libCH57xBLE.a(l2cap_output.o)
                0x000000000000bb5e                l2capNotifyChannelTermEvt
 .text.l2capNotifyEvent
                0x000000000000bb9c       0x66 C:\Project\CH573F\Quark_Link_Wireless\LIB\libCH57xBLE.a(l2cap_output.o)
                0x000000000000bb9c                l2capNotifyEvent
 .text.l2capStoreFCPkt
                0x000000000000bc02       0x32 C:\Project\CH573F\Quark_Link_Wireless\LIB\libCH57xBLE.a(l2cap_output.o)
                0x000000000000bc02                l2capStoreFCPkt
 .text.l2capFreeTxSDU
                0x000000000000bc34       0x9a C:\Project\CH573F\Quark_Link_Wireless\LIB\libCH57xBLE.a(l2cap_output.o)
                0x000000000000bc34                l2capFreeTxSDU
 .text.l2capReassembleSegment
                0x000000000000bcce      0x174 C:\Project\CH573F\Quark_Link_Wireless\LIB\libCH57xBLE.a(l2cap_output.o)
                0x000000000000bcce                l2capReassembleSegment
 .text.l2capEncapSendData
                0x000000000000be42       0xec C:\Project\CH573F\Quark_Link_Wireless\LIB\libCH57xBLE.a(l2cap_output.o)
                0x000000000000be42                l2capEncapSendData
 .text.l2capSendFCPkt.part.3
                0x000000000000bf2e       0x70 C:\Project\CH573F\Quark_Link_Wireless\LIB\libCH57xBLE.a(l2cap_output.o)
 .text.l2capSendSegment
                0x000000000000bf9e      0x108 C:\Project\CH573F\Quark_Link_Wireless\LIB\libCH57xBLE.a(l2cap_output.o)
                0x000000000000bf9e                l2capSendSegment
 .text.l2capSendNextSegment
                0x000000000000c0a6       0xb4 C:\Project\CH573F\Quark_Link_Wireless\LIB\libCH57xBLE.a(l2cap_output.o)
                0x000000000000c0a6                l2capSendNextSegment
 .text.l2capSendPkt
                0x000000000000c15a       0x3a C:\Project\CH573F\Quark_Link_Wireless\LIB\libCH57xBLE.a(l2cap_output.o)
                0x000000000000c15a                l2capSendPkt
 .text.L2CAP_SendData
                0x000000000000c194       0x82 C:\Project\CH573F\Quark_Link_Wireless\LIB\libCH57xBLE.a(l2cap_output.o)
                0x000000000000c194                L2CAP_SendData
 .text.l2capSendCmd
                0x000000000000c216       0x8a C:\Project\CH573F\Quark_Link_Wireless\LIB\libCH57xBLE.a(l2cap_output.o)
                0x000000000000c216                l2capSendCmd
 .text.l2capSendReq
                0x000000000000c2a0       0xbc C:\Project\CH573F\Quark_Link_Wireless\LIB\libCH57xBLE.a(l2cap_output.o)
                0x000000000000c2a0                l2capSendReq
 .text.l2capBuildDisconnectReq
                0x000000000000c35c       0x28 C:\Project\CH573F\Quark_Link_Wireless\LIB\libCH57xBLE.a(l2cap_sdu.o)
 .text.l2capBuildParamUpdateReq
                0x000000000000c384       0x4c C:\Project\CH573F\Quark_Link_Wireless\LIB\libCH57xBLE.a(l2cap_sdu.o)
 .text.l2capBuildParamUpdateRsp
                0x000000000000c3d0       0x16 C:\Project\CH573F\Quark_Link_Wireless\LIB\libCH57xBLE.a(l2cap_sdu.o)
 .text.l2capBuildConnectRsp
                0x000000000000c3e6       0x5e C:\Project\CH573F\Quark_Link_Wireless\LIB\libCH57xBLE.a(l2cap_sdu.o)
 .text.l2capBuildCmdReject
                0x000000000000c444       0x62 C:\Project\CH573F\Quark_Link_Wireless\LIB\libCH57xBLE.a(l2cap_sdu.o)
                0x000000000000c444                l2capBuildCmdReject
 .text.l2capBuildDisconnectRsp
                0x000000000000c4a6       0x28 C:\Project\CH573F\Quark_Link_Wireless\LIB\libCH57xBLE.a(l2cap_sdu.o)
                0x000000000000c4a6                l2capBuildDisconnectRsp
 .text.l2capSendConnectRsp
                0x000000000000c4ce       0xa2 C:\Project\CH573F\Quark_Link_Wireless\LIB\libCH57xBLE.a(l2cap_sdu.o)
                0x000000000000c4ce                l2capSendConnectRsp
 .text.L2CAP_CmdReject
                0x000000000000c570       0x12 C:\Project\CH573F\Quark_Link_Wireless\LIB\libCH57xBLE.a(l2cap_sdu.o)
                0x000000000000c570                L2CAP_CmdReject
 .text.L2CAP_DisconnectReq
                0x000000000000c582       0x2a C:\Project\CH573F\Quark_Link_Wireless\LIB\libCH57xBLE.a(l2cap_sdu.o)
                0x000000000000c582                L2CAP_DisconnectReq
 .text.L2CAP_ConnParamUpdateReq
                0x000000000000c5ac       0x16 C:\Project\CH573F\Quark_Link_Wireless\LIB\libCH57xBLE.a(l2cap_sdu.o)
                0x000000000000c5ac                L2CAP_ConnParamUpdateReq
 .text.L2CAP_ConnParamUpdateRsp
                0x000000000000c5c2       0x12 C:\Project\CH573F\Quark_Link_Wireless\LIB\libCH57xBLE.a(l2cap_sdu.o)
                0x000000000000c5c2                L2CAP_ConnParamUpdateRsp
 .text.reportStatusChange
                0x000000000000c5d4       0x3e C:\Project\CH573F\Quark_Link_Wireless\LIB\libCH57xBLE.a(linkdb.o)
 .text.linkDB_Init
                0x000000000000c612       0x88 C:\Project\CH573F\Quark_Link_Wireless\LIB\libCH57xBLE.a(linkdb.o)
                0x000000000000c612                linkDB_Init
 .text.linkDB_Find
                0x000000000000c69a       0x2c C:\Project\CH573F\Quark_Link_Wireless\LIB\libCH57xBLE.a(linkdb.o)
                0x000000000000c69a                linkDB_Find
 .text.linkDB_Authen
                0x000000000000c6c6       0x5c C:\Project\CH573F\Quark_Link_Wireless\LIB\libCH57xBLE.a(linkdb.o)
                0x000000000000c6c6                linkDB_Authen
 .text.linkDB_FindByAddr
                0x000000000000c722       0x76 C:\Project\CH573F\Quark_Link_Wireless\LIB\libCH57xBLE.a(linkdb.o)
                0x000000000000c722                linkDB_FindByAddr
 .text.linkDB_FindFirst
                0x000000000000c798       0x38 C:\Project\CH573F\Quark_Link_Wireless\LIB\libCH57xBLE.a(linkdb.o)
                0x000000000000c798                linkDB_FindFirst
 .text.linkDB_MTU
                0x000000000000c7d0       0x18 C:\Project\CH573F\Quark_Link_Wireless\LIB\libCH57xBLE.a(linkdb.o)
                0x000000000000c7d0                linkDB_MTU
 .text.linkDB_NumActive
                0x000000000000c7e8       0x2e C:\Project\CH573F\Quark_Link_Wireless\LIB\libCH57xBLE.a(linkdb.o)
                0x000000000000c7e8                linkDB_NumActive
 .text.linkDB_NumConns
                0x000000000000c816        0x6 C:\Project\CH573F\Quark_Link_Wireless\LIB\libCH57xBLE.a(linkdb.o)
                0x000000000000c816                linkDB_NumConns
 .text.linkDB_Register
                0x000000000000c81c       0x28 C:\Project\CH573F\Quark_Link_Wireless\LIB\libCH57xBLE.a(linkdb.o)
                0x000000000000c81c                linkDB_Register
 .text.linkDB_Remove
                0x000000000000c844       0x48 C:\Project\CH573F\Quark_Link_Wireless\LIB\libCH57xBLE.a(linkdb.o)
                0x000000000000c844                linkDB_Remove
 .text.linkDB_Role
                0x000000000000c88c       0x18 C:\Project\CH573F\Quark_Link_Wireless\LIB\libCH57xBLE.a(linkdb.o)
                0x000000000000c88c                linkDB_Role
 .text.linkDB_State
                0x000000000000c8a4       0x30 C:\Project\CH573F\Quark_Link_Wireless\LIB\libCH57xBLE.a(linkdb.o)
                0x000000000000c8a4                linkDB_State
 .text.linkDB_UpdateMTU
                0x000000000000c8d4       0x28 C:\Project\CH573F\Quark_Link_Wireless\LIB\libCH57xBLE.a(linkdb.o)
                0x000000000000c8d4                linkDB_UpdateMTU
 .text.linkDB_PerformFunc
                0x000000000000c8fc       0x52 C:\Project\CH573F\Quark_Link_Wireless\LIB\libCH57xBLE.a(linkdb.o)
                0x000000000000c8fc                linkDB_PerformFunc
 .text.linkDB_PeripheralLinkNum
                0x000000000000c94e       0x3e C:\Project\CH573F\Quark_Link_Wireless\LIB\libCH57xBLE.a(linkdb.o)
                0x000000000000c94e                linkDB_PeripheralLinkNum
 .text.linkDB_GetSMEvtID
                0x000000000000c98c       0x58 C:\Project\CH573F\Quark_Link_Wireless\LIB\libCH57xBLE.a(linkdb.o)
                0x000000000000c98c                linkDB_GetSMEvtID
 .text.linkDB_Add
                0x000000000000c9e4       0xb2 C:\Project\CH573F\Quark_Link_Wireless\LIB\libCH57xBLE.a(linkdb.o)
                0x000000000000c9e4                linkDB_Add
 .text.linkDB_GetHandleFromSMEvtID
                0x000000000000ca96       0x32 C:\Project\CH573F\Quark_Link_Wireless\LIB\libCH57xBLE.a(linkdb.o)
                0x000000000000ca96                linkDB_GetHandleFromSMEvtID
 .text.linkDB_GetPairingParam
                0x000000000000cac8       0x54 C:\Project\CH573F\Quark_Link_Wireless\LIB\libCH57xBLE.a(linkdb.o)
                0x000000000000cac8                linkDB_GetPairingParam
 .text.linkDB_NeedSendKey
                0x000000000000cb1c       0x42 C:\Project\CH573F\Quark_Link_Wireless\LIB\libCH57xBLE.a(linkdb.o)
                0x000000000000cb1c                linkDB_NeedSendKey
 .text.smpBuildPairingFailed
                0x000000000000cb5e       0x1a C:\Project\CH573F\Quark_Link_Wireless\LIB\libCH57xBLE.a(sm.o)
                0x000000000000cb5e                smpBuildPairingFailed
 .text.SM_StartEncryption
                0x000000000000cb78       0x98 C:\Project\CH573F\Quark_Link_Wireless\LIB\libCH57xBLE.a(sm.o)
                0x000000000000cb78                SM_StartEncryption
 .text.smpBuildEncInfo
                0x000000000000cc10       0x30 C:\Project\CH573F\Quark_Link_Wireless\LIB\libCH57xBLE.a(sm.o)
                0x000000000000cc10                smpBuildEncInfo
 .text.smpBuildIdentityAddrInfo
                0x000000000000cc40       0x3a C:\Project\CH573F\Quark_Link_Wireless\LIB\libCH57xBLE.a(sm.o)
                0x000000000000cc40                smpBuildIdentityAddrInfo
 .text.smpBuildIdentityInfo
                0x000000000000cc7a       0x30 C:\Project\CH573F\Quark_Link_Wireless\LIB\libCH57xBLE.a(sm.o)
                0x000000000000cc7a                smpBuildIdentityInfo
 .text.smpBuildMasterID
                0x000000000000ccaa       0x44 C:\Project\CH573F\Quark_Link_Wireless\LIB\libCH57xBLE.a(sm.o)
                0x000000000000ccaa                smpBuildMasterID
 .text.smpBuildPairingConfirm
                0x000000000000ccee       0x30 C:\Project\CH573F\Quark_Link_Wireless\LIB\libCH57xBLE.a(sm.o)
                0x000000000000ccee                smpBuildPairingConfirm
 .text.smpBuildPairingRandom
                0x000000000000cd1e       0x30 C:\Project\CH573F\Quark_Link_Wireless\LIB\libCH57xBLE.a(sm.o)
                0x000000000000cd1e                smpBuildPairingRandom
 .text.smpBuildSigningInfo
                0x000000000000cd4e       0x30 C:\Project\CH573F\Quark_Link_Wireless\LIB\libCH57xBLE.a(sm.o)
                0x000000000000cd4e                smpBuildSigningInfo
 .text.SM_ParamInit
                0x000000000000cd7e       0x5a C:\Project\CH573F\Quark_Link_Wireless\LIB\libCH57xBLE.a(sm.o)
                0x000000000000cd7e                SM_ParamInit
 .text.smDetermineKeySize
                0x000000000000cdd8       0x20 C:\Project\CH573F\Quark_Link_Wireless\LIB\libCH57xBLE.a(sm.o)
                0x000000000000cdd8                smDetermineKeySize
 .text.smProcessRandComplete
                0x000000000000cdf8       0x9e C:\Project\CH573F\Quark_Link_Wireless\LIB\libCH57xBLE.a(sm.o)
                0x000000000000cdf8                smProcessRandComplete
 .text.smSavePairInfo
                0x000000000000ce96      0x186 C:\Project\CH573F\Quark_Link_Wireless\LIB\libCH57xBLE.a(sm.o)
                0x000000000000ce96                smSavePairInfo
 .text.smSetPairingReqRsp
                0x000000000000d01c       0x38 C:\Project\CH573F\Quark_Link_Wireless\LIB\libCH57xBLE.a(sm.o)
                0x000000000000d01c                smSetPairingReqRsp
 .text.smStartEncryption
                0x000000000000d054       0x16 C:\Project\CH573F\Quark_Link_Wireless\LIB\libCH57xBLE.a(sm.o)
                0x000000000000d054                smStartEncryption
 .text.smStartRspTimer
                0x000000000000d06a       0x36 C:\Project\CH573F\Quark_Link_Wireless\LIB\libCH57xBLE.a(sm.o)
                0x000000000000d06a                smStartRspTimer
 .text.smSendSMMsg
                0x000000000000d0a0       0x5c C:\Project\CH573F\Quark_Link_Wireless\LIB\libCH57xBLE.a(sm.o)
                0x000000000000d0a0                smSendSMMsg
 .text.smGenerateConfirm
                0x000000000000d0fc       0x34 C:\Project\CH573F\Quark_Link_Wireless\LIB\libCH57xBLE.a(sm.o)
                0x000000000000d0fc                smGenerateConfirm
 .text.smGenerateRandMsg
                0x000000000000d130       0x34 C:\Project\CH573F\Quark_Link_Wireless\LIB\libCH57xBLE.a(sm.o)
                0x000000000000d130                smGenerateRandMsg
 .text.smPairingSendEncInfo
                0x000000000000d164       0x10 C:\Project\CH573F\Quark_Link_Wireless\LIB\libCH57xBLE.a(sm.o)
                0x000000000000d164                smPairingSendEncInfo
 .text.smPairingSendIdentityAddrInfo
                0x000000000000d174       0x38 C:\Project\CH573F\Quark_Link_Wireless\LIB\libCH57xBLE.a(sm.o)
                0x000000000000d174                smPairingSendIdentityAddrInfo
 .text.smPairingSendIdentityInfo
                0x000000000000d1ac       0x10 C:\Project\CH573F\Quark_Link_Wireless\LIB\libCH57xBLE.a(sm.o)
                0x000000000000d1ac                smPairingSendIdentityInfo
 .text.smPairingSendMasterID
                0x000000000000d1bc       0x38 C:\Project\CH573F\Quark_Link_Wireless\LIB\libCH57xBLE.a(sm.o)
                0x000000000000d1bc                smPairingSendMasterID
 .text.smPairingSendSingingInfo
                0x000000000000d1f4       0x10 C:\Project\CH573F\Quark_Link_Wireless\LIB\libCH57xBLE.a(sm.o)
                0x000000000000d1f4                smPairingSendSingingInfo
 .text.smInitiatorSendNextKeyInfo
                0x000000000000d204      0x1c2 C:\Project\CH573F\Quark_Link_Wireless\LIB\libCH57xBLE.a(sm.o)
                0x000000000000d204                smInitiatorSendNextKeyInfo
 .text.smResponderSendNextKeyInfo
                0x000000000000d3c6      0x216 C:\Project\CH573F\Quark_Link_Wireless\LIB\libCH57xBLE.a(sm.o)
                0x000000000000d3c6                smResponderSendNextKeyInfo
 .text.smGeneratePairingReqRsp
                0x000000000000d5dc       0x3e C:\Project\CH573F\Quark_Link_Wireless\LIB\libCH57xBLE.a(sm.o)
                0x000000000000d5dc                smGeneratePairingReqRsp
 .text.smStopRspTimer
                0x000000000000d61a        0xa C:\Project\CH573F\Quark_Link_Wireless\LIB\libCH57xBLE.a(sm.o)
                0x000000000000d61a                smStopRspTimer
 .text.smFreePairingParams
                0x000000000000d624       0x68 C:\Project\CH573F\Quark_Link_Wireless\LIB\libCH57xBLE.a(sm.o)
                0x000000000000d624                smFreePairingParams
 .text.smEndPairing
                0x000000000000d68c       0x5c C:\Project\CH573F\Quark_Link_Wireless\LIB\libCH57xBLE.a(sm.o)
                0x000000000000d68c                smEndPairing
 .text.setupInitiatorKeys
                0x000000000000d6e8       0x82 C:\Project\CH573F\Quark_Link_Wireless\LIB\libCH57xBLE.a(sm.o)
                0x000000000000d6e8                setupInitiatorKeys
 .text.smNextPairingState
                0x000000000000d76a       0x56 C:\Project\CH573F\Quark_Link_Wireless\LIB\libCH57xBLE.a(sm.o)
                0x000000000000d76a                smNextPairingState
 .text.smProcessEncryptChange
                0x000000000000d7c0       0xde C:\Project\CH573F\Quark_Link_Wireless\LIB\libCH57xBLE.a(sm.o)
                0x000000000000d7c0                smProcessEncryptChange
 .text.smSendFailAndEnd
                0x000000000000d89e       0x38 C:\Project\CH573F\Quark_Link_Wireless\LIB\libCH57xBLE.a(sm.o)
                0x000000000000d89e                smSendFailAndEnd
 .text.smProcessPairingReq
                0x000000000000d8d6       0x3c C:\Project\CH573F\Quark_Link_Wireless\LIB\libCH57xBLE.a(sm.o)
                0x000000000000d8d6                smProcessPairingReq
 .text.smLinkCheck
                0x000000000000d912       0x34 C:\Project\CH573F\Quark_Link_Wireless\LIB\libCH57xBLE.a(sm.o)
                0x000000000000d912                smLinkCheck
 .text.smTimedOut
                0x000000000000d946       0x20 C:\Project\CH573F\Quark_Link_Wireless\LIB\libCH57xBLE.a(sm.o)
                0x000000000000d946                smTimedOut
 .text.smUint8ToAuthReq
                0x000000000000d966        0x6 C:\Project\CH573F\Quark_Link_Wireless\LIB\libCH57xBLE.a(sm.o)
                0x000000000000d966                smUint8ToAuthReq
 .text.sm_ah    0x000000000000d96c       0x80 C:\Project\CH573F\Quark_Link_Wireless\LIB\libCH57xBLE.a(sm.o)
                0x000000000000d96c                sm_ah
 .text.sm_xor   0x000000000000d9ec       0x24 C:\Project\CH573F\Quark_Link_Wireless\LIB\libCH57xBLE.a(sm.o)
                0x000000000000d9ec                sm_xor
 .text.sm_c1new
                0x000000000000da10      0x11c C:\Project\CH573F\Quark_Link_Wireless\LIB\libCH57xBLE.a(sm.o)
                0x000000000000da10                sm_c1new
 .text.sm_s1    0x000000000000db2c       0x86 C:\Project\CH573F\Quark_Link_Wireless\LIB\libCH57xBLE.a(sm.o)
                0x000000000000db2c                sm_s1
 .text.smResponderProcessLTKReq
                0x000000000000dbb2      0x1e6 C:\Project\CH573F\Quark_Link_Wireless\LIB\libCH57xBLE.a(sm.o)
                0x000000000000dbb2                smResponderProcessLTKReq
 .text.xor_128  0x000000000000dd98       0x28 C:\Project\CH573F\Quark_Link_Wireless\LIB\libCH57xBLE.a(sm.o)
                0x000000000000dd98                xor_128
 .text.leftshift_onebit
                0x000000000000ddc0       0x2e C:\Project\CH573F\Quark_Link_Wireless\LIB\libCH57xBLE.a(sm.o)
                0x000000000000ddc0                leftshift_onebit
 .text.padding  0x000000000000ddee       0x38 C:\Project\CH573F\Quark_Link_Wireless\LIB\libCH57xBLE.a(sm.o)
                0x000000000000ddee                padding
 .text.generate_subkey
                0x000000000000de26       0xd0 C:\Project\CH573F\Quark_Link_Wireless\LIB\libCH57xBLE.a(sm.o)
                0x000000000000de26                generate_subkey
 .text.sm_CMAC  0x000000000000def6      0x16e C:\Project\CH573F\Quark_Link_Wireless\LIB\libCH57xBLE.a(sm.o)
                0x000000000000def6                sm_CMAC
 .text.smpBuildPairingReqRsp
                0x000000000000e064       0xc6 C:\Project\CH573F\Quark_Link_Wireless\LIB\libCH57xBLE.a(sm.o)
                0x000000000000e064                smpBuildPairingReqRsp
 .text.smpBuildPairingReq
                0x000000000000e12a        0xa C:\Project\CH573F\Quark_Link_Wireless\LIB\libCH57xBLE.a(sm.o)
                0x000000000000e12a                smpBuildPairingReq
 .text.smpBuildPairingRsp
                0x000000000000e134        0xa C:\Project\CH573F\Quark_Link_Wireless\LIB\libCH57xBLE.a(sm.o)
                0x000000000000e134                smpBuildPairingRsp
 .text.sm_c1    0x000000000000e13e       0xb4 C:\Project\CH573F\Quark_Link_Wireless\LIB\libCH57xBLE.a(sm.o)
                0x000000000000e13e                sm_c1
 .text.smpBuildSecurityReq
                0x000000000000e1f2       0x1a C:\Project\CH573F\Quark_Link_Wireless\LIB\libCH57xBLE.a(sm.o)
                0x000000000000e1f2                smpBuildSecurityReq
 .text.smpInitiatorProcessPairingRsp
                0x000000000000e20c      0x116 C:\Project\CH573F\Quark_Link_Wireless\LIB\libCH57xBLE.a(sm.o)
                0x000000000000e20c                smpInitiatorProcessPairingRsp
 .text.smpInitiatorProcessIncoming
                0x000000000000e322      0x23e C:\Project\CH573F\Quark_Link_Wireless\LIB\libCH57xBLE.a(sm.o)
                0x000000000000e322                smpInitiatorProcessIncoming
 .text.smpParseEncInfo
                0x000000000000e560       0x2a C:\Project\CH573F\Quark_Link_Wireless\LIB\libCH57xBLE.a(sm.o)
                0x000000000000e560                smpParseEncInfo