Archive member included to satisfy reference by file (symbol)

C:\Project\CH573F\11-CH573F-BLE-UART-USB\StdPeriphDriver\libISP573.a(ISP573.o)
                              ./StdPeriphDriver/CH57x_pwr.o (FLASH_EEPROM_CMD)
C:\Project\CH573F\11-CH573F-BLE-UART-USB\LIB\libCH57xBLE.a(message.o)
                              ./HAL/MCU.o (tmos_msg_deallocate)
C:\Project\CH573F\11-CH573F-BLE-UART-USB\LIB\libCH57xBLE.a(tmos.o)
                              ./APP/ble_task/ble_task.o (tmos_memcpy)
C:\Project\CH573F\11-CH573F-BLE-UART-USB\LIB\libCH57xBLE.a(tmos_hw.o)
                              C:\Project\CH573F\11-CH573F-BLE-UART-USB\LIB\libCH57xBLE.a(tmos.o) (RTC_Get32KClock)
C:\Project\CH573F\11-CH573F-BLE-UART-USB\LIB\libCH57xBLE.a(tmos_snv.o)
                              C:\Project\CH573F\11-CH573F-BLE-UART-USB\LIB\libCH57xBLE.a(tmos.o) (tmos_snv_init)
C:\Project\CH573F\11-CH573F-BLE-UART-USB\LIB\libCH57xBLE.a(att.o)
                              ./APP/ble_task/ble_task.o (ATT_GetMTU)
C:\Project\CH573F\11-CH573F-BLE-UART-USB\LIB\libCH57xBLE.a(att_client.o)
                              C:\Project\CH573F\11-CH573F-BLE-UART-USB\LIB\libCH57xBLE.a(att.o) (ATT_HandleValueConfirmation)
C:\Project\CH573F\11-CH573F-BLE-UART-USB\LIB\libCH57xBLE.a(gap.o)
                              ./APP/ble_task/ble_task.o (GAP_SetParamValue)
C:\Project\CH573F\11-CH573F-BLE-UART-USB\LIB\libCH57xBLE.a(gap_central.o)
                              C:\Project\CH573F\11-CH573F-BLE-UART-USB\LIB\libCH57xBLE.a(gap.o) (GAP_CentralParamInit)
C:\Project\CH573F\11-CH573F-BLE-UART-USB\LIB\libCH57xBLE.a(gap_peripheral.o)
                              C:\Project\CH573F\11-CH573F-BLE-UART-USB\LIB\libCH57xBLE.a(gap.o) (GAP_PeripheralParamInit)
C:\Project\CH573F\11-CH573F-BLE-UART-USB\LIB\libCH57xBLE.a(gapgattserver.o)
                              ./APP/ble_task/ble_task.o (GGS_SetParameter)
C:\Project\CH573F\11-CH573F-BLE-UART-USB\LIB\libCH57xBLE.a(gatt.o)
                              ./APP/ble_task/ble_task.o (GATT_bm_alloc)
C:\Project\CH573F\11-CH573F-BLE-UART-USB\LIB\libCH57xBLE.a(gatt_uuid.o)
                              C:\Project\CH573F\11-CH573F-BLE-UART-USB\LIB\libCH57xBLE.a(gatt.o) (serviceChangedUUID)
C:\Project\CH573F\11-CH573F-BLE-UART-USB\LIB\libCH57xBLE.a(gattclientapp.o)
                              C:\Project\CH573F\11-CH573F-BLE-UART-USB\LIB\libCH57xBLE.a(gatt.o) (gattGetClientStatus)
C:\Project\CH573F\11-CH573F-BLE-UART-USB\LIB\libCH57xBLE.a(gattservapp.o)
                              ./APP/ble_task/ble_task.o (GATTServApp_ReadCharCfg)
C:\Project\CH573F\11-CH573F-BLE-UART-USB\LIB\libCH57xBLE.a(l2cap.o)
                              C:\Project\CH573F\11-CH573F-BLE-UART-USB\LIB\libCH57xBLE.a(att.o) (L2CAP_GetMTU)
C:\Project\CH573F\11-CH573F-BLE-UART-USB\LIB\libCH57xBLE.a(l2cap_input.o)
                              C:\Project\CH573F\11-CH573F-BLE-UART-USB\LIB\libCH57xBLE.a(l2cap.o) (l2capProcessRxData)
C:\Project\CH573F\11-CH573F-BLE-UART-USB\LIB\libCH57xBLE.a(l2cap_output.o)
                              C:\Project\CH573F\11-CH573F-BLE-UART-USB\LIB\libCH57xBLE.a(l2cap_input.o) (l2capNotifyData)
C:\Project\CH573F\11-CH573F-BLE-UART-USB\LIB\libCH57xBLE.a(l2cap_sdu.o)
                              C:\Project\CH573F\11-CH573F-BLE-UART-USB\LIB\libCH57xBLE.a(l2cap_input.o) (l2capBuildDisconnectRsp)
C:\Project\CH573F\11-CH573F-BLE-UART-USB\LIB\libCH57xBLE.a(linkdb.o)
                              C:\Project\CH573F\11-CH573F-BLE-UART-USB\LIB\libCH57xBLE.a(l2cap.o) (linkDB_Init)
C:\Project\CH573F\11-CH573F-BLE-UART-USB\LIB\libCH57xBLE.a(sm.o)
                              C:\Project\CH573F\11-CH573F-BLE-UART-USB\LIB\libCH57xBLE.a(gap.o) (smStartEncryption)
C:\Project\CH573F\11-CH573F-BLE-UART-USB\LIB\libCH57xBLE.a(host_input.o)
                              C:\Project\CH573F\11-CH573F-BLE-UART-USB\LIB\libCH57xBLE.a(gap.o) (gBleHostPara)
C:\Project\CH573F\11-CH573F-BLE-UART-USB\LIB\libCH57xBLE.a(host_output.o)
                              C:\Project\CH573F\11-CH573F-BLE-UART-USB\LIB\libCH57xBLE.a(gap.o) (HCI_DisconnectCmd)
C:\Project\CH573F\11-CH573F-BLE-UART-USB\LIB\libCH57xBLE.a(ll_connect.o)
                              C:\Project\CH573F\11-CH573F-BLE-UART-USB\LIB\libCH57xBLE.a(tmos.o) (LL_GetNextConnectEventTime)
C:\Project\CH573F\11-CH573F-BLE-UART-USB\LIB\libCH57xBLE.a(ll_core.o)
                              C:\Project\CH573F\11-CH573F-BLE-UART-USB\LIB\libCH57xBLE.a(ll_connect.o) (LL_CoreGetCore)
C:\Project\CH573F\11-CH573F-BLE-UART-USB\LIB\libCH57xBLE.a(ll_hop.o)
                              C:\Project\CH573F\11-CH573F-BLE-UART-USB\LIB\libCH57xBLE.a(ll_connect.o) (LL_HopGetChannel)
C:\Project\CH573F\11-CH573F-BLE-UART-USB\LIB\libCH57xBLE.a(ll_master.o)
                              C:\Project\CH573F\11-CH573F-BLE-UART-USB\LIB\libCH57xBLE.a(ll_connect.o) (ll_master_process)
C:\Project\CH573F\11-CH573F-BLE-UART-USB\LIB\libCH57xBLE.a(ll_pdu.o)
[...]
Memory Configuration

Name             Origin             Length             Attributes
FLASH            0x0000000000000000 0x0000000000070000 xr
RAM              0x0000000020003800 0x0000000000004800 xrw
*default*        0x0000000000000000 0xffffffffffffffff

Linker script and memory map

LOAD ./StdPeriphDriver/CH57x_adc.o
LOAD ./StdPeriphDriver/CH57x_clk.o
LOAD ./StdPeriphDriver/CH57x_flash.o
LOAD ./StdPeriphDriver/CH57x_gpio.o
LOAD ./StdPeriphDriver/CH57x_pwm.o
LOAD ./StdPeriphDriver/CH57x_pwr.o
LOAD ./StdPeriphDriver/CH57x_spi0.o
LOAD ./StdPeriphDriver/CH57x_sys.o
LOAD ./StdPeriphDriver/CH57x_timer0.o
LOAD ./StdPeriphDriver/CH57x_timer1.o
LOAD ./StdPeriphDriver/CH57x_timer2.o
LOAD ./StdPeriphDriver/CH57x_timer3.o
LOAD ./StdPeriphDriver/CH57x_uart0.o
LOAD ./StdPeriphDriver/CH57x_uart1.o
LOAD ./StdPeriphDriver/CH57x_uart2.o
LOAD ./StdPeriphDriver/CH57x_uart3.o
LOAD ./StdPeriphDriver/CH57x_usbdev.o
LOAD ./StdPeriphDriver/CH57x_usbhostBase.o
LOAD ./StdPeriphDriver/CH57x_usbhostClass.o
LOAD ./Startup/startup_CH573.o
LOAD ./RVMSIS/core_riscv.o
LOAD ./HAL/MCU.o
LOAD ./HAL/RTC.o
LOAD ./HAL/SLEEP.o
LOAD ./APP/usb_task/usb_task.o
LOAD ./APP/uart_task/uart_task.o
LOAD ./APP/boardbase/boardbase.o
LOAD ./APP/ble_task/ble_task.o
LOAD ./APP/app_drv_fifo/app_drv_fifo.o
LOAD ./APP/Storage/Storage.o
LOAD ./APP/Main/main.o
LOAD ./APP/Blinker/blinker.o
LOAD ./APP/Blinker/jsmn.o
LOAD ./APP/Application/Application.o
LOAD C:\Project\CH573F\11-CH573F-BLE-UART-USB\StdPeriphDriver\libISP573.a
LOAD C:\Project\CH573F\11-CH573F-BLE-UART-USB\LIB\libCH57xBLE.a
LOAD c:/software/mounriver/mounriver_studio/toolchain/risc-v embedded gcc/bin/../lib/gcc/riscv-none-embed/8.2.0/rv32imac/ilp32\libgcc.a
LOAD c:/software/mounriver/mounriver_studio/toolchain/risc-v embedded gcc/bin/../lib/gcc/riscv-none-embed/8.2.0/../../../../riscv-none-embed/lib/rv32imac/ilp32\libg_nano.a
LOAD c:/software/mounriver/mounriver_studio/toolchain/risc-v embedded gcc/bin/../lib/gcc/riscv-none-embed/8.2.0/../../../../riscv-none-embed/lib/rv32imac/ilp32\libc_nano.a
LOAD c:/software/mounriver/mounriver_studio/toolchain/risc-v embedded gcc/bin/../lib/gcc/riscv-none-embed/8.2.0/rv32imac/ilp32\libgcc.a
START GROUP
LOAD c:/software/mounriver/mounriver_studio/toolchain/risc-v embedded gcc/bin/../lib/gcc/riscv-none-embed/8.2.0/rv32imac/ilp32\libgcc.a
LOAD c:/software/mounriver/mounriver_studio/toolchain/risc-v embedded gcc/bin/../lib/gcc/riscv-none-embed/8.2.0/../../../../riscv-none-embed/lib/rv32imac/ilp32\libc_nano.a
LOAD c:/software/mounriver/mounriver_studio/toolchain/risc-v embedded gcc/bin/../lib/gcc/riscv-none-embed/8.2.0/../../../../riscv-none-embed/lib/rv32imac/ilp32\libnosys.a
END GROUP
START GROUP
LOAD c:/software/mounriver/mounriver_studio/toolchain/risc-v embedded gcc/bin/../lib/gcc/riscv-none-embed/8.2.0/rv32imac/ilp32\libgcc.a
LOAD c:/software/mounriver/mounriver_studio/toolchain/risc-v embedded gcc/bin/../lib/gcc/riscv-none-embed/8.2.0/../../../../riscv-none-embed/lib/rv32imac/ilp32\libc_nano.a
LOAD c:/software/mounriver/mounriver_studio/toolchain/risc-v embedded gcc/bin/../lib/gcc/riscv-none-embed/8.2.0/../../../../riscv-none-embed/lib/rv32imac/ilp32\libnosys.a
END GROUP

.init           0x0000000000000000        0x4
                0x0000000000000000                _sinit = .
                0x0000000000000000                . = ALIGN (0x4)
 *(SORT_NONE(.init))
 .init          0x0000000000000000        0x4 ./Startup/startup_CH573.o
                0x0000000000000000                _start
                0x0000000000000004                . = ALIGN (0x4)
                0x0000000000000004                _einit = .

.highcodelalign
                0x0000000000000004        0x0
                0x0000000000000004                . = ALIGN (0x4)
                0x0000000000000004                PROVIDE (_highcode_lma = .)

.highcode       0x0000000020003800     0x1cbc load address 0x0000000000000004
                0x0000000020003800                . = ALIGN (0x4)
                0x0000000020003800                PROVIDE (_highcode_vma_start = .)
 *(.vector)
 .vector        0x0000000020003800       0x90 ./Startup/startup_CH573.o
 *(SORT_NONE(.vector_handler))
 .vector_handler
                0x0000000020003890       0x2c ./Startup/startup_CH573.o
                0x0000000020003890                NMI_Handler
                0x0000000020003894                SysTick_Handler
                0x0000000020003896                SW_Handler
                0x0000000020003898                TMR0_IRQHandler
                0x000000002000389a                GPIOA_IRQHandler
                0x000000002000389c                GPIOB_IRQHandler
                0x000000002000389e                SPI0_IRQHandler
                0x00000000200038a0                BB_IRQHandler
                0x00000000200038a2                LLE_IRQHandler
                0x00000000200038a6                TMR1_IRQHandler
                0x00000000200038ac                UART1_IRQHandler
                0x00000000200038b0                ADC_IRQHandler
                0x00000000200038b2                PWMX_IRQHandler
                0x00000000200038b6                UART2_IRQHandler
                0x00000000200038b8                UART3_IRQHandler
                0x00000000200038ba                WDOG_BAT_IRQHandler
 *(.highcode)
 .highcode      0x00000000200038bc       0x4a ./StdPeriphDriver/CH57x_clk.o
                0x00000000200038bc                Get_Calibration_Cnt_RAM
 .highcode      0x0000000020003906      0x1ac ./StdPeriphDriver/CH57x_sys.o
                0x0000000020003906                SetSysClock
                0x0000000020003a02                SYS_ResetExecute
                0x0000000020003a3c                HardFault_Handler
                0x0000000020003a7c                mDelayuS
                0x0000000020003a8a                mDelaymS
 .highcode      0x0000000020003ab2       0x16 ./HAL/RTC.o
                0x0000000020003ab2                RTC_IRQHandler
 .highcode      0x0000000020003ac8      0xa1e ./APP/usb_task/usb_task.o
                0x0000000020003ac8                USB_IRQHandler
 .highcode      0x00000000200044e6       0xb0 ./APP/uart_task/uart_task.o
                0x00000000200044e6                UART0_IRQHandler
                0x000000002000456a                TMR3_IRQHandler
 .highcode      0x0000000020004596       0x36 ./APP/Application/Application.o
                0x0000000020004596                TMR2_IRQHandler
 .highcode      0x00000000200045cc      0x3ee C:\Project\CH573F\11-CH573F-BLE-UART-USB\StdPeriphDriver\libISP573.a(ISP573.o)
                0x00000000200045cc                FLASH_ROM_BEG
                0x00000000200045de                FLASH_ROM_END
                0x00000000200045ec                FLASH_ROM_IN
                0x00000000200045fa                FLASH_ROM_OUT
                0x0000000020004608                FLASH_ROM_ADDR
                0x0000000020004650                FLASH_ROM_WAIT
                0x0000000020004688                FLASH_EEPROM_CMD
 .highcode      0x00000000200049ba      0x230 C:\Project\CH573F\11-CH573F-BLE-UART-USB\LIB\libCH57xBLE.a(tmos.o)
                0x00000000200049d6                tmos_memcpy
                0x00000000200049f6                tmos_memcpy_word
                0x0000000020004a12                TMOS_SystemProcess
 .highcode      0x0000000020004bea       0xc2 C:\Project\CH573F\11-CH573F-BLE-UART-USB\LIB\libCH57xBLE.a(tmos_hw.o)
                0x0000000020004bea                BLE_GetHSEClock
                0x0000000020004c28                RTC_Get32KClock
                0x0000000020004c40                SYS_GetTickCount
 .highcode      0x0000000020004cac      0x128 C:\Project\CH573F\11-CH573F-BLE-UART-USB\LIB\libCH57xBLE.a(ll_connect.o)
                0x0000000020004cac                ll_connect_process_data
                0x0000000020004cfa                ll_connect_event_continue
 .highcode      0x0000000020004dd4      0x1c4 C:\Project\CH573F\11-CH573F-BLE-UART-USB\LIB\libCH57xBLE.a(bb.o)
                0x0000000020004dd4                BB_IRQLibHandler
                0x0000000020004f4e                BB_IRQLibFunction
 .highcode      0x0000000020004f98      0x198 C:\Project\CH573F\11-CH573F-BLE-UART-USB\LIB\libCH57xBLE.a(ip.o)
                0x0000000020004f98                ll_tx_wait_finish
                0x0000000020004fc4                ll_tx_wait_tx_dma
                0x0000000020005022                ll_rx_wait_finish
                0x0000000020005058                ll_rx_wait_tx_dma
                0x00000000200050a6                ble_ll_chkcrc
 .highcode      0x0000000020005130      0x1a4 C:\Project\CH573F\11-CH573F-BLE-UART-USB\LIB\libCH57xBLE.a(lle.o)
                0x0000000020005130                LLE_IRQLibHandler
                0x000000002000528a                LLE_IRQLibFunction
 .highcode      0x00000000200052d4       0x82 C:\Project\CH573F\11-CH573F-BLE-UART-USB\LIB\libCH57xBLE.a(rf_fh.o)
                0x00000000200052d4                RF_HopGetChannel
 .highcode      0x0000000020005356       0x2c C:\Project\CH573F\11-CH573F-BLE-UART-USB\LIB\libCH57xBLE.a(rfend.o)
                0x0000000020005356                RFEND_WaitTune
 .highcode      0x0000000020005382      0x13a C:\Project\CH573F\11-CH573F-BLE-UART-USB\LIB\libCH57xBLE.a(memory.o)
                0x0000000020005382                tmos_memory_allocate
                0x000000002000541c                tmos_memory_free
 *(.highcode.*)
                0x00000000200054bc                . = ALIGN (0x4)
                0x00000000200054bc                PROVIDE (_highcode_vma_end = .)

.text           0x0000000000001cc0    0x1b61c
                0x0000000000001cc0                . = ALIGN (0x4)
 *(SORT_NONE(.handle_reset))
 .handle_reset  0x0000000000001cc0       0xa2 ./Startup/startup_CH573.o
                0x0000000000001cc0                handle_reset
 *(.text)
 *(.text.*)
 .text.ADC_InterTSSampInit
                0x0000000000001d62       0x28 ./StdPeriphDriver/CH57x_adc.o
                0x0000000000001d62                ADC_InterTSSampInit
 .text.Calibration_LSI_FLASH
                0x0000000000001d8a      0x284 ./StdPeriphDriver/CH57x_clk.o
                0x0000000000001d8a                Calibration_LSI_FLASH
 .text.Calibration_LSI_RAM
                0x000000000000200e      0x23e ./StdPeriphDriver/CH57x_clk.o
                0x000000000000200e                Calibration_LSI_RAM
 .text.RTC_InitTime
                0x000000000000224c      0x134 ./StdPeriphDriver/CH57x_clk.o
                0x000000000000224c                RTC_InitTime
 .text.GPIOA_ModeCfg
                0x0000000000002380       0xa6 ./StdPeriphDriver/CH57x_gpio.o
                0x0000000000002380                GPIOA_ModeCfg
 .text.GPIOB_ModeCfg
                0x0000000000002426       0xa6 ./StdPeriphDriver/CH57x_gpio.o
                0x0000000000002426                GPIOB_ModeCfg
 .text.GetSysClock
                0x00000000000024cc       0x42 ./StdPeriphDriver/CH57x_sys.o
                0x00000000000024cc                GetSysClock
 .text.SYS_GetSysTickCnt
                0x000000000000250e        0xa ./StdPeriphDriver/CH57x_sys.o
                0x000000000000250e                SYS_GetSysTickCnt
 .text.TMR2_TimerInit
                0x0000000000002518       0x16 ./StdPeriphDriver/CH57x_timer2.o
                0x0000000000002518                TMR2_TimerInit
 .text.TMR3_TimerInit
                0x000000000000252e       0x16 ./StdPeriphDriver/CH57x_timer3.o
                0x000000000000252e                TMR3_TimerInit
 .text.UART0_BaudRateCfg
                0x0000000000002544       0x30 ./StdPeriphDriver/CH57x_uart0.o
                0x0000000000002544                UART0_BaudRateCfg
 .text.UART0_DefInit
                0x0000000000002574       0x32 ./StdPeriphDriver/CH57x_uart0.o
                0x0000000000002574                UART0_DefInit
 .text.UART0_ByteTrigCfg
                0x00000000000025a6       0x1a ./StdPeriphDriver/CH57x_uart0.o
                0x00000000000025a6                UART0_ByteTrigCfg
 .text.UART0_INTCfg
                0x00000000000025c0       0x2a ./StdPeriphDriver/CH57x_uart0.o
                0x00000000000025c0                UART0_INTCfg
 .text.Lib_Calibration_LSI
                0x00000000000025ea       0x2c ./HAL/MCU.o
                0x00000000000025ea                Lib_Calibration_LSI
 .text.Lib_Read_Flash
                0x0000000000002616       0x1c ./HAL/MCU.o
                0x0000000000002616                Lib_Read_Flash
 .text.Lib_Write_Flash
                0x0000000000002632       0x40 ./HAL/MCU.o
                0x0000000000002632                Lib_Write_Flash
 .text.HAL_GetInterTempValue
                0x0000000000002672       0x72 ./HAL/MCU.o
                0x0000000000002672                HAL_GetInterTempValue
 .text.HAL_ProcessEvent
                0x00000000000026e4       0x72 ./HAL/MCU.o
                0x00000000000026e4                HAL_ProcessEvent
 .text.CH57X_BLEInit
                0x0000000000002756      0x110 ./HAL/MCU.o
                0x0000000000002756                CH57X_BLEInit
 .text.HAL_Init
                0x0000000000002866       0x34 ./HAL/MCU.o
                0x0000000000002866                HAL_Init
 .text.HAL_TimeInit
                0x000000000000289a       0x5c ./HAL/RTC.o
                0x000000000000289a                HAL_TimeInit
 .text.InitCDCDevice
                0x00000000000028f6       0xc6 ./APP/usb_task/usb_task.o
                0x00000000000028f6                InitCDCDevice
 .text.Uart_ProcessEvent
                0x00000000000029bc       0x5a ./APP/uart_task/uart_task.o
                0x00000000000029bc                Uart_ProcessEvent
 .text.UART_RX_TimeOUT_Init
                0x0000000000002a16       0x34 ./APP/uart_task/uart_task.o
                0x0000000000002a16                UART_RX_TimeOUT_Init
 .text.UART_RX_TimeOUT_Start
                0x0000000000002a4a       0x1e ./APP/uart_task/uart_task.o
                0x0000000000002a4a                UART_RX_TimeOUT_Start
 .text.UART_RX_TimeOUT_Stop
                0x0000000000002a68       0x1e ./APP/uart_task/uart_task.o
                0x0000000000002a68                UART_RX_TimeOUT_Stop
 .text.uart_fifo_init
                0x0000000000002a86       0x28 ./APP/uart_task/uart_task.o
                0x0000000000002a86                uart_fifo_init
 .text.UART0_Init
                0x0000000000002aae       0x28 ./APP/uart_task/uart_task.o
                0x0000000000002aae                UART0_Init
 .text.uart_fifo_cheak_process
                0x0000000000002ad6       0x22 ./APP/uart_task/uart_task.o
                0x0000000000002ad6                uart_fifo_cheak_process
 .text.uart_task_Init
                0x0000000000002af8       0x2c ./APP/uart_task/uart_task.o
                0x0000000000002af8                uart_task_Init
 .text.uart_auto_send
                0x0000000000002b24       0x5c ./APP/uart_task/uart_task.o
                0x0000000000002b24                uart_auto_send
 .text.fill_usb_buffer_auto_send
                0x0000000000002b80       0xde ./APP/uart_task/uart_task.o
                0x0000000000002b80                fill_usb_buffer_auto_send
 .text.Pin_Ctrl
                0x0000000000002c5e       0x84 ./APP/boardbase/boardbase.o
                0x0000000000002c5e                Pin_Ctrl
 .text.Pin_state
                0x0000000000002ce2       0x20 ./APP/boardbase/boardbase.o
                0x0000000000002ce2                Pin_state
 .text.QWL_GPIO_Init
                0x0000000000002d02       0xce ./APP/boardbase/boardbase.o
                0x0000000000002d02                QWL_GPIO_Init
 .text.DEBUG_PIN
                0x0000000000002dd0        0x2 ./APP/boardbase/boardbase.o
                0x0000000000002dd0                DEBUG_PIN
 .text.IRQ_Prioritty_Setting
                0x0000000000002dd2       0x2e ./APP/boardbase/boardbase.o
                0x0000000000002dd2                IRQ_Prioritty_Setting
 .text.BLE_RssiCB
                0x0000000000002e00        0x2 ./APP/ble_task/ble_task.o
 .text.BLE_ParamUpdateCB
                0x0000000000002e02       0x16 ./APP/ble_task/ble_task.o
 .text.ble_uart_ReadAttrCB
                0x0000000000002e18       0x54 ./APP/ble_task/ble_task.o
 .text.ble_uart_HandleConnStatusCB
                0x0000000000002e6c       0x3e ./APP/ble_task/ble_task.o
 .text.BLE_LinkTerminated.part.3
                0x0000000000002eaa       0x2c ./APP/ble_task/ble_task.o
 .text.BLE_Setting_RX_CB.part.5
                0x0000000000002ed6       0x2e ./APP/ble_task/ble_task.o
 .text.BLE_StateNotificationCB
                0x0000000000002f04       0x76 ./APP/ble_task/ble_task.o
 .text.BLE_Setting_RX_CB
                0x0000000000002f7a       0x40 ./APP/ble_task/ble_task.o
                0x0000000000002f7a                BLE_Setting_RX_CB
 .text.ble_uart_WriteAttrCB
                0x0000000000002fba       0xc2 ./APP/ble_task/ble_task.o
 .text.ble_uart_notify_is_ready
                0x000000000000307c       0x18 ./APP/ble_task/ble_task.o
                0x000000000000307c                ble_uart_notify_is_ready
 .text.ble_uart_notify
                0x0000000000003094       0x66 ./APP/ble_task/ble_task.o
                0x0000000000003094                ble_uart_notify
 .text.BLE_ProcessEvent
                0x00000000000030fa      0x24e ./APP/ble_task/ble_task.o
                0x00000000000030fa                BLE_ProcessEvent
 .text.ble_uart_add_service
                0x0000000000003348       0x38 ./APP/ble_task/ble_task.o
                0x0000000000003348                ble_uart_add_service
 .text.BLE_Init
                0x0000000000003380      0x154 ./APP/ble_task/ble_task.o
                0x0000000000003380                BLE_Init
 .text.ble_fifo_cheak_process
                0x00000000000034d4       0x4a ./APP/ble_task/ble_task.o
                0x00000000000034d4                ble_fifo_cheak_process
 .text.ble_fifo_init
                0x000000000000351e       0x60 ./APP/ble_task/ble_task.o
                0x000000000000351e                ble_fifo_init
 .text.ble_task_Init
                0x000000000000357e       0x16 ./APP/ble_task/ble_task.o
                0x000000000000357e                ble_task_Init
 .text.app_drv_fifo_length
                0x0000000000003594       0x12 ./APP/app_drv_fifo/app_drv_fifo.o
                0x0000000000003594                app_drv_fifo_length
 .text.app_drv_fifo_init
                0x00000000000035a6       0x26 ./APP/app_drv_fifo/app_drv_fifo.o
                0x00000000000035a6                app_drv_fifo_init
 .text.app_drv_fifo_flush
                0x00000000000035cc        0x6 ./APP/app_drv_fifo/app_drv_fifo.o
                0x00000000000035cc                app_drv_fifo_flush
 .text.app_drv_fifo_is_empty
                0x00000000000035d2       0x12 ./APP/app_drv_fifo/app_drv_fifo.o
                0x00000000000035d2                app_drv_fifo_is_empty
 .text.app_drv_fifo_write
                0x00000000000035e4       0x72 ./APP/app_drv_fifo/app_drv_fifo.o
                0x00000000000035e4                app_drv_fifo_write
 .text.app_drv_fifo_read
                0x0000000000003656       0x68 ./APP/app_drv_fifo/app_drv_fifo.o
                0x0000000000003656                app_drv_fifo_read
 .text.app_drv_fifo_read_to_same_addr
                0x00000000000036be       0x4e ./APP/app_drv_fifo/app_drv_fifo.o
                0x00000000000036be                app_drv_fifo_read_to_same_addr
 .text.startup.main
                0x000000000000370c       0x52 ./APP/Main/main.o
                0x000000000000370c                main
 .text.App_ProcessEvent
                0x000000000000375e      0x204 ./APP/Application/Application.o
                0x000000000000375e                App_ProcessEvent
 .text.Timer_Task_Start
                0x0000000000003962       0x54 ./APP/Application/Application.o
                0x0000000000003962                Timer_Task_Start
 .text.Timer_Task_Stop
                0x00000000000039b6       0x16 ./APP/Application/Application.o
                0x00000000000039b6                Timer_Task_Stop
 .text.BOOT_State_Init
                0x00000000000039cc        0x6 ./APP/Application/Application.o
                0x00000000000039cc                BOOT_State_Init
 .text.task_list_fifo_init
                0x00000000000039d2       0x10 ./APP/Application/Application.o
                0x00000000000039d2                task_list_fifo_init
 .text.All_FIFO_Init
                0x00000000000039e2       0x10 ./APP/Application/Application.o
                0x00000000000039e2                All_FIFO_Init
 .text.Task_Launcher
                0x00000000000039f2       0x2e ./APP/Application/Application.o
                0x00000000000039f2                Task_Launcher
 .text.APP_task_Init
                0x0000000000003a20       0x56 ./APP/Application/Application.o
                0x0000000000003a20                APP_task_Init
 .text.BOOT_CTRL_LINE_Check
                0x0000000000003a76       0x62 ./APP/Application/Application.o
                0x0000000000003a76                BOOT_CTRL_LINE_Check
 .text.BOOT_Serial_Chack
                0x0000000000003ad8       0x38 ./APP/Application/Application.o
                0x0000000000003ad8                BOOT_Serial_Chack
 .text.BOOT_Execute
                0x0000000000003b10       0x6e ./APP/Application/Application.o
                0x0000000000003b10                BOOT_Execute
 .text.tmos_msg_enqueue
                0x0000000000003b7e       0x1e C:\Project\CH573F\11-CH573F-BLE-UART-USB\LIB\libCH57xBLE.a(message.o)
                0x0000000000003b7e                tmos_msg_enqueue
 .text.tmos_msg_deallocate
                0x0000000000003b9c       0x2c C:\Project\CH573F\11-CH573F-BLE-UART-USB\LIB\libCH57xBLE.a(message.o)
                0x0000000000003b9c                tmos_msg_deallocate
 .text.tmos_msg_allocate
                0x0000000000003bc8       0x3e C:\Project\CH573F\11-CH573F-BLE-UART-USB\LIB\libCH57xBLE.a(message.o)
                0x0000000000003bc8                tmos_msg_allocate
 .text.tmos_msg_receive
                0x0000000000003c06       0x68 C:\Project\CH573F\11-CH573F-BLE-UART-USB\LIB\libCH57xBLE.a(message.o)
                0x0000000000003c06                tmos_msg_receive
 .text.tmos_msg_send
                0x0000000000003c6e       0x56 C:\Project\CH573F\11-CH573F-BLE-UART-USB\LIB\libCH57xBLE.a(message.o)
                0x0000000000003c6e                tmos_msg_send
 .text.tmos_msg_init
                0x0000000000003cc4        0x6 C:\Project\CH573F\11-CH573F-BLE-UART-USB\LIB\libCH57xBLE.a(message.o)
                0x0000000000003cc4                tmos_msg_init
 .text.tmosFindTask
                0x0000000000003cca       0x20 C:\Project\CH573F\11-CH573F-BLE-UART-USB\LIB\libCH57xBLE.a(tmos.o)
 .text.TMOS_CbTimerProcessEvent
                0x0000000000003cea       0x7c C:\Project\CH573F\11-CH573F-BLE-UART-USB\LIB\libCH57xBLE.a(tmos.o)
                0x0000000000003cea                TMOS_CbTimerProcessEvent
 .text.tmos_rand
                0x0000000000003d66       0x54 C:\Project\CH573F\11-CH573F-BLE-UART-USB\LIB\libCH57xBLE.a(tmos.o)
                0x0000000000003d66                tmos_rand
 .text.tmos_query_sleep_time
                0x0000000000003dba      0x178 C:\Project\CH573F\11-CH573F-BLE-UART-USB\LIB\libCH57xBLE.a(tmos.o)
                0x0000000000003dba                tmos_query_sleep_time
 .text.tmos_memset
                0x0000000000003f32       0x12 C:\Project\CH573F\11-CH573F-BLE-UART-USB\LIB\libCH57xBLE.a(tmos.o)
                0x0000000000003f32                tmos_memset
 .text.tmos_strlen
                0x0000000000003f44       0x14 C:\Project\CH573F\11-CH573F-BLE-UART-USB\LIB\libCH57xBLE.a(tmos.o)
                0x0000000000003f44                tmos_strlen
 .text.tmos_memdup
                0x0000000000003f58       0x3c C:\Project\CH573F\11-CH573F-BLE-UART-USB\LIB\libCH57xBLE.a(tmos.o)
                0x0000000000003f58                tmos_memdup
 .text.tmos_memcmp
                0x0000000000003f94       0x24 C:\Project\CH573F\11-CH573F-BLE-UART-USB\LIB\libCH57xBLE.a(tmos.o)
                0x0000000000003f94                tmos_memcmp
 .text.tmos_revmemcpy
                0x0000000000003fb8       0x1c C:\Project\CH573F\11-CH573F-BLE-UART-USB\LIB\libCH57xBLE.a(tmos.o)
                0x0000000000003fb8                tmos_revmemcpy
 .text.tmos_isbufset
                0x0000000000003fd4       0x1e C:\Project\CH573F\11-CH573F-BLE-UART-USB\LIB\libCH57xBLE.a(tmos.o)
                0x0000000000003fd4                tmos_isbufset
 .text.tmos_set_event
                0x0000000000003ff2       0x2a C:\Project\CH573F\11-CH573F-BLE-UART-USB\LIB\libCH57xBLE.a(tmos.o)
                0x0000000000003ff2                tmos_set_event
 .text.tmos_query_system_time
                0x000000000000401c       0xce C:\Project\CH573F\11-CH573F-BLE-UART-USB\LIB\libCH57xBLE.a(tmos.o)
                0x000000000000401c                tmos_query_system_time
 .text.tmos_clear_event
                0x00000000000040ea       0x2e C:\Project\CH573F\11-CH573F-BLE-UART-USB\LIB\libCH57xBLE.a(tmos.o)
                0x00000000000040ea                tmos_clear_event
 .text.tmos_start_task
                0x0000000000004118       0x90 C:\Project\CH573F\11-CH573F-BLE-UART-USB\LIB\libCH57xBLE.a(tmos.o)
                0x0000000000004118                tmos_start_task
 .text.tmos_start_callback_task
                0x00000000000041a8       0xac C:\Project\CH573F\11-CH573F-BLE-UART-USB\LIB\libCH57xBLE.a(tmos.o)
                0x00000000000041a8                tmos_start_callback_task
 .text.tmos_start_reload_task
                0x0000000000004254       0x30 C:\Project\CH573F\11-CH573F-BLE-UART-USB\LIB\libCH57xBLE.a(tmos.o)
                0x0000000000004254                tmos_start_reload_task
 .text.tmos_stop_task
                0x0000000000004284       0x42 C:\Project\CH573F\11-CH573F-BLE-UART-USB\LIB\libCH57xBLE.a(tmos.o)
                0x0000000000004284                tmos_stop_task
 .text.tmos_stop_callback_task
                0x00000000000042c6       0x5c C:\Project\CH573F\11-CH573F-BLE-UART-USB\LIB\libCH57xBLE.a(tmos.o)
                0x00000000000042c6                tmos_stop_callback_task
 .text.tmos_get_task_timer
                0x0000000000004322       0x16 C:\Project\CH573F\11-CH573F-BLE-UART-USB\LIB\libCH57xBLE.a(tmos.o)
                0x0000000000004322                tmos_get_task_timer
 .text.tmos_update_callback_timer
                0x0000000000004338       0x62 C:\Project\CH573F\11-CH573F-BLE-UART-USB\LIB\libCH57xBLE.a(tmos.o)
                0x0000000000004338                tmos_update_callback_timer
 .text.TMOS_Set32KTuneValue
                0x000000000000439a        0xa C:\Project\CH573F\11-CH573F-BLE-UART-USB\LIB\libCH57xBLE.a(tmos.o)
                0x000000000000439a                TMOS_Set32KTuneValue
 .text.TMOS_TimerRegister
                0x00000000000043a4       0x1a C:\Project\CH573F\11-CH573F-BLE-UART-USB\LIB\libCH57xBLE.a(tmos.o)
                0x00000000000043a4                TMOS_TimerRegister
 .text.TMOS_ProcessRegister
                0x00000000000043be       0x16 C:\Project\CH573F\11-CH573F-BLE-UART-USB\LIB\libCH57xBLE.a(tmos.o)
                0x00000000000043be                TMOS_ProcessRegister
 .text.TMOS_Init
                0x00000000000043d4       0xea C:\Project\CH573F\11-CH573F-BLE-UART-USB\LIB\libCH57xBLE.a(tmos.o)
                0x00000000000043d4                TMOS_Init
 .text.TMOS_ProcessEventRegister
                0x00000000000044be       0x38 C:\Project\CH573F\11-CH573F-BLE-UART-USB\LIB\libCH57xBLE.a(tmos.o)
                0x00000000000044be                TMOS_ProcessEventRegister
 .text.BLE_LibInit
                0x00000000000044f6      0x1a4 C:\Project\CH573F\11-CH573F-BLE-UART-USB\LIB\libCH57xBLE.a(tmos.o)
                0x00000000000044f6                BLE_LibInit
 .text.ble_ll_common_rand8
                0x000000000000469a       0x24 C:\Project\CH573F\11-CH573F-BLE-UART-USB\LIB\libCH57xBLE.a(tmos_hw.o)
                0x000000000000469a                ble_ll_common_rand8
 .text.ble_ll_common_rand16
                0x00000000000046be       0x24 C:\Project\CH573F\11-CH573F-BLE-UART-USB\LIB\libCH57xBLE.a(tmos_hw.o)
                0x00000000000046be                ble_ll_common_rand16
 .text.ble_ll_common_rand32
                0x00000000000046e2       0x20 C:\Project\CH573F\11-CH573F-BLE-UART-USB\LIB\libCH57xBLE.a(tmos_hw.o)
                0x00000000000046e2                ble_ll_common_rand32
 .text.ll_hw_temp_sample
                0x0000000000004702       0xc0 C:\Project\CH573F\11-CH573F-BLE-UART-USB\LIB\libCH57xBLE.a(tmos_hw.o)
                0x0000000000004702                ll_hw_temp_sample
 .text.TMOS_TimerInit
                0x00000000000047c2       0x5e C:\Project\CH573F\11-CH573F-BLE-UART-USB\LIB\libCH57xBLE.a(tmos_hw.o)
                0x00000000000047c2                TMOS_TimerInit
 .text.tmos_snv_init
                0x0000000000004820       0xbc C:\Project\CH573F\11-CH573F-BLE-UART-USB\LIB\libCH57xBLE.a(tmos_snv.o)
                0x0000000000004820                tmos_snv_init
 .text.tmos_snv_clear
                0x00000000000048dc       0xae C:\Project\CH573F\11-CH573F-BLE-UART-USB\LIB\libCH57xBLE.a(tmos_snv.o)
                0x00000000000048dc                tmos_snv_clear
 .text.tmos_snv_read
                0x000000000000498a      0x292 C:\Project\CH573F\11-CH573F-BLE-UART-USB\LIB\libCH57xBLE.a(tmos_snv.o)
                0x000000000000498a                tmos_snv_read
 .text.tmos_snv_notify
                0x0000000000004c1c       0x5a C:\Project\CH573F\11-CH573F-BLE-UART-USB\LIB\libCH57xBLE.a(tmos_snv.o)
                0x0000000000004c1c                tmos_snv_notify
 .text.tmos_snv_write
                0x0000000000004c76      0x2ce C:\Project\CH573F\11-CH573F-BLE-UART-USB\LIB\libCH57xBLE.a(tmos_snv.o)
                0x0000000000004c76                tmos_snv_write
 .text.tmos_snv_compact
                0x0000000000004f44        0x4 C:\Project\CH573F\11-CH573F-BLE-UART-USB\LIB\libCH57xBLE.a(tmos_snv.o)
                0x0000000000004f44                tmos_snv_compact
 .text.ATT_BuildErrorRsp
                0x0000000000004f48       0x26 C:\Project\CH573F\11-CH573F-BLE-UART-USB\LIB\libCH57xBLE.a(att.o)
                0x0000000000004f48                ATT_BuildErrorRsp
 .text.ATT_ParamInit
                0x0000000000004f6e        0xa C:\Project\CH573F\11-CH573F-BLE-UART-USB\LIB\libCH57xBLE.a(att.o)
                0x0000000000004f6e                ATT_ParamInit
 .text.ATT_ConvertUUIDto128
                0x0000000000004f78       0x46 C:\Project\CH573F\11-CH573F-BLE-UART-USB\LIB\libCH57xBLE.a(att.o)
                0x0000000000004f78                ATT_ConvertUUIDto128
 .text.ATT_CompareUUID
                0x0000000000004fbe       0x62 C:\Project\CH573F\11-CH573F-BLE-UART-USB\LIB\libCH57xBLE.a(att.o)
                0x0000000000004fbe                ATT_CompareUUID
 .text.ATT_RegisterServer
                0x0000000000005020        0x6 C:\Project\CH573F\11-CH573F-BLE-UART-USB\LIB\libCH57xBLE.a(att.o)
                0x0000000000005020                ATT_RegisterServer
 .text.ATT_ParsePacket
                0x0000000000005026       0x94 C:\Project\CH573F\11-CH573F-BLE-UART-USB\LIB\libCH57xBLE.a(att.o)
                0x0000000000005026                ATT_ParsePacket
 .text.ATT_UpdateMTU
                0x00000000000050ba       0x3c C:\Project\CH573F\11-CH573F-BLE-UART-USB\LIB\libCH57xBLE.a(att.o)
                0x00000000000050ba                ATT_UpdateMTU
 .text.ATT_GetMTU
                0x00000000000050f6       0x1e C:\Project\CH573F\11-CH573F-BLE-UART-USB\LIB\libCH57xBLE.a(att.o)
                0x00000000000050f6                ATT_GetMTU
 .text.attSendMsg
                0x0000000000005114       0xb6 C:\Project\CH573F\11-CH573F-BLE-UART-USB\LIB\libCH57xBLE.a(att.o)
                0x0000000000005114                attSendMsg
 .text.attSendRspMsg
                0x00000000000051ca       0x46 C:\Project\CH573F\11-CH573F-BLE-UART-USB\LIB\libCH57xBLE.a(att.o)
                0x00000000000051ca                attSendRspMsg
 .text.ATT_ErrorRsp
                0x0000000000005210       0x10 C:\Project\CH573F\11-CH573F-BLE-UART-USB\LIB\libCH57xBLE.a(att.o)
                0x0000000000005210                ATT_ErrorRsp
 .text.disconnectNext
                0x0000000000005220       0x22 C:\Project\CH573F\11-CH573F-BLE-UART-USB\LIB\libCH57xBLE.a(gap.o)
 .text.GAP_ParamInit
                0x0000000000005242       0x80 C:\Project\CH573F\11-CH573F-BLE-UART-USB\LIB\libCH57xBLE.a(gap.o)
                0x0000000000005242                GAP_ParamInit
 .text.sendTerminateEvent
                0x00000000000052c2       0x58 C:\Project\CH573F\11-CH573F-BLE-UART-USB\LIB\libCH57xBLE.a(gap.o)
                0x00000000000052c2                sendTerminateEvent
 .text.gapRegisterCentral
                0x000000000000531a        0x6 C:\Project\CH573F\11-CH573F-BLE-UART-USB\LIB\libCH57xBLE.a(gap.o)
                0x000000000000531a                gapRegisterCentral
 .text.gapRegisterCentralConn
                0x0000000000005320        0x6 C:\Project\CH573F\11-CH573F-BLE-UART-USB\LIB\libCH57xBLE.a(gap.o)
                0x0000000000005320                gapRegisterCentralConn
 .text.gapRegisterPeripheral
                0x0000000000005326        0x6 C:\Project\CH573F\11-CH573F-BLE-UART-USB\LIB\libCH57xBLE.a(gap.o)
                0x0000000000005326                gapRegisterPeripheral
 .text.gapRegisterPeripheralConn
                0x000000000000532c        0x6 C:\Project\CH573F\11-CH573F-BLE-UART-USB\LIB\libCH57xBLE.a(gap.o)
                0x000000000000532c                gapRegisterPeripheralConn
 .text.smGenerateRandBuf
                0x0000000000005332       0x56 C:\Project\CH573F\11-CH573F-BLE-UART-USB\LIB\libCH57xBLE.a(gap.o)
                0x0000000000005332                smGenerateRandBuf
 .text.gapL2capConnParamUpdateReq
                0x0000000000005388       0x32 C:\Project\CH573F\11-CH573F-BLE-UART-USB\LIB\libCH57xBLE.a(gap.o)
                0x0000000000005388                gapL2capConnParamUpdateReq
 .text.gapValidADType
                0x00000000000053ba       0x16 C:\Project\CH573F\11-CH573F-BLE-UART-USB\LIB\libCH57xBLE.a(gap.o)
                0x00000000000053ba                gapValidADType
 .text.gapFindADType
                0x00000000000053d0       0x8e C:\Project\CH573F\11-CH573F-BLE-UART-USB\LIB\libCH57xBLE.a(gap.o)
                0x00000000000053d0                gapFindADType
 .text.GAP_SecParamsInit
                0x000000000000545e       0x9a C:\Project\CH573F\11-CH573F-BLE-UART-USB\LIB\libCH57xBLE.a(gap.o)
                0x000000000000545e                GAP_SecParamsInit
 .text.GAP_ParamsInit
                0x00000000000054f8       0x48 C:\Project\CH573F\11-CH573F-BLE-UART-USB\LIB\libCH57xBLE.a(gap.o)
                0x00000000000054f8                GAP_ParamsInit
 .text.gapAddAddrAdj
                0x0000000000005540       0x48 C:\Project\CH573F\11-CH573F-BLE-UART-USB\LIB\libCH57xBLE.a(gap.o)
                0x0000000000005540                gapAddAddrAdj
 .text.gapDetermineAddrType
                0x0000000000005588       0x28 C:\Project\CH573F\11-CH573F-BLE-UART-USB\LIB\libCH57xBLE.a(gap.o)
                0x0000000000005588                gapDetermineAddrType
 .text.gapFreeAuthLink
                0x00000000000055b0       0x4a C:\Project\CH573F\11-CH573F-BLE-UART-USB\LIB\libCH57xBLE.a(gap.o)
                0x00000000000055b0                gapFreeAuthLink
 .text.gapGetDevAddress
                0x00000000000055fa       0x24 C:\Project\CH573F\11-CH573F-BLE-UART-USB\LIB\libCH57xBLE.a(gap.o)
                0x00000000000055fa                gapGetDevAddress
 .text.gapGetDevAddressMode
                0x000000000000561e        0xa C:\Project\CH573F\11-CH573F-BLE-UART-USB\LIB\libCH57xBLE.a(gap.o)
                0x000000000000561e                gapGetDevAddressMode
 .text.gapGetIRK
                0x0000000000005628        0xc C:\Project\CH573F\11-CH573F-BLE-UART-USB\LIB\libCH57xBLE.a(gap.o)
                0x0000000000005628                gapGetIRK
 .text.gapGetSRK
                0x0000000000005634        0xc C:\Project\CH573F\11-CH573F-BLE-UART-USB\LIB\libCH57xBLE.a(gap.o)
                0x0000000000005634                gapGetSRK
 .text.gapGetSignCounter
                0x0000000000005640        0xe C:\Project\CH573F\11-CH573F-BLE-UART-USB\LIB\libCH57xBLE.a(gap.o)
                0x0000000000005640                gapGetSignCounter
 .text.gapIncSignCounter
                0x000000000000564e       0x28 C:\Project\CH573F\11-CH573F-BLE-UART-USB\LIB\libCH57xBLE.a(gap.o)
                0x000000000000564e                gapIncSignCounter
 .text.gapProcessConnEvt
                0x0000000000005676       0x48 C:\Project\CH573F\11-CH573F-BLE-UART-USB\LIB\libCH57xBLE.a(gap.o)
                0x0000000000005676                gapProcessConnEvt
 .text.gapProcessDisconnectCompleteEvt
                0x00000000000056be       0xa8 C:\Project\CH573F\11-CH573F-BLE-UART-USB\LIB\libCH57xBLE.a(gap.o)
                0x00000000000056be                gapProcessDisconnectCompleteEvt
 .text.sendAuthEvent
                0x0000000000005766      0x11a C:\Project\CH573F\11-CH573F-BLE-UART-USB\LIB\libCH57xBLE.a(gap.o)
                0x0000000000005766                sendAuthEvent
 .text.gapSendBondCompleteEvent
                0x0000000000005880       0x70 C:\Project\CH573F\11-CH573F-BLE-UART-USB\LIB\libCH57xBLE.a(gap.o)
                0x0000000000005880                gapSendBondCompleteEvent
 .text.gapSendPairingReqEvent
                0x00000000000058f0       0x92 C:\Project\CH573F\11-CH573F-BLE-UART-USB\LIB\libCH57xBLE.a(gap.o)
                0x00000000000058f0                gapSendPairingReqEvent
 .text.gapSendSlaveSecurityReqEvent
                0x0000000000005982       0x68 C:\Project\CH573F\11-CH573F-BLE-UART-USB\LIB\libCH57xBLE.a(gap.o)
                0x0000000000005982                gapSendSlaveSecurityReqEvent
 .text.gapSendDeviceInitDoneEvent
                0x00000000000059ea       0x88 C:\Project\CH573F\11-CH573F-BLE-UART-USB\LIB\libCH57xBLE.a(gap.o)
                0x00000000000059ea                gapSendDeviceInitDoneEvent
 .text.gapSendLinkUpdateEvent
                0x0000000000005a72       0x84 C:\Project\CH573F\11-CH573F-BLE-UART-USB\LIB\libCH57xBLE.a(gap.o)
                0x0000000000005a72                gapSendLinkUpdateEvent
 .text.gapSendEstLinkEvent
                0x0000000000005af6       0xb8 C:\Project\CH573F\11-CH573F-BLE-UART-USB\LIB\libCH57xBLE.a(gap.o)
                0x0000000000005af6                gapSendEstLinkEvent
 .text.gapProcessNewAddr
                0x0000000000005bae       0x3e C:\Project\CH573F\11-CH573F-BLE-UART-USB\LIB\libCH57xBLE.a(gap.o)
                0x0000000000005bae                gapProcessNewAddr
 .text.gapProcessRandomAddrComplete
                0x0000000000005bec       0xb6 C:\Project\CH573F\11-CH573F-BLE-UART-USB\LIB\libCH57xBLE.a(gap.o)
                0x0000000000005bec                gapProcessRandomAddrComplete
 .text.GAP_Authenticate
                0x0000000000005ca2       0xd2 C:\Project\CH573F\11-CH573F-BLE-UART-USB\LIB\libCH57xBLE.a(gap.o)
                0x0000000000005ca2                GAP_Authenticate
 .text.GAP_Bond
                0x0000000000005d74       0xa2 C:\Project\CH573F\11-CH573F-BLE-UART-USB\LIB\libCH57xBLE.a(gap.o)
                0x0000000000005d74                GAP_Bond
 .text.GAP_GetParamValue
                0x0000000000005e16       0x1e C:\Project\CH573F\11-CH573F-BLE-UART-USB\LIB\libCH57xBLE.a(gap.o)
                0x0000000000005e16                GAP_GetParamValue
 .text.GAP_PasscodeUpdate
                0x0000000000005e34       0x50 C:\Project\CH573F\11-CH573F-BLE-UART-USB\LIB\libCH57xBLE.a(gap.o)
                0x0000000000005e34                GAP_PasscodeUpdate
 .text.GAP_RegisterForMsgs
                0x0000000000005e84        0x6 C:\Project\CH573F\11-CH573F-BLE-UART-USB\LIB\libCH57xBLE.a(gap.o)
                0x0000000000005e84                GAP_RegisterForMsgs
 .text.GAP_ResolvePrivateAddr
                0x0000000000005e8a        0x4 C:\Project\CH573F\11-CH573F-BLE-UART-USB\LIB\libCH57xBLE.a(gap.o)
                0x0000000000005e8a                GAP_ResolvePrivateAddr
 .text.gapPairingCompleteCB
                0x0000000000005e8e      0x188 C:\Project\CH573F\11-CH573F-BLE-UART-USB\LIB\libCH57xBLE.a(gap.o)
                0x0000000000005e8e                gapPairingCompleteCB
 .text.gapPasskeyNeededCB
                0x0000000000006016       0x8e C:\Project\CH573F\11-CH573F-BLE-UART-USB\LIB\libCH57xBLE.a(gap.o)
                0x0000000000006016                gapPasskeyNeededCB
 .text.gapFreeEstLink
                0x00000000000060a4       0x20 C:\Project\CH573F\11-CH573F-BLE-UART-USB\LIB\libCH57xBLE.a(gap.o)
                0x00000000000060a4                gapFreeEstLink
 .text.gapUpdateConnSignCounter
                0x00000000000060c4       0x7a C:\Project\CH573F\11-CH573F-BLE-UART-USB\LIB\libCH57xBLE.a(gap.o)
                0x00000000000060c4                gapUpdateConnSignCounter
 .text.GAP_SendSlaveSecurityRequest
                0x000000000000613e       0x4c C:\Project\CH573F\11-CH573F-BLE-UART-USB\LIB\libCH57xBLE.a(gap.o)
                0x000000000000613e                GAP_SendSlaveSecurityRequest
 .text.GAP_Signable
                0x000000000000618a       0x66 C:\Project\CH573F\11-CH573F-BLE-UART-USB\LIB\libCH57xBLE.a(gap.o)
                0x000000000000618a                GAP_Signable
 .text.GAP_TerminateAuth
                0x00000000000061f0       0x2a C:\Project\CH573F\11-CH573F-BLE-UART-USB\LIB\libCH57xBLE.a(gap.o)
                0x00000000000061f0                GAP_TerminateAuth
 .text.GAP_NumActiveConnections
                0x000000000000621a        0x4 C:\Project\CH573F\11-CH573F-BLE-UART-USB\LIB\libCH57xBLE.a(gap.o)
                0x000000000000621a                GAP_NumActiveConnections
 .text.GAP_TerminateLinkReq
                0x000000000000621e       0x8e C:\Project\CH573F\11-CH573F-BLE-UART-USB\LIB\libCH57xBLE.a(gap.o)
                0x000000000000621e                GAP_TerminateLinkReq
 .text.GAP_SetParamValue
                0x00000000000062ac       0x4a C:\Project\CH573F\11-CH573F-BLE-UART-USB\LIB\libCH57xBLE.a(gap.o)
                0x00000000000062ac                GAP_SetParamValue
 .text.GAP_Init
                0x00000000000062f6       0x44 C:\Project\CH573F\11-CH573F-BLE-UART-USB\LIB\libCH57xBLE.a(gap.o)
                0x00000000000062f6                GAP_Init
 .text.GAP_ProcessEvent
                0x000000000000633a      0x578 C:\Project\CH573F\11-CH573F-BLE-UART-USB\LIB\libCH57xBLE.a(gap.o)
                0x000000000000633a                GAP_ProcessEvent
 .text.gapSendScanEnable
                0x00000000000068b2       0x1e C:\Project\CH573F\11-CH573F-BLE-UART-USB\LIB\libCH57xBLE.a(gap_central.o)
 .text.gapCentProcessConnEvt
                0x00000000000068d0      0x148 C:\Project\CH573F\11-CH573F-BLE-UART-USB\LIB\libCH57xBLE.a(gap_central.o)
                0x00000000000068d0                gapCentProcessConnEvt
 .text.gapCancelLinkReq
                0x0000000000006a18       0x38 C:\Project\CH573F\11-CH573F-BLE-UART-USB\LIB\libCH57xBLE.a(gap_central.o)
                0x0000000000006a18                gapCancelLinkReq
 .text.GAP_CentralParamInit
                0x0000000000006a50       0x4c C:\Project\CH573F\11-CH573F-BLE-UART-USB\LIB\libCH57xBLE.a(gap_central.o)
                0x0000000000006a50                GAP_CentralParamInit
 .text.gapProcessAdvertDevInfo
                0x0000000000006a9c      0x23a C:\Project\CH573F\11-CH573F-BLE-UART-USB\LIB\libCH57xBLE.a(gap_central.o)
                0x0000000000006a9c                gapProcessAdvertDevInfo
 .text.gapFreeScanRecs
                0x0000000000006cd6       0xa2 C:\Project\CH573F\11-CH573F-BLE-UART-USB\LIB\libCH57xBLE.a(gap_central.o)
                0x0000000000006cd6                gapFreeScanRecs
 .text.gapSendDevDiscEvent
                0x0000000000006d78      0x124 C:\Project\CH573F\11-CH573F-BLE-UART-USB\LIB\libCH57xBLE.a(gap_central.o)
                0x0000000000006d78                gapSendDevDiscEvent
 .text.gapSetScanParamStatus.part.2
                0x0000000000006e9c       0x40 C:\Project\CH573F\11-CH573F-BLE-UART-USB\LIB\libCH57xBLE.a(gap_central.o)
 .text.gapCentProcessHCICmdEvt
                0x0000000000006edc       0x3c C:\Project\CH573F\11-CH573F-BLE-UART-USB\LIB\libCH57xBLE.a(gap_central.o)
                0x0000000000006edc                gapCentProcessHCICmdEvt
 .text.gapProcessScanningEvt
                0x0000000000006f18      0x110 C:\Project\CH573F\11-CH573F-BLE-UART-USB\LIB\libCH57xBLE.a(gap_central.o)
                0x0000000000006f18                gapProcessScanningEvt
 .text.gapProcessScanningDirectEvt
                0x0000000000007028       0xfe C:\Project\CH573F\11-CH573F-BLE-UART-USB\LIB\libCH57xBLE.a(gap_central.o)
                0x0000000000007028                gapProcessScanningDirectEvt
 .text.GAP_CentConnRegister
                0x0000000000007126       0x12 C:\Project\CH573F\11-CH573F-BLE-UART-USB\LIB\libCH57xBLE.a(gap_central.o)
                0x0000000000007126                GAP_CentConnRegister
 .text.GAP_CentDevMgrInit
                0x0000000000007138       0x94 C:\Project\CH573F\11-CH573F-BLE-UART-USB\LIB\libCH57xBLE.a(gap_central.o)
                0x0000000000007138                GAP_CentDevMgrInit
 .text.gapFreeAdvertState
                0x00000000000071cc       0x20 C:\Project\CH573F\11-CH573F-BLE-UART-USB\LIB\libCH57xBLE.a(gap_peripheral.o)
 .text.gapPeriProcessConnEvt
                0x00000000000071ec       0xbc C:\Project\CH573F\11-CH573F-BLE-UART-USB\LIB\libCH57xBLE.a(gap_peripheral.o)
 .text.gapSetAdvParams
                0x00000000000072a8       0x7e C:\Project\CH573F\11-CH573F-BLE-UART-USB\LIB\libCH57xBLE.a(gap_peripheral.o)
 .text.GAP_PeripheralParamInit
                0x0000000000007326       0x4a C:\Project\CH573F\11-CH573F-BLE-UART-USB\LIB\libCH57xBLE.a(gap_peripheral.o)
                0x0000000000007326                GAP_PeripheralParamInit
 .text.gapSendMakeDiscEvent
                0x0000000000007370       0x50 C:\Project\CH573F\11-CH573F-BLE-UART-USB\LIB\libCH57xBLE.a(gap_peripheral.o)
                0x0000000000007370                gapSendMakeDiscEvent
 .text.gapPeriProcessHCICmdCompleteEvt
                0x00000000000073c0      0x192 C:\Project\CH573F\11-CH573F-BLE-UART-USB\LIB\libCH57xBLE.a(gap_peripheral.o)
 .text.GAP_MakeDiscoverable
                0x0000000000007552       0xf0 C:\Project\CH573F\11-CH573F-BLE-UART-USB\LIB\libCH57xBLE.a(gap_peripheral.o)
                0x0000000000007552                GAP_MakeDiscoverable
 .text.GAP_EndDiscoverable
                0x0000000000007642       0x5c C:\Project\CH573F\11-CH573F-BLE-UART-USB\LIB\libCH57xBLE.a(gap_peripheral.o)
                0x0000000000007642                GAP_EndDiscoverable
 .text.gapProcessAdvertisingEvt
                0x000000000000769e       0x90 C:\Project\CH573F\11-CH573F-BLE-UART-USB\LIB\libCH57xBLE.a(gap_peripheral.o)
 .text.GAP_UpdateAdvertisingData
                0x000000000000772e       0xb8 C:\Project\CH573F\11-CH573F-BLE-UART-USB\LIB\libCH57xBLE.a(gap_peripheral.o)
                0x000000000000772e                GAP_UpdateAdvertisingData
 .text.GAP_PeriConnRegister
                0x00000000000077e6       0x2a C:\Project\CH573F\11-CH573F-BLE-UART-USB\LIB\libCH57xBLE.a(gap_peripheral.o)
                0x00000000000077e6                GAP_PeriConnRegister
 .text.GAP_PeriDevMgrInit
                0x0000000000007810       0xbc C:\Project\CH573F\11-CH573F-BLE-UART-USB\LIB\libCH57xBLE.a(gap_peripheral.o)
                0x0000000000007810                GAP_PeriDevMgrInit
 .text.ggs_SetAttrWPermit
                0x00000000000078cc       0x68 C:\Project\CH573F\11-CH573F-BLE-UART-USB\LIB\libCH57xBLE.a(gapgattserver.o)
 .text.ggs_ReadAttrCB
                0x0000000000007934      0x152 C:\Project\CH573F\11-CH573F-BLE-UART-USB\LIB\libCH57xBLE.a(gapgattserver.o)
 .text.ggs_WriteAttrCB
                0x0000000000007a86      0x154 C:\Project\CH573F\11-CH573F-BLE-UART-USB\LIB\libCH57xBLE.a(gapgattserver.o)
 .text.GGS_ParamInit
                0x0000000000007bda      0x23a C:\Project\CH573F\11-CH573F-BLE-UART-USB\LIB\libCH57xBLE.a(gapgattserver.o)
                0x0000000000007bda                GGS_ParamInit
 .text.GGS_SetParameter
                0x0000000000007e14       0xde C:\Project\CH573F\11-CH573F-BLE-UART-USB\LIB\libCH57xBLE.a(gapgattserver.o)
                0x0000000000007e14                GGS_SetParameter
 .text.GGS_AddService
                0x0000000000007ef2       0x2c C:\Project\CH573F\11-CH573F-BLE-UART-USB\LIB\libCH57xBLE.a(gapgattserver.o)
                0x0000000000007ef2                GGS_AddService
 .text.GAP_DeviceInit
                0x0000000000007f1e       0xd8 C:\Project\CH573F\11-CH573F-BLE-UART-USB\LIB\libCH57xBLE.a(gapgattserver.o)
                0x0000000000007f1e                GAP_DeviceInit
 .text.gattGetPayload
                0x0000000000007ff6       0x7e C:\Project\CH573F\11-CH573F-BLE-UART-USB\LIB\libCH57xBLE.a(gatt.o)
                0x0000000000007ff6                gattGetPayload
 .text.gattNotifyEvent
                0x0000000000008074       0x80 C:\Project\CH573F\11-CH573F-BLE-UART-USB\LIB\libCH57xBLE.a(gatt.o)
                0x0000000000008074                gattNotifyEvent
 .text.gattSendFlowCtrlEvt
                0x00000000000080f4       0x4a C:\Project\CH573F\11-CH573F-BLE-UART-USB\LIB\libCH57xBLE.a(gatt.o)
                0x00000000000080f4                gattSendFlowCtrlEvt
 .text.gattStartTimer
                0x000000000000813e        0xc C:\Project\CH573F\11-CH573F-BLE-UART-USB\LIB\libCH57xBLE.a(gatt.o)
                0x000000000000813e                gattStartTimer
 .text.gattStopTimer
                0x000000000000814a       0x32 C:\Project\CH573F\11-CH573F-BLE-UART-USB\LIB\libCH57xBLE.a(gatt.o)
                0x000000000000814a                gattStopTimer
 .text.GATT_AppCompletedMsg
                0x000000000000817c       0x30 C:\Project\CH573F\11-CH573F-BLE-UART-USB\LIB\libCH57xBLE.a(gatt.o)
                0x000000000000817c                GATT_AppCompletedMsg
 .text.GATT_NotifyEvent
                0x00000000000081ac       0x4e C:\Project\CH573F\11-CH573F-BLE-UART-USB\LIB\libCH57xBLE.a(gatt.o)
                0x00000000000081ac                GATT_NotifyEvent
 .text.gattRegisterServer
                0x00000000000081fa        0x6 C:\Project\CH573F\11-CH573F-BLE-UART-USB\LIB\libCH57xBLE.a(gatt.o)
                0x00000000000081fa                gattRegisterServer
 .text.GATT_UpdateMTU
                0x0000000000008200       0x5c C:\Project\CH573F\11-CH573F-BLE-UART-USB\LIB\libCH57xBLE.a(gatt.o)
                0x0000000000008200                GATT_UpdateMTU
 .text.GATT_bm_alloc
                0x000000000000825c       0xea C:\Project\CH573F\11-CH573F-BLE-UART-USB\LIB\libCH57xBLE.a(gatt.o)
                0x000000000000825c                GATT_bm_alloc
 .text.GATT_ServiceChangedInd
                0x0000000000008346       0x94 C:\Project\CH573F\11-CH573F-BLE-UART-USB\LIB\libCH57xBLE.a(gatt.o)
                0x0000000000008346                GATT_ServiceChangedInd
 .text.GATT_bm_free
                0x00000000000083da       0x1c C:\Project\CH573F\11-CH573F-BLE-UART-USB\LIB\libCH57xBLE.a(gatt.o)
                0x00000000000083da                GATT_bm_free
 .text.GATT_RegisterForPeriMsgs
                0x00000000000083f6        0x6 C:\Project\CH573F\11-CH573F-BLE-UART-USB\LIB\libCH57xBLE.a(gatt.o)
                0x00000000000083f6                GATT_RegisterForPeriMsgs
 .text.GATT_Init
                0x00000000000083fc       0x30 C:\Project\CH573F\11-CH573F-BLE-UART-USB\LIB\libCH57xBLE.a(gatt.o)
                0x00000000000083fc                GATT_Init
 .text.GATT_ProcessEvent
                0x000000000000842c      0x136 C:\Project\CH573F\11-CH573F-BLE-UART-USB\LIB\libCH57xBLE.a(gatt.o)
                0x000000000000842c                GATT_ProcessEvent
 .text.gattProcessExchangeMTUReq
                0x0000000000008562        0x4 C:\Project\CH573F\11-CH573F-BLE-UART-USB\LIB\libCH57xBLE.a(gattservapp.o)
 .text.gattServApp_FindCharCfgItem
                0x0000000000008566       0x20 C:\Project\CH573F\11-CH573F-BLE-UART-USB\LIB\libCH57xBLE.a(gattservapp.o)
 .text.gattServerHandleTimerCB
                0x0000000000008586       0x3c C:\Project\CH573F\11-CH573F-BLE-UART-USB\LIB\libCH57xBLE.a(gattservapp.o)
 .text.GATTServApp_InitCharCfg.part.12
                0x00000000000085c2       0x1c C:\Project\CH573F\11-CH573F-BLE-UART-USB\LIB\libCH57xBLE.a(gattservapp.o)
 .text.gattProcessExecuteWriteReq
                0x00000000000085de        0x4 C:\Project\CH573F\11-CH573F-BLE-UART-USB\LIB\libCH57xBLE.a(gattservapp.o)
 .text.GATTServApp_ParamInit
                0x00000000000085e2       0xd6 C:\Project\CH573F\11-CH573F-BLE-UART-USB\LIB\libCH57xBLE.a(gattservapp.o)
                0x00000000000085e2                GATTServApp_ParamInit
 .text.GATTServApp_ReadCharCfg
                0x00000000000086b8       0x18 C:\Project\CH573F\11-CH573F-BLE-UART-USB\LIB\libCH57xBLE.a(gattservapp.o)
                0x00000000000086b8                GATTServApp_ReadCharCfg
 .text.GATTServApp_WriteCharCfg
                0x00000000000086d0       0x3c C:\Project\CH573F\11-CH573F-BLE-UART-USB\LIB\libCH57xBLE.a(gattservapp.o)
                0x00000000000086d0                GATTServApp_WriteCharCfg
 .text.GATTServApp_ProcessCCCWriteReq
                0x000000000000870c       0x60 C:\Project\CH573F\11-CH573F-BLE-UART-USB\LIB\libCH57xBLE.a(gattservapp.o)
                0x000000000000870c                GATTServApp_ProcessCCCWriteReq
 .text.gattServApp_WriteAttrCB
                0x000000000000876c       0x34 C:\Project\CH573F\11-CH573F-BLE-UART-USB\LIB\libCH57xBLE.a(gattservapp.o)
                0x000000000000876c                gattServApp_WriteAttrCB
 .text.GATTServApp_SendCCCUpdatedEvent
                0x00000000000087a0       0x5e C:\Project\CH573F\11-CH573F-BLE-UART-USB\LIB\libCH57xBLE.a(gattservapp.o)
                0x00000000000087a0                GATTServApp_SendCCCUpdatedEvent
 .text.GATTServApp_SendServiceChangedInd
                0x00000000000087fe       0x36 C:\Project\CH573F\11-CH573F-BLE-UART-USB\LIB\libCH57xBLE.a(gattservapp.o)
                0x00000000000087fe                GATTServApp_SendServiceChangedInd
 .text.gattServApp_ClearPrepareWriteQ
                0x0000000000008834       0x4c C:\Project\CH573F\11-CH573F-BLE-UART-USB\LIB\libCH57xBLE.a(gattservapp.o)
                0x0000000000008834                gattServApp_ClearPrepareWriteQ
 .text.gattServApp_FindPrepareWriteQ
                0x0000000000008880       0x2c C:\Project\CH573F\11-CH573F-BLE-UART-USB\LIB\libCH57xBLE.a(gattservapp.o)
                0x0000000000008880                gattServApp_FindPrepareWriteQ
 .text.gattServApp_FindServiceCBs
                0x00000000000088ac       0x18 C:\Project\CH573F\11-CH573F-BLE-UART-USB\LIB\libCH57xBLE.a(gattservapp.o)
                0x00000000000088ac                gattServApp_FindServiceCBs
 .text.gattServApp_FindAuthorizeAttrCB
                0x00000000000088c4       0x16 C:\Project\CH573F\11-CH573F-BLE-UART-USB\LIB\libCH57xBLE.a(gattservapp.o)
                0x00000000000088c4                gattServApp_FindAuthorizeAttrCB
 .text.gattServApp_IsWriteLong
                0x00000000000088da       0xe6 C:\Project\CH573F\11-CH573F-BLE-UART-USB\LIB\libCH57xBLE.a(gattservapp.o)
                0x00000000000088da                gattServApp_IsWriteLong
 .text.gattFindService
                0x00000000000089c0       0x1c C:\Project\CH573F\11-CH573F-BLE-UART-USB\LIB\libCH57xBLE.a(gattservapp.o)
                0x00000000000089c0                gattFindService
 .text.GATT_ServiceNumAttrs
                0x00000000000089dc       0x18 C:\Project\CH573F\11-CH573F-BLE-UART-USB\LIB\libCH57xBLE.a(gattservapp.o)
                0x00000000000089dc                GATT_ServiceNumAttrs
 .text.GATT_ServiceEncKeySize
                0x00000000000089f4       0x18 C:\Project\CH573F\11-CH573F-BLE-UART-USB\LIB\libCH57xBLE.a(gattservapp.o)
                0x00000000000089f4                GATT_ServiceEncKeySize
 .text.GATT_VerifyWritePermissions.part.7
                0x0000000000008a0c       0x2e C:\Project\CH573F\11-CH573F-BLE-UART-USB\LIB\libCH57xBLE.a(gattservapp.o)
 .text.gattResetServerInfo
                0x0000000000008a3a       0x1c C:\Project\CH573F\11-CH573F-BLE-UART-USB\LIB\libCH57xBLE.a(gattservapp.o)
                0x0000000000008a3a                gattResetServerInfo
 .text.gattFindServerInfo
                0x0000000000008a56       0x28 C:\Project\CH573F\11-CH573F-BLE-UART-USB\LIB\libCH57xBLE.a(gattservapp.o)
                0x0000000000008a56                gattFindServerInfo
 .text.gattServerHandleConnStatusCB
                0x0000000000008a7e       0x98 C:\Project\CH573F\11-CH573F-BLE-UART-USB\LIB\libCH57xBLE.a(gattservapp.o)
                0x0000000000008a7e                gattServerHandleConnStatusCB
 .text.gattServerProcessMsgCB
                0x0000000000008b16      0x1c0 C:\Project\CH573F\11-CH573F-BLE-UART-USB\LIB\libCH57xBLE.a(gattservapp.o)
                0x0000000000008b16                gattServerProcessMsgCB
 .text.gattServerNotifyTxCB
                0x0000000000008cd6       0x28 C:\Project\CH573F\11-CH573F-BLE-UART-USB\LIB\libCH57xBLE.a(gattservapp.o)
 .text.GATT_FindHandle
                0x0000000000008cfe       0x4a C:\Project\CH573F\11-CH573F-BLE-UART-USB\LIB\libCH57xBLE.a(gattservapp.o)
                0x0000000000008cfe                GATT_FindHandle
 .text.GATTServApp_WriteAttr
                0x0000000000008d48       0xa8 C:\Project\CH573F\11-CH573F-BLE-UART-USB\LIB\libCH57xBLE.a(gattservapp.o)
                0x0000000000008d48                GATTServApp_WriteAttr
 .text.gattServApp_ProcessExecuteWriteReq
                0x0000000000008df0      0x100 C:\Project\CH573F\11-CH573F-BLE-UART-USB\LIB\libCH57xBLE.a(gattservapp.o)
                0x0000000000008df0                gattServApp_ProcessExecuteWriteReq
 .text.GATTServApp_UpdateCharCfg
                0x0000000000008ef0       0x1e C:\Project\CH573F\11-CH573F-BLE-UART-USB\LIB\libCH57xBLE.a(gattservapp.o)
                0x0000000000008ef0                GATTServApp_UpdateCharCfg
 .text.gattServApp_ProcessPrepareWriteReq
                0x0000000000008f0e      0x10e C:\Project\CH573F\11-CH573F-BLE-UART-USB\LIB\libCH57xBLE.a(gattservapp.o)
                0x0000000000008f0e                gattServApp_ProcessPrepareWriteReq
 .text.gattServApp_ProcessWriteReq
                0x000000000000901c       0xb0 C:\Project\CH573F\11-CH573F-BLE-UART-USB\LIB\libCH57xBLE.a(gattservapp.o)
                0x000000000000901c                gattServApp_ProcessWriteReq
 .text.GATT_Indication
                0x00000000000090cc       0xa4 C:\Project\CH573F\11-CH573F-BLE-UART-USB\LIB\libCH57xBLE.a(gattservapp.o)
                0x00000000000090cc                GATT_Indication
 .text.GATT_FindHandleUUID
                0x0000000000009170       0x94 C:\Project\CH573F\11-CH573F-BLE-UART-USB\LIB\libCH57xBLE.a(gattservapp.o)
                0x0000000000009170                GATT_FindHandleUUID
 .text.gattProcessReadByGrpTypeReq
                0x0000000000009204       0x60 C:\Project\CH573F\11-CH573F-BLE-UART-USB\LIB\libCH57xBLE.a(gattservapp.o)
 .text.gattProcessReadByTypeReq
                0x0000000000009264       0x34 C:\Project\CH573F\11-CH573F-BLE-UART-USB\LIB\libCH57xBLE.a(gattservapp.o)
 .text.gattProcessFindByTypeValueReq
                0x0000000000009298       0x34 C:\Project\CH573F\11-CH573F-BLE-UART-USB\LIB\libCH57xBLE.a(gattservapp.o)
 .text.gattProcessFindInfoReq
                0x00000000000092cc      0x1aa C:\Project\CH573F\11-CH573F-BLE-UART-USB\LIB\libCH57xBLE.a(gattservapp.o)
 .text.GATT_Notification
                0x0000000000009476       0x70 C:\Project\CH573F\11-CH573F-BLE-UART-USB\LIB\libCH57xBLE.a(gattservapp.o)
                0x0000000000009476                GATT_Notification
 .text.GATT_VerifyWritePermissions
                0x00000000000094e6       0x6a C:\Project\CH573F\11-CH573F-BLE-UART-USB\LIB\libCH57xBLE.a(gattservapp.o)
                0x00000000000094e6                GATT_VerifyWritePermissions
 .text.gattProcessWriteReq
                0x0000000000009550       0x36 C:\Project\CH573F\11-CH573F-BLE-UART-USB\LIB\libCH57xBLE.a(gattservapp.o)
 .text.GATT_VerifyPrepareWritePermissions
                0x0000000000009586       0x56 C:\Project\CH573F\11-CH573F-BLE-UART-USB\LIB\libCH57xBLE.a(gattservapp.o)
                0x0000000000009586                GATT_VerifyPrepareWritePermissions
 .text.gattProcessPrepareWriteReq
                0x00000000000095dc       0x36 C:\Project\CH573F\11-CH573F-BLE-UART-USB\LIB\libCH57xBLE.a(gattservapp.o)
 .text.GATT_FindNextAttr
                0x0000000000009612       0xc2 C:\Project\CH573F\11-CH573F-BLE-UART-USB\LIB\libCH57xBLE.a(gattservapp.o)
                0x0000000000009612                GATT_FindNextAttr
 .text.GATTServApp_ReadAttr
                0x00000000000096d4      0x2e2 C:\Project\CH573F\11-CH573F-BLE-UART-USB\LIB\libCH57xBLE.a(gattservapp.o)
                0x00000000000096d4                GATTServApp_ReadAttr
 .text.gattServApp_ProcessReadMultiReq
                0x00000000000099b6      0x16e C:\Project\CH573F\11-CH573F-BLE-UART-USB\LIB\libCH57xBLE.a(gattservapp.o)
                0x00000000000099b6                gattServApp_ProcessReadMultiReq
 .text.gattServApp_ProcessFindByTypeValueReq
                0x0000000000009b24      0x19c C:\Project\CH573F\11-CH573F-BLE-UART-USB\LIB\libCH57xBLE.a(gattservapp.o)
                0x0000000000009b24                gattServApp_ProcessFindByTypeValueReq
 .text.GATT_VerifyReadPermissions
                0x0000000000009cc0       0x68 C:\Project\CH573F\11-CH573F-BLE-UART-USB\LIB\libCH57xBLE.a(gattservapp.o)
                0x0000000000009cc0                GATT_VerifyReadPermissions
 .text.gattProcessReadMultiReq
                0x0000000000009d28       0xae C:\Project\CH573F\11-CH573F-BLE-UART-USB\LIB\libCH57xBLE.a(gattservapp.o)
 .text.gattProcessReadReq
                0x0000000000009dd6       0x30 C:\Project\CH573F\11-CH573F-BLE-UART-USB\LIB\libCH57xBLE.a(gattservapp.o)
 .text.gattServApp_ProcessReadByGrpTypeReq
                0x0000000000009e06      0x21c C:\Project\CH573F\11-CH573F-BLE-UART-USB\LIB\libCH57xBLE.a(gattservapp.o)
                0x0000000000009e06                gattServApp_ProcessReadByGrpTypeReq
 .text.gattServApp_ProcessReadByTypeReq
                0x000000000000a022      0x1ae C:\Project\CH573F\11-CH573F-BLE-UART-USB\LIB\libCH57xBLE.a(gattservapp.o)
                0x000000000000a022                gattServApp_ProcessReadByTypeReq
 .text.GATT_RegisterService
                0x000000000000a1d0       0xfc C:\Project\CH573F\11-CH573F-BLE-UART-USB\LIB\libCH57xBLE.a(gattservapp.o)
                0x000000000000a1d0                GATT_RegisterService
 .text.GATTServApp_RegisterService
                0x000000000000a2cc       0x8a C:\Project\CH573F\11-CH573F-BLE-UART-USB\LIB\libCH57xBLE.a(gattservapp.o)
                0x000000000000a2cc                GATTServApp_RegisterService
 .text.GATTServApp_AddService
                0x000000000000a356       0x2c C:\Project\CH573F\11-CH573F-BLE-UART-USB\LIB\libCH57xBLE.a(gattservapp.o)
                0x000000000000a356                GATTServApp_AddService
 .text.GATTServApp_RegisterForMsg
                0x000000000000a382        0x6 C:\Project\CH573F\11-CH573F-BLE-UART-USB\LIB\libCH57xBLE.a(gattservapp.o)
                0x000000000000a382                GATTServApp_RegisterForMsg
 .text.GATTServApp_InitCharCfg
                0x000000000000a388       0x28 C:\Project\CH573F\11-CH573F-BLE-UART-USB\LIB\libCH57xBLE.a(gattservapp.o)
                0x000000000000a388                GATTServApp_InitCharCfg
 .text.gattServApp_HandleConnStatusCB
                0x000000000000a3b0       0x74 C:\Project\CH573F\11-CH573F-BLE-UART-USB\LIB\libCH57xBLE.a(gattservapp.o)
                0x000000000000a3b0                gattServApp_HandleConnStatusCB
 .text.GATT_InitServer
                0x000000000000a424       0xf6 C:\Project\CH573F\11-CH573F-BLE-UART-USB\LIB\libCH57xBLE.a(gattservapp.o)
                0x000000000000a424                GATT_InitServer
 .text.GATTServApp_Init
                0x000000000000a51a       0x34 C:\Project\CH573F\11-CH573F-BLE-UART-USB\LIB\libCH57xBLE.a(gattservapp.o)
                0x000000000000a51a                GATTServApp_Init
 .text.GATTServApp_ProcessEvent
                0x000000000000a54e      0x366 C:\Project\CH573F\11-CH573F-BLE-UART-USB\LIB\libCH57xBLE.a(gattservapp.o)
                0x000000000000a54e                GATTServApp_ProcessEvent
 .text.l2capAllocConnChannel
                0x000000000000a8b4       0xd8 C:\Project\CH573F\11-CH573F-BLE-UART-USB\LIB\libCH57xBLE.a(l2cap.o)
                0x000000000000a8b4                l2capAllocConnChannel
 .text.l2capFindLocalCID
                0x000000000000a98c       0x2c C:\Project\CH573F\11-CH573F-BLE-UART-USB\LIB\libCH57xBLE.a(l2cap.o)
                0x000000000000a98c                l2capFindLocalCID
 .text.l2capFindLocalId
                0x000000000000a9b8       0x30 C:\Project\CH573F\11-CH573F-BLE-UART-USB\LIB\libCH57xBLE.a(l2cap.o)
                0x000000000000a9b8                l2capFindLocalId
 .text.l2capFindPsm
                0x000000000000a9e8       0x2c C:\Project\CH573F\11-CH573F-BLE-UART-USB\LIB\libCH57xBLE.a(l2cap.o)
                0x000000000000a9e8                l2capFindPsm
 .text.l2capFindRemoteCID
                0x000000000000aa14       0x3c C:\Project\CH573F\11-CH573F-BLE-UART-USB\LIB\libCH57xBLE.a(l2cap.o)
                0x000000000000aa14                l2capFindRemoteCID
 .text.l2capFreeChannel
                0x000000000000aa50       0x4a C:\Project\CH573F\11-CH573F-BLE-UART-USB\LIB\libCH57xBLE.a(l2cap.o)
                0x000000000000aa50                l2capFreeChannel
 .text.l2capDisconnectChannel
                0x000000000000aa9a       0x28 C:\Project\CH573F\11-CH573F-BLE-UART-USB\LIB\libCH57xBLE.a(l2cap.o)
                0x000000000000aa9a                l2capDisconnectChannel
 .text.l2capHandleTimerCB
                0x000000000000aac2       0x2c C:\Project\CH573F\11-CH573F-BLE-UART-USB\LIB\libCH57xBLE.a(l2cap.o)
                0x000000000000aac2                l2capHandleTimerCB
 .text.l2capFreePendingPkt
                0x000000000000aaee       0x58 C:\Project\CH573F\11-CH573F-BLE-UART-USB\LIB\libCH57xBLE.a(l2cap.o)
                0x000000000000aaee                l2capFreePendingPkt
 .text.l2capGetCoChannelInfo
                0x000000000000ab46       0x7e C:\Project\CH573F\11-CH573F-BLE-UART-USB\LIB\libCH57xBLE.a(l2cap.o)
                0x000000000000ab46                l2capGetCoChannelInfo
 .text.l2capNumActiveChannnels
                0x000000000000abc4       0x44 C:\Project\CH573F\11-CH573F-BLE-UART-USB\LIB\libCH57xBLE.a(l2cap.o)
                0x000000000000abc4                l2capNumActiveChannnels
 .text.l2capStartTimer
                0x000000000000ac08       0x1a C:\Project\CH573F\11-CH573F-BLE-UART-USB\LIB\libCH57xBLE.a(l2cap.o)
                0x000000000000ac08                l2capStartTimer
 .text.l2capStopTimer
                0x000000000000ac22       0x1e C:\Project\CH573F\11-CH573F-BLE-UART-USB\LIB\libCH57xBLE.a(l2cap.o)
                0x000000000000ac22                l2capStopTimer
 .text.l2capDisconnectAllChannels
                0x000000000000ac40       0xdc C:\Project\CH573F\11-CH573F-BLE-UART-USB\LIB\libCH57xBLE.a(l2cap.o)
                0x000000000000ac40                l2capDisconnectAllChannels
 .text.l2capHandleConnStatusCB
                0x000000000000ad1c       0x3c C:\Project\CH573F\11-CH573F-BLE-UART-USB\LIB\libCH57xBLE.a(l2cap.o)
                0x000000000000ad1c                l2capHandleConnStatusCB
 .text.l2capHandleRxError
                0x000000000000ad58        0x6 C:\Project\CH573F\11-CH573F-BLE-UART-USB\LIB\libCH57xBLE.a(l2cap.o)
                0x000000000000ad58                l2capHandleRxError
 .text.L2CAP_GetMTU
                0x000000000000ad5e        0x6 C:\Project\CH573F\11-CH573F-BLE-UART-USB\LIB\libCH57xBLE.a(l2cap.o)
                0x000000000000ad5e                L2CAP_GetMTU
 .text.L2CAP_HostNumCompletedPkts
                0x000000000000ad64       0x28 C:\Project\CH573F\11-CH573F-BLE-UART-USB\LIB\libCH57xBLE.a(l2cap.o)
                0x000000000000ad64                L2CAP_HostNumCompletedPkts
 .text.L2CAP_ParseConnectReq
                0x000000000000ad8c       0x5e C:\Project\CH573F\11-CH573F-BLE-UART-USB\LIB\libCH57xBLE.a(l2cap.o)
                0x000000000000ad8c                L2CAP_ParseConnectReq
 .text.L2CAP_ParseFlowCtrlCredit
                0x000000000000adea       0x2e C:\Project\CH573F\11-CH573F-BLE-UART-USB\LIB\libCH57xBLE.a(l2cap.o)
                0x000000000000adea                L2CAP_ParseFlowCtrlCredit
 .text.L2CAP_RegisterApp
                0x000000000000ae18       0x30 C:\Project\CH573F\11-CH573F-BLE-UART-USB\LIB\libCH57xBLE.a(l2cap.o)
                0x000000000000ae18                L2CAP_RegisterApp
 .text.L2CAP_SetBufSize
                0x000000000000ae48       0x1e C:\Project\CH573F\11-CH573F-BLE-UART-USB\LIB\libCH57xBLE.a(l2cap.o)
                0x000000000000ae48                L2CAP_SetBufSize
 .text.L2CAP_bm_alloc
                0x000000000000ae66       0x30 C:\Project\CH573F\11-CH573F-BLE-UART-USB\LIB\libCH57xBLE.a(l2cap.o)
                0x000000000000ae66                L2CAP_bm_alloc
 .text.L2CAP_Init
                0x000000000000ae96       0xf0 C:\Project\CH573F\11-CH573F-BLE-UART-USB\LIB\libCH57xBLE.a(l2cap.o)
                0x000000000000ae96                L2CAP_Init
 .text.L2CAP_ProcessEvent
                0x000000000000af86       0xc8 C:\Project\CH573F\11-CH573F-BLE-UART-USB\LIB\libCH57xBLE.a(l2cap.o)
                0x000000000000af86                L2CAP_ProcessEvent
 .text.l2capParseCmdReject
                0x000000000000b04e       0x5e C:\Project\CH573F\11-CH573F-BLE-UART-USB\LIB\libCH57xBLE.a(l2cap_input.o)
                0x000000000000b04e                l2capParseCmdReject
 .text.l2capParseDisconnectReq
                0x000000000000b0ac       0x2e C:\Project\CH573F\11-CH573F-BLE-UART-USB\LIB\libCH57xBLE.a(l2cap_input.o)
                0x000000000000b0ac                l2capParseDisconnectReq
 .text.l2capParseDisconnectRsp
                0x000000000000b0da       0x2e C:\Project\CH573F\11-CH573F-BLE-UART-USB\LIB\libCH57xBLE.a(l2cap_input.o)
                0x000000000000b0da                l2capParseDisconnectRsp
 .text.L2CAP_ParseParamUpdateReq
                0x000000000000b108       0x4e C:\Project\CH573F\11-CH573F-BLE-UART-USB\LIB\libCH57xBLE.a(l2cap_input.o)
                0x000000000000b108                L2CAP_ParseParamUpdateReq
 .text.l2capParseParamUpdateRsp
                0x000000000000b156       0x1e C:\Project\CH573F\11-CH573F-BLE-UART-USB\LIB\libCH57xBLE.a(l2cap_input.o)
                0x000000000000b156                l2capParseParamUpdateRsp
 .text.l2capProcessConnectReq
                0x000000000000b174       0xfc C:\Project\CH573F\11-CH573F-BLE-UART-USB\LIB\libCH57xBLE.a(l2cap_input.o)
                0x000000000000b174                l2capProcessConnectReq
 .text.l2capParseConnectRsp
                0x000000000000b270       0x5e C:\Project\CH573F\11-CH573F-BLE-UART-USB\LIB\libCH57xBLE.a(l2cap_input.o)
                0x000000000000b270                l2capParseConnectRsp
 .text.l2capParseSignalHdr
                0x000000000000b2ce       0x22 C:\Project\CH573F\11-CH573F-BLE-UART-USB\LIB\libCH57xBLE.a(l2cap_input.o)
                0x000000000000b2ce                l2capParseSignalHdr
 .text.l2capParsePacket
                0x000000000000b2f0       0x8c C:\Project\CH573F\11-CH573F-BLE-UART-USB\LIB\libCH57xBLE.a(l2cap_input.o)
                0x000000000000b2f0                l2capParsePacket
 .text.l2capProcessReq
                0x000000000000b37c      0x15a C:\Project\CH573F\11-CH573F-BLE-UART-USB\LIB\libCH57xBLE.a(l2cap_input.o)
                0x000000000000b37c                l2capProcessReq
 .text.l2capProcessRsp
                0x000000000000b4d6      0x150 C:\Project\CH573F\11-CH573F-BLE-UART-USB\LIB\libCH57xBLE.a(l2cap_input.o)
                0x000000000000b4d6                l2capProcessRsp
 .text.l2capProcessRxData
                0x000000000000b626       0xf8 C:\Project\CH573F\11-CH573F-BLE-UART-USB\LIB\libCH57xBLE.a(l2cap_input.o)
                0x000000000000b626                l2capProcessRxData
 .text.l2capNotifyData
                0x000000000000b71e       0x5a C:\Project\CH573F\11-CH573F-BLE-UART-USB\LIB\libCH57xBLE.a(l2cap_output.o)
                0x000000000000b71e                l2capNotifyData
 .text.l2capNotifySignal
                0x000000000000b778       0x76 C:\Project\CH573F\11-CH573F-BLE-UART-USB\LIB\libCH57xBLE.a(l2cap_output.o)
                0x000000000000b778                l2capNotifySignal
 .text.l2capNotifyCreditEvt
                0x000000000000b7ee       0x9c C:\Project\CH573F\11-CH573F-BLE-UART-USB\LIB\libCH57xBLE.a(l2cap_output.o)
                0x000000000000b7ee                l2capNotifyCreditEvt
 .text.l2capNotifyChannelEstEvt
                0x000000000000b88a       0x58 C:\Project\CH573F\11-CH573F-BLE-UART-USB\LIB\libCH57xBLE.a(l2cap_output.o)
                0x000000000000b88a                l2capNotifyChannelEstEvt
 .text.l2capNotifyChannelTermEvt
                0x000000000000b8e2       0x3e C:\Project\CH573F\11-CH573F-BLE-UART-USB\LIB\libCH57xBLE.a(l2cap_output.o)
                0x000000000000b8e2                l2capNotifyChannelTermEvt
 .text.l2capNotifyEvent
                0x000000000000b920       0x66 C:\Project\CH573F\11-CH573F-BLE-UART-USB\LIB\libCH57xBLE.a(l2cap_output.o)
                0x000000000000b920                l2capNotifyEvent
 .text.l2capStoreFCPkt
                0x000000000000b986       0x32 C:\Project\CH573F\11-CH573F-BLE-UART-USB\LIB\libCH57xBLE.a(l2cap_output.o)
                0x000000000000b986                l2capStoreFCPkt
 .text.l2capFreeTxSDU
                0x000000000000b9b8       0x9a C:\Project\CH573F\11-CH573F-BLE-UART-USB\LIB\libCH57xBLE.a(l2cap_output.o)
                0x000000000000b9b8                l2capFreeTxSDU
 .text.l2capReassembleSegment
                0x000000000000ba52      0x174 C:\Project\CH573F\11-CH573F-BLE-UART-USB\LIB\libCH57xBLE.a(l2cap_output.o)
                0x000000000000ba52                l2capReassembleSegment
 .text.l2capEncapSendData
                0x000000000000bbc6       0xec C:\Project\CH573F\11-CH573F-BLE-UART-USB\LIB\libCH57xBLE.a(l2cap_output.o)
                0x000000000000bbc6                l2capEncapSendData
 .text.l2capSendFCPkt.part.3
                0x000000000000bcb2       0x70 C:\Project\CH573F\11-CH573F-BLE-UART-USB\LIB\libCH57xBLE.a(l2cap_output.o)
 .text.l2capSendSegment
                0x000000000000bd22      0x108 C:\Project\CH573F\11-CH573F-BLE-UART-USB\LIB\libCH57xBLE.a(l2cap_output.o)
                0x000000000000bd22                l2capSendSegment
 .text.l2capSendNextSegment
                0x000000000000be2a       0xb4 C:\Project\CH573F\11-CH573F-BLE-UART-USB\LIB\libCH57xBLE.a(l2cap_output.o)
                0x000000000000be2a                l2capSendNextSegment
 .text.l2capSendPkt
                0x000000000000bede       0x3a C:\Project\CH573F\11-CH573F-BLE-UART-USB\LIB\libCH57xBLE.a(l2cap_output.o)
                0x000000000000bede                l2capSendPkt
 .text.L2CAP_SendData
                0x000000000000bf18       0x82 C:\Project\CH573F\11-CH573F-BLE-UART-USB\LIB\libCH57xBLE.a(l2cap_output.o)
                0x000000000000bf18                L2CAP_SendData
 .text.l2capSendCmd
                0x000000000000bf9a       0x8a C:\Project\CH573F\11-CH573F-BLE-UART-USB\LIB\libCH57xBLE.a(l2cap_output.o)
                0x000000000000bf9a                l2capSendCmd
 .text.l2capSendReq
                0x000000000000c024       0xbc C:\Project\CH573F\11-CH573F-BLE-UART-USB\LIB\libCH57xBLE.a(l2cap_output.o)
                0x000000000000c024                l2capSendReq
 .text.l2capBuildDisconnectReq
                0x000000000000c0e0       0x28 C:\Project\CH573F\11-CH573F-BLE-UART-USB\LIB\libCH57xBLE.a(l2cap_sdu.o)
 .text.l2capBuildParamUpdateReq
                0x000000000000c108       0x4c C:\Project\CH573F\11-CH573F-BLE-UART-USB\LIB\libCH57xBLE.a(l2cap_sdu.o)
 .text.l2capBuildParamUpdateRsp
                0x000000000000c154       0x16 C:\Project\CH573F\11-CH573F-BLE-UART-USB\LIB\libCH57xBLE.a(l2cap_sdu.o)
 .text.l2capBuildConnectRsp
                0x000000000000c16a       0x5e C:\Project\CH573F\11-CH573F-BLE-UART-USB\LIB\libCH57xBLE.a(l2cap_sdu.o)
 .text.l2capBuildCmdReject
                0x000000000000c1c8       0x62 C:\Project\CH573F\11-CH573F-BLE-UART-USB\LIB\libCH57xBLE.a(l2cap_sdu.o)
                0x000000000000c1c8                l2capBuildCmdReject
 .text.l2capBuildDisconnectRsp
                0x000000000000c22a       0x28 C:\Project\CH573F\11-CH573F-BLE-UART-USB\LIB\libCH57xBLE.a(l2cap_sdu.o)
                0x000000000000c22a                l2capBuildDisconnectRsp
 .text.l2capSendConnectRsp
                0x000000000000c252       0xa2 C:\Project\CH573F\11-CH573F-BLE-UART-USB\LIB\libCH57xBLE.a(l2cap_sdu.o)
                0x000000000000c252                l2capSendConnectRsp
 .text.L2CAP_CmdReject
                0x000000000000c2f4       0x12 C:\Project\CH573F\11-CH573F-BLE-UART-USB\LIB\libCH57xBLE.a(l2cap_sdu.o)
                0x000000000000c2f4                L2CAP_CmdReject
 .text.L2CAP_DisconnectReq
                0x000000000000c306       0x2a C:\Project\CH573F\11-CH573F-BLE-UART-USB\LIB\libCH57xBLE.a(l2cap_sdu.o)
                0x000000000000c306                L2CAP_DisconnectReq
 .text.L2CAP_ConnParamUpdateReq
                0x000000000000c330       0x16 C:\Project\CH573F\11-CH573F-BLE-UART-USB\LIB\libCH57xBLE.a(l2cap_sdu.o)
                0x000000000000c330                L2CAP_ConnParamUpdateReq
 .text.L2CAP_ConnParamUpdateRsp
                0x000000000000c346       0x12 C:\Project\CH573F\11-CH573F-BLE-UART-USB\LIB\libCH57xBLE.a(l2cap_sdu.o)
                0x000000000000c346                L2CAP_ConnParamUpdateRsp
 .text.reportStatusChange
                0x000000000000c358       0x3e C:\Project\CH573F\11-CH573F-BLE-UART-USB\LIB\libCH57xBLE.a(linkdb.o)
 .text.linkDB_Init
                0x000000000000c396       0x88 C:\Project\CH573F\11-CH573F-BLE-UART-USB\LIB\libCH57xBLE.a(linkdb.o)
                0x000000000000c396                linkDB_Init
 .text.linkDB_Find
                0x000000000000c41e       0x2c C:\Project\CH573F\11-CH573F-BLE-UART-USB\LIB\libCH57xBLE.a(linkdb.o)
                0x000000000000c41e                linkDB_Find
 .text.linkDB_Authen
                0x000000000000c44a       0x5c C:\Project\CH573F\11-CH573F-BLE-UART-USB\LIB\libCH57xBLE.a(linkdb.o)
                0x000000000000c44a                linkDB_Authen
 .text.linkDB_FindByAddr
                0x000000000000c4a6       0x76 C:\Project\CH573F\11-CH573F-BLE-UART-USB\LIB\libCH57xBLE.a(linkdb.o)
                0x000000000000c4a6                linkDB_FindByAddr
 .text.linkDB_FindFirst
                0x000000000000c51c       0x38 C:\Project\CH573F\11-CH573F-BLE-UART-USB\LIB\libCH57xBLE.a(linkdb.o)
                0x000000000000c51c                linkDB_FindFirst
 .text.linkDB_MTU
                0x000000000000c554       0x18 C:\Project\CH573F\11-CH573F-BLE-UART-USB\LIB\libCH57xBLE.a(linkdb.o)
                0x000000000000c554                linkDB_MTU
 .text.linkDB_NumActive
                0x000000000000c56c       0x2e C:\Project\CH573F\11-CH573F-BLE-UART-USB\LIB\libCH57xBLE.a(linkdb.o)
                0x000000000000c56c                linkDB_NumActive
 .text.linkDB_NumConns
                0x000000000000c59a        0x6 C:\Project\CH573F\11-CH573F-BLE-UART-USB\LIB\libCH57xBLE.a(linkdb.o)
                0x000000000000c59a                linkDB_NumConns
 .text.linkDB_Register
                0x000000000000c5a0       0x28 C:\Project\CH573F\11-CH573F-BLE-UART-USB\LIB\libCH57xBLE.a(linkdb.o)
                0x000000000000c5a0                linkDB_Register
 .text.linkDB_Remove
                0x000000000000c5c8       0x48 C:\Project\CH573F\11-CH573F-BLE-UART-USB\LIB\libCH57xBLE.a(linkdb.o)
                0x000000000000c5c8                linkDB_Remove
 .text.linkDB_Role
                0x000000000000c610       0x18 C:\Project\CH573F\11-CH573F-BLE-UART-USB\LIB\libCH57xBLE.a(linkdb.o)
                0x000000000000c610                linkDB_Role
 .text.linkDB_State
                0x000000000000c628       0x30 C:\Project\CH573F\11-CH573F-BLE-UART-USB\LIB\libCH57xBLE.a(linkdb.o)
                0x000000000000c628                linkDB_State
 .text.linkDB_UpdateMTU
                0x000000000000c658       0x28 C:\Project\CH573F\11-CH573F-BLE-UART-USB\LIB\libCH57xBLE.a(linkdb.o)
                0x000000000000c658                linkDB_UpdateMTU
 .text.linkDB_PerformFunc
                0x000000000000c680       0x52 C:\Project\CH573F\11-CH573F-BLE-UART-USB\LIB\libCH57xBLE.a(linkdb.o)
                0x000000000000c680                linkDB_PerformFunc
 .text.linkDB_PeripheralLinkNum
                0x000000000000c6d2       0x3e C:\Project\CH573F\11-CH573F-BLE-UART-USB\LIB\libCH57xBLE.a(linkdb.o)
                0x000000000000c6d2                linkDB_PeripheralLinkNum
 .text.linkDB_GetSMEvtID
                0x000000000000c710       0x58 C:\Project\CH573F\11-CH573F-BLE-UART-USB\LIB\libCH57xBLE.a(linkdb.o)
                0x000000000000c710                linkDB_GetSMEvtID
 .text.linkDB_Add
                0x000000000000c768       0xb2 C:\Project\CH573F\11-CH573F-BLE-UART-USB\LIB\libCH57xBLE.a(linkdb.o)
                0x000000000000c768                linkDB_Add
 .text.linkDB_GetHandleFromSMEvtID
                0x000000000000c81a       0x32 C:\Project\CH573F\11-CH573F-BLE-UART-USB\LIB\libCH57xBLE.a(linkdb.o)
                0x000000000000c81a                linkDB_GetHandleFromSMEvtID
 .text.linkDB_GetPairingParam
                0x000000000000c84c       0x54 C:\Project\CH573F\11-CH573F-BLE-UART-USB\LIB\libCH57xBLE.a(linkdb.o)
                0x000000000000c84c                linkDB_GetPairingParam
 .text.linkDB_NeedSendKey
                0x000000000000c8a0       0x42 C:\Project\CH573F\11-CH573F-BLE-UART-USB\LIB\libCH57xBLE.a(linkdb.o)
                0x000000000000c8a0                linkDB_NeedSendKey
 .text.smpBuildPairingFailed
                0x000000000000c8e2       0x1a C:\Project\CH573F\11-CH573F-BLE-UART-USB\LIB\libCH57xBLE.a(sm.o)
                0x000000000000c8e2                smpBuildPairingFailed
 .text.SM_StartEncryption
                0x000000000000c8fc       0x98 C:\Project\CH573F\11-CH573F-BLE-UART-USB\LIB\libCH57xBLE.a(sm.o)
                0x000000000000c8fc                SM_StartEncryption
 .text.smpBuildEncInfo
                0x000000000000c994       0x30 C:\Project\CH573F\11-CH573F-BLE-UART-USB\LIB\libCH57xBLE.a(sm.o)
                0x000000000000c994                smpBuildEncInfo
 .text.smpBuildIdentityAddrInfo
                0x000000000000c9c4       0x3a C:\Project\CH573F\11-CH573F-BLE-UART-USB\LIB\libCH57xBLE.a(sm.o)
                0x000000000000c9c4                smpBuildIdentityAddrInfo
 .text.smpBuildIdentityInfo
                0x000000000000c9fe       0x30 C:\Project\CH573F\11-CH573F-BLE-UART-USB\LIB\libCH57xBLE.a(sm.o)
                0x000000000000c9fe                smpBuildIdentityInfo
 .text.smpBuildMasterID
                0x000000000000ca2e       0x44 C:\Project\CH573F\11-CH573F-BLE-UART-USB\LIB\libCH57xBLE.a(sm.o)
                0x000000000000ca2e                smpBuildMasterID
 .text.smpBuildPairingConfirm
                0x000000000000ca72       0x30 C:\Project\CH573F\11-CH573F-BLE-UART-USB\LIB\libCH57xBLE.a(sm.o)
                0x000000000000ca72                smpBuildPairingConfirm
 .text.smpBuildPairingRandom
                0x000000000000caa2       0x30 C:\Project\CH573F\11-CH573F-BLE-UART-USB\LIB\libCH57xBLE.a(sm.o)
                0x000000000000caa2                smpBuildPairingRandom
 .text.smpBuildSigningInfo
                0x000000000000cad2       0x30 C:\Project\CH573F\11-CH573F-BLE-UART-USB\LIB\libCH57xBLE.a(sm.o)
                0x000000000000cad2                smpBuildSigningInfo
 .text.SM_ParamInit
                0x000000000000cb02       0x5a C:\Project\CH573F\11-CH573F-BLE-UART-USB\LIB\libCH57xBLE.a(sm.o)
                0x000000000000cb02                SM_ParamInit
 .text.smDetermineKeySize
                0x000000000000cb5c       0x20 C:\Project\CH573F\11-CH573F-BLE-UART-USB\LIB\libCH57xBLE.a(sm.o)
                0x000000000000cb5c                smDetermineKeySize
 .text.smProcessRandComplete
                0x000000000000cb7c       0x9e C:\Project\CH573F\11-CH573F-BLE-UART-USB\LIB\libCH57xBLE.a(sm.o)
                0x000000000000cb7c                smProcessRandComplete
 .text.smSavePairInfo
                0x000000000000cc1a      0x186 C:\Project\CH573F\11-CH573F-BLE-UART-USB\LIB\libCH57xBLE.a(sm.o)
                0x000000000000cc1a                smSavePairInfo
 .text.smSetPairingReqRsp
                0x000000000000cda0       0x38 C:\Project\CH573F\11-CH573F-BLE-UART-USB\LIB\libCH57xBLE.a(sm.o)
                0x000000000000cda0                smSetPairingReqRsp
 .text.smStartEncryption
                0x000000000000cdd8       0x16 C:\Project\CH573F\11-CH573F-BLE-UART-USB\LIB\libCH57xBLE.a(sm.o)
                0x000000000000cdd8                smStartEncryption
 .text.smStartRspTimer
                0x000000000000cdee       0x36 C:\Project\CH573F\11-CH573F-BLE-UART-USB\LIB\libCH57xBLE.a(sm.o)
                0x000000000000cdee                smStartRspTimer
 .text.smSendSMMsg
                0x000000000000ce24       0x5c C:\Project\CH573F\11-CH573F-BLE-UART-USB\LIB\libCH57xBLE.a(sm.o)
                0x000000000000ce24                smSendSMMsg
 .text.smGenerateConfirm
                0x000000000000ce80       0x34 C:\Project\CH573F\11-CH573F-BLE-UART-USB\LIB\libCH57xBLE.a(sm.o)
                0x000000000000ce80                smGenerateConfirm
 .text.smGenerateRandMsg
                0x000000000000ceb4       0x34 C:\Project\CH573F\11-CH573F-BLE-UART-USB\LIB\libCH57xBLE.a(sm.o)
                0x000000000000ceb4                smGenerateRandMsg
 .text.smPairingSendEncInfo
                0x000000000000cee8       0x10 C:\Project\CH573F\11-CH573F-BLE-UART-USB\LIB\libCH57xBLE.a(sm.o)
                0x000000000000cee8                smPairingSendEncInfo
 .text.smPairingSendIdentityAddrInfo
                0x000000000000cef8       0x38 C:\Project\CH573F\11-CH573F-BLE-UART-USB\LIB\libCH57xBLE.a(sm.o)
                0x000000000000cef8                smPairingSendIdentityAddrInfo
 .text.smPairingSendIdentityInfo
                0x000000000000cf30       0x10 C:\Project\CH573F\11-CH573F-BLE-UART-USB\LIB\libCH57xBLE.a(sm.o)
                0x000000000000cf30                smPairingSendIdentityInfo
 .text.smPairingSendMasterID
                0x000000000000cf40       0x38 C:\Project\CH573F\11-CH573F-BLE-UART-USB\LIB\libCH57xBLE.a(sm.o)
                0x000000000000cf40                smPairingSendMasterID
 .text.smPairingSendSingingInfo
                0x000000000000cf78       0x10 C:\Project\CH573F\11-CH573F-BLE-UART-USB\LIB\libCH57xBLE.a(sm.o)
                0x000000000000cf78                smPairingSendSingingInfo
 .text.smInitiatorSendNextKeyInfo
                0x000000000000cf88      0x1c2 C:\Project\CH573F\11-CH573F-BLE-UART-USB\LIB\libCH57xBLE.a(sm.o)
                0x000000000000cf88                smInitiatorSendNextKeyInfo
 .text.smResponderSendNextKeyInfo
                0x000000000000d14a      0x216 C:\Project\CH573F\11-CH573F-BLE-UART-USB\LIB\libCH57xBLE.a(sm.o)
                0x000000000000d14a                smResponderSendNextKeyInfo
 .text.smGeneratePairingReqRsp
                0x000000000000d360       0x3e C:\Project\CH573F\11-CH573F-BLE-UART-USB\LIB\libCH57xBLE.a(sm.o)
                0x000000000000d360                smGeneratePairingReqRsp
 .text.smStopRspTimer
                0x000000000000d39e        0xa C:\Project\CH573F\11-CH573F-BLE-UART-USB\LIB\libCH57xBLE.a(sm.o)
                0x000000000000d39e                smStopRspTimer
 .text.smFreePairingParams
                0x000000000000d3a8       0x68 C:\Project\CH573F\11-CH573F-BLE-UART-USB\LIB\libCH57xBLE.a(sm.o)
                0x000000000000d3a8                smFreePairingParams
 .text.smEndPairing
                0x000000000000d410       0x5c C:\Project\CH573F\11-CH573F-BLE-UART-USB\LIB\libCH57xBLE.a(sm.o)
                0x000000000000d410                smEndPairing
 .text.setupInitiatorKeys
                0x000000000000d46c       0x82 C:\Project\CH573F\11-CH573F-BLE-UART-USB\LIB\libCH57xBLE.a(sm.o)
                0x000000000000d46c                setupInitiatorKeys
 .text.smNextPairingState
                0x000000000000d4ee       0x56 C:\Project\CH573F\11-CH573F-BLE-UART-USB\LIB\libCH57xBLE.a(sm.o)
                0x000000000000d4ee                smNextPairingState
 .text.smProcessEncryptChange
                0x000000000000d544       0xde C:\Project\CH573F\11-CH573F-BLE-UART-USB\LIB\libCH57xBLE.a(sm.o)
                0x000000000000d544                smProcessEncryptChange
 .text.smSendFailAndEnd
                0x000000000000d622       0x38 C:\Project\CH573F\11-CH573F-BLE-UART-USB\LIB\libCH57xBLE.a(sm.o)
                0x000000000000d622                smSendFailAndEnd
 .text.smProcessPairingReq
                0x000000000000d65a       0x3c C:\Project\CH573F\11-CH573F-BLE-UART-USB\LIB\libCH57xBLE.a(sm.o)
                0x000000000000d65a                smProcessPairingReq
 .text.smLinkCheck
                0x000000000000d696       0x34 C:\Project\CH573F\11-CH573F-BLE-UART-USB\LIB\libCH57xBLE.a(sm.o)
                0x000000000000d696                smLinkCheck
 .text.smTimedOut
                0x000000000000d6ca       0x20 C:\Project\CH573F\11-CH573F-BLE-UART-USB\LIB\libCH57xBLE.a(sm.o)
                0x000000000000d6ca                smTimedOut
 .text.smUint8ToAuthReq
                0x000000000000d6ea        0x6 C:\Project\CH573F\11-CH573F-BLE-UART-USB\LIB\libCH57xBLE.a(sm.o)
                0x000000000000d6ea                smUint8ToAuthReq
 .text.sm_ah    0x000000000000d6f0       0x80 C:\Project\CH573F\11-CH573F-BLE-UART-USB\LIB\libCH57xBLE.a(sm.o)
                0x000000000000d6f0                sm_ah
 .text.sm_xor   0x000000000000d770       0x24 C:\Project\CH573F\11-CH573F-BLE-UART-USB\LIB\libCH57xBLE.a(sm.o)
                0x000000000000d770                sm_xor
 .text.sm_c1new
                0x000000000000d794      0x11c C:\Project\CH573F\11-CH573F-BLE-UART-USB\LIB\libCH57xBLE.a(sm.o)
                0x000000000000d794                sm_c1new
 .text.sm_s1    0x000000000000d8b0       0x86 C:\Project\CH573F\11-CH573F-BLE-UART-USB\LIB\libCH57xBLE.a(sm.o)
                0x000000000000d8b0                sm_s1
 .text.smResponderProcessLTKReq
                0x000000000000d936      0x1e6 C:\Project\CH573F\11-CH573F-BLE-UART-USB\LIB\libCH57xBLE.a(sm.o)
                0x000000000000d936                smResponderProcessLTKReq
 .text.xor_128  0x000000000000db1c       0x28 C:\Project\CH573F\11-CH573F-BLE-UART-USB\LIB\libCH57xBLE.a(sm.o)
                0x000000000000db1c                xor_128
 .text.leftshift_onebit
                0x000000000000db44       0x2e C:\Project\CH573F\11-CH573F-BLE-UART-USB\LIB\libCH57xBLE.a(sm.o)
                0x000000000000db44                leftshift_onebit
 .text.padding  0x000000000000db72       0x38 C:\Project\CH573F\11-CH573F-BLE-UART-USB\LIB\libCH57xBLE.a(sm.o)
                0x000000000000db72                padding
 .text.generate_subkey
                0x000000000000dbaa       0xd0 C:\Project\CH573F\11-CH573F-BLE-UART-USB\LIB\libCH57xBLE.a(sm.o)
                0x000000000000dbaa                generate_subkey
 .text.sm_CMAC  0x000000000000dc7a      0x16e C:\Project\CH573F\11-CH573F-BLE-UART-USB\LIB\libCH57xBLE.a(sm.o)
                0x000000000000dc7a                sm_CMAC
 .text.smpBuildPairingReqRsp
                0x000000000000dde8       0xc6 C:\Project\CH573F\11-CH573F-BLE-UART-USB\LIB\libCH57xBLE.a(sm.o)
                0x000000000000dde8                smpBuildPairingReqRsp
 .text.smpBuildPairingReq
                0x000000000000deae        0xa C:\Project\CH573F\11-CH573F-BLE-UART-USB\LIB\libCH57xBLE.a(sm.o)
                0x000000000000deae                smpBuildPairingReq
 .text.smpBuildPairingRsp
                0x000000000000deb8        0xa C:\Project\CH573F\11-CH573F-BLE-UART-USB\LIB\libCH57xBLE.a(sm.o)
                0x000000000000deb8                smpBuildPairingRsp
 .text.sm_c1    0x000000000000dec2       0xb4 C:\Project\CH573F\11-CH573F-BLE-UART-USB\LIB\libCH57xBLE.a(sm.o)
                0x000000000000dec2                sm_c1